Archive member included to satisfy reference by file (symbol)

c:/st/stm32cubeide_1.4.0/stm32cubeide/plugins/com.st.stm32cube.ide.mcu.externaltools.gnu-tools-for-stm32.7-2018-q2-update.win32_1.4.0.202007081208/tools/bin/../lib/gcc/arm-none-eabi/7.3.1/../../../../arm-none-eabi/lib/thumb/v7e-m/fpv4-sp/hard\libc_nano.a(lib_a-errno.o)
                              Core/Src/syscalls.o (__errno)
c:/st/stm32cubeide_1.4.0/stm32cubeide/plugins/com.st.stm32cube.ide.mcu.externaltools.gnu-tools-for-stm32.7-2018-q2-update.win32_1.4.0.202007081208/tools/bin/../lib/gcc/arm-none-eabi/7.3.1/../../../../arm-none-eabi/lib/thumb/v7e-m/fpv4-sp/hard\libc_nano.a(lib_a-exit.o)
                              c:/st/stm32cubeide_1.4.0/stm32cubeide/plugins/com.st.stm32cube.ide.mcu.externaltools.gnu-tools-for-stm32.7-2018-q2-update.win32_1.4.0.202007081208/tools/bin/../lib/gcc/arm-none-eabi/7.3.1/../../../../arm-none-eabi/lib/thumb/v7e-m/fpv4-sp/hard/crt0.o (exit)
c:/st/stm32cubeide_1.4.0/stm32cubeide/plugins/com.st.stm32cube.ide.mcu.externaltools.gnu-tools-for-stm32.7-2018-q2-update.win32_1.4.0.202007081208/tools/bin/../lib/gcc/arm-none-eabi/7.3.1/../../../../arm-none-eabi/lib/thumb/v7e-m/fpv4-sp/hard\libc_nano.a(lib_a-impure.o)
                              c:/st/stm32cubeide_1.4.0/stm32cubeide/plugins/com.st.stm32cube.ide.mcu.externaltools.gnu-tools-for-stm32.7-2018-q2-update.win32_1.4.0.202007081208/tools/bin/../lib/gcc/arm-none-eabi/7.3.1/../../../../arm-none-eabi/lib/thumb/v7e-m/fpv4-sp/hard\libc_nano.a(lib_a-exit.o) (_global_impure_ptr)
c:/st/stm32cubeide_1.4.0/stm32cubeide/plugins/com.st.stm32cube.ide.mcu.externaltools.gnu-tools-for-stm32.7-2018-q2-update.win32_1.4.0.202007081208/tools/bin/../lib/gcc/arm-none-eabi/7.3.1/../../../../arm-none-eabi/lib/thumb/v7e-m/fpv4-sp/hard\libc_nano.a(lib_a-init.o)
                              c:/st/stm32cubeide_1.4.0/stm32cubeide/plugins/com.st.stm32cube.ide.mcu.externaltools.gnu-tools-for-stm32.7-2018-q2-update.win32_1.4.0.202007081208/tools/bin/../lib/gcc/arm-none-eabi/7.3.1/../../../../arm-none-eabi/lib/thumb/v7e-m/fpv4-sp/hard/crt0.o (__libc_init_array)
c:/st/stm32cubeide_1.4.0/stm32cubeide/plugins/com.st.stm32cube.ide.mcu.externaltools.gnu-tools-for-stm32.7-2018-q2-update.win32_1.4.0.202007081208/tools/bin/../lib/gcc/arm-none-eabi/7.3.1/../../../../arm-none-eabi/lib/thumb/v7e-m/fpv4-sp/hard\libc_nano.a(lib_a-memset.o)
                              c:/st/stm32cubeide_1.4.0/stm32cubeide/plugins/com.st.stm32cube.ide.mcu.externaltools.gnu-tools-for-stm32.7-2018-q2-update.win32_1.4.0.202007081208/tools/bin/../lib/gcc/arm-none-eabi/7.3.1/../../../../arm-none-eabi/lib/thumb/v7e-m/fpv4-sp/hard/crt0.o (memset)
c:/st/stm32cubeide_1.4.0/stm32cubeide/plugins/com.st.stm32cube.ide.mcu.externaltools.gnu-tools-for-stm32.7-2018-q2-update.win32_1.4.0.202007081208/tools/bin/../lib/gcc/arm-none-eabi/7.3.1/../../../../arm-none-eabi/lib/thumb/v7e-m/fpv4-sp/hard\libc_nano.a(lib_a-nano-vfprintf_float.o)
                              (_printf_float)
c:/st/stm32cubeide_1.4.0/stm32cubeide/plugins/com.st.stm32cube.ide.mcu.externaltools.gnu-tools-for-stm32.7-2018-q2-update.win32_1.4.0.202007081208/tools/bin/../lib/gcc/arm-none-eabi/7.3.1/../../../../arm-none-eabi/lib/thumb/v7e-m/fpv4-sp/hard\libc_nano.a(lib_a-nano-vfprintf_i.o)
                              c:/st/stm32cubeide_1.4.0/stm32cubeide/plugins/com.st.stm32cube.ide.mcu.externaltools.gnu-tools-for-stm32.7-2018-q2-update.win32_1.4.0.202007081208/tools/bin/../lib/gcc/arm-none-eabi/7.3.1/../../../../arm-none-eabi/lib/thumb/v7e-m/fpv4-sp/hard\libc_nano.a(lib_a-nano-vfprintf_float.o) (_printf_common)
c:/st/stm32cubeide_1.4.0/stm32cubeide/plugins/com.st.stm32cube.ide.mcu.externaltools.gnu-tools-for-stm32.7-2018-q2-update.win32_1.4.0.202007081208/tools/bin/../lib/gcc/arm-none-eabi/7.3.1/../../../../arm-none-eabi/lib/thumb/v7e-m/fpv4-sp/hard\libc_nano.a(lib_a-printf.o)
                              Core/Src/main.o (printf)
c:/st/stm32cubeide_1.4.0/stm32cubeide/plugins/com.st.stm32cube.ide.mcu.externaltools.gnu-tools-for-stm32.7-2018-q2-update.win32_1.4.0.202007081208/tools/bin/../lib/gcc/arm-none-eabi/7.3.1/../../../../arm-none-eabi/lib/thumb/v7e-m/fpv4-sp/hard\libc_nano.a(lib_a-sprintf.o)
                              Core/Src/main.o (sprintf)
c:/st/stm32cubeide_1.4.0/stm32cubeide/plugins/com.st.stm32cube.ide.mcu.externaltools.gnu-tools-for-stm32.7-2018-q2-update.win32_1.4.0.202007081208/tools/bin/../lib/gcc/arm-none-eabi/7.3.1/../../../../arm-none-eabi/lib/thumb/v7e-m/fpv4-sp/hard\libc_nano.a(lib_a-strlen.o)
                              Core/Src/main.o (strlen)
c:/st/stm32cubeide_1.4.0/stm32cubeide/plugins/com.st.stm32cube.ide.mcu.externaltools.gnu-tools-for-stm32.7-2018-q2-update.win32_1.4.0.202007081208/tools/bin/../lib/gcc/arm-none-eabi/7.3.1/../../../../arm-none-eabi/lib/thumb/v7e-m/fpv4-sp/hard\libc_nano.a(lib_a-dtoa.o)
[...]
Memory Configuration

Name             Origin             Length             Attributes
RAM              0x0000000020000000 0x0000000000018000 xrw
RAM2             0x0000000010000000 0x0000000000008000 xrw
FLASH            0x0000000008000000 0x0000000000100000 xr
*default*        0x0000000000000000 0xffffffffffffffff

Linker script and memory map

LOAD c:/st/stm32cubeide_1.4.0/stm32cubeide/plugins/com.st.stm32cube.ide.mcu.externaltools.gnu-tools-for-stm32.7-2018-q2-update.win32_1.4.0.202007081208/tools/bin/../lib/gcc/arm-none-eabi/7.3.1/thumb/v7e-m/fpv4-sp/hard/crti.o
LOAD c:/st/stm32cubeide_1.4.0/stm32cubeide/plugins/com.st.stm32cube.ide.mcu.externaltools.gnu-tools-for-stm32.7-2018-q2-update.win32_1.4.0.202007081208/tools/bin/../lib/gcc/arm-none-eabi/7.3.1/thumb/v7e-m/fpv4-sp/hard/crtbegin.o
LOAD c:/st/stm32cubeide_1.4.0/stm32cubeide/plugins/com.st.stm32cube.ide.mcu.externaltools.gnu-tools-for-stm32.7-2018-q2-update.win32_1.4.0.202007081208/tools/bin/../lib/gcc/arm-none-eabi/7.3.1/../../../../arm-none-eabi/lib/thumb/v7e-m/fpv4-sp/hard/crt0.o
LOAD Core/Src/OneWire.o
LOAD Core/Src/ds18b20.o
LOAD Core/Src/fatfs_sd.o
LOAD Core/Src/gpio.o
LOAD Core/Src/hx711.o
LOAD Core/Src/i2c.o
LOAD Core/Src/liquidcrystal_i2c.o
LOAD Core/Src/main.o
LOAD Core/Src/rtc.o
LOAD Core/Src/spi.o
LOAD Core/Src/stm32l4xx_hal_msp.o
LOAD Core/Src/stm32l4xx_it.o
LOAD Core/Src/syscalls.o
LOAD Core/Src/sysmem.o
LOAD Core/Src/system_stm32l4xx.o
LOAD Core/Src/tim.o
LOAD Core/Src/usart.o
LOAD Core/Startup/startup_stm32l476rgtx.o
LOAD Drivers/STM32L4xx_HAL_Driver/Src/stm32l4xx_hal.o
LOAD Drivers/STM32L4xx_HAL_Driver/Src/stm32l4xx_hal_cortex.o
LOAD Drivers/STM32L4xx_HAL_Driver/Src/stm32l4xx_hal_dma.o
LOAD Drivers/STM32L4xx_HAL_Driver/Src/stm32l4xx_hal_dma_ex.o
LOAD Drivers/STM32L4xx_HAL_Driver/Src/stm32l4xx_hal_exti.o
LOAD Drivers/STM32L4xx_HAL_Driver/Src/stm32l4xx_hal_flash.o
LOAD Drivers/STM32L4xx_HAL_Driver/Src/stm32l4xx_hal_flash_ex.o
LOAD Drivers/STM32L4xx_HAL_Driver/Src/stm32l4xx_hal_flash_ramfunc.o
LOAD Drivers/STM32L4xx_HAL_Driver/Src/stm32l4xx_hal_gpio.o
LOAD Drivers/STM32L4xx_HAL_Driver/Src/stm32l4xx_hal_i2c.o
LOAD Drivers/STM32L4xx_HAL_Driver/Src/stm32l4xx_hal_i2c_ex.o
LOAD Drivers/STM32L4xx_HAL_Driver/Src/stm32l4xx_hal_pwr.o
LOAD Drivers/STM32L4xx_HAL_Driver/Src/stm32l4xx_hal_pwr_ex.o
LOAD Drivers/STM32L4xx_HAL_Driver/Src/stm32l4xx_hal_rcc.o
LOAD Drivers/STM32L4xx_HAL_Driver/Src/stm32l4xx_hal_rcc_ex.o
LOAD Drivers/STM32L4xx_HAL_Driver/Src/stm32l4xx_hal_rtc.o
LOAD Drivers/STM32L4xx_HAL_Driver/Src/stm32l4xx_hal_rtc_ex.o
LOAD Drivers/STM32L4xx_HAL_Driver/Src/stm32l4xx_hal_spi.o
LOAD Drivers/STM32L4xx_HAL_Driver/Src/stm32l4xx_hal_spi_ex.o
LOAD Drivers/STM32L4xx_HAL_Driver/Src/stm32l4xx_hal_tim.o
LOAD Drivers/STM32L4xx_HAL_Driver/Src/stm32l4xx_hal_tim_ex.o
LOAD Drivers/STM32L4xx_HAL_Driver/Src/stm32l4xx_hal_uart.o
LOAD Drivers/STM32L4xx_HAL_Driver/Src/stm32l4xx_hal_uart_ex.o
LOAD FATFS/App/fatfs.o
LOAD FATFS/Target/user_diskio.o
LOAD Middlewares/Third_Party/FatFs/src/diskio.o
LOAD Middlewares/Third_Party/FatFs/src/ff.o
LOAD Middlewares/Third_Party/FatFs/src/ff_gen_drv.o
LOAD Middlewares/Third_Party/FatFs/src/option/ccsbcs.o
LOAD Middlewares/Third_Party/FatFs/src/option/syscall.o
START GROUP
LOAD c:/st/stm32cubeide_1.4.0/stm32cubeide/plugins/com.st.stm32cube.ide.mcu.externaltools.gnu-tools-for-stm32.7-2018-q2-update.win32_1.4.0.202007081208/tools/bin/../lib/gcc/arm-none-eabi/7.3.1/../../../../arm-none-eabi/lib/thumb/v7e-m/fpv4-sp/hard\libc_nano.a
LOAD c:/st/stm32cubeide_1.4.0/stm32cubeide/plugins/com.st.stm32cube.ide.mcu.externaltools.gnu-tools-for-stm32.7-2018-q2-update.win32_1.4.0.202007081208/tools/bin/../lib/gcc/arm-none-eabi/7.3.1/../../../../arm-none-eabi/lib/thumb/v7e-m/fpv4-sp/hard\libm.a
END GROUP
START GROUP
LOAD c:/st/stm32cubeide_1.4.0/stm32cubeide/plugins/com.st.stm32cube.ide.mcu.externaltools.gnu-tools-for-stm32.7-2018-q2-update.win32_1.4.0.202007081208/tools/bin/../lib/gcc/arm-none-eabi/7.3.1/thumb/v7e-m/fpv4-sp/hard\libgcc.a
LOAD c:/st/stm32cubeide_1.4.0/stm32cubeide/plugins/com.st.stm32cube.ide.mcu.externaltools.gnu-tools-for-stm32.7-2018-q2-update.win32_1.4.0.202007081208/tools/bin/../lib/gcc/arm-none-eabi/7.3.1/../../../../arm-none-eabi/lib/thumb/v7e-m/fpv4-sp/hard\libc_nano.a
END GROUP
START GROUP
LOAD c:/st/stm32cubeide_1.4.0/stm32cubeide/plugins/com.st.stm32cube.ide.mcu.externaltools.gnu-tools-for-stm32.7-2018-q2-update.win32_1.4.0.202007081208/tools/bin/../lib/gcc/arm-none-eabi/7.3.1/thumb/v7e-m/fpv4-sp/hard\libgcc.a
LOAD c:/st/stm32cubeide_1.4.0/stm32cubeide/plugins/com.st.stm32cube.ide.mcu.externaltools.gnu-tools-for-stm32.7-2018-q2-update.win32_1.4.0.202007081208/tools/bin/../lib/gcc/arm-none-eabi/7.3.1/../../../../arm-none-eabi/lib/thumb/v7e-m/fpv4-sp/hard\libc_nano.a
LOAD c:/st/stm32cubeide_1.4.0/stm32cubeide/plugins/com.st.stm32cube.ide.mcu.externaltools.gnu-tools-for-stm32.7-2018-q2-update.win32_1.4.0.202007081208/tools/bin/../lib/gcc/arm-none-eabi/7.3.1/../../../../arm-none-eabi/lib/thumb/v7e-m/fpv4-sp/hard\libnosys.a
END GROUP
START GROUP
LOAD c:/st/stm32cubeide_1.4.0/stm32cubeide/plugins/com.st.stm32cube.ide.mcu.externaltools.gnu-tools-for-stm32.7-2018-q2-update.win32_1.4.0.202007081208/tools/bin/../lib/gcc/arm-none-eabi/7.3.1/thumb/v7e-m/fpv4-sp/hard\libgcc.a
LOAD c:/st/stm32cubeide_1.4.0/stm32cubeide/plugins/com.st.stm32cube.ide.mcu.externaltools.gnu-tools-for-stm32.7-2018-q2-update.win32_1.4.0.202007081208/tools/bin/../lib/gcc/arm-none-eabi/7.3.1/../../../../arm-none-eabi/lib/thumb/v7e-m/fpv4-sp/hard\libc_nano.a
LOAD c:/st/stm32cubeide_1.4.0/stm32cubeide/plugins/com.st.stm32cube.ide.mcu.externaltools.gnu-tools-for-stm32.7-2018-q2-update.win32_1.4.0.202007081208/tools/bin/../lib/gcc/arm-none-eabi/7.3.1/../../../../arm-none-eabi/lib/thumb/v7e-m/fpv4-sp/hard\libnosys.a
END GROUP
LOAD c:/st/stm32cubeide_1.4.0/stm32cubeide/plugins/com.st.stm32cube.ide.mcu.externaltools.gnu-tools-for-stm32.7-2018-q2-update.win32_1.4.0.202007081208/tools/bin/../lib/gcc/arm-none-eabi/7.3.1/thumb/v7e-m/fpv4-sp/hard/crtend.o
LOAD c:/st/stm32cubeide_1.4.0/stm32cubeide/plugins/com.st.stm32cube.ide.mcu.externaltools.gnu-tools-for-stm32.7-2018-q2-update.win32_1.4.0.202007081208/tools/bin/../lib/gcc/arm-none-eabi/7.3.1/thumb/v7e-m/fpv4-sp/hard/crtn.o
                0x0000000020018000                _estack = (ORIGIN (RAM) + LENGTH (RAM))
                0x0000000000000200                _Min_Heap_Size = 0x200
                0x0000000000000400                _Min_Stack_Size = 0x400

.isr_vector     0x0000000008000000      0x188
                0x0000000008000000                . = ALIGN (0x4)
 *(.isr_vector)
 .isr_vector    0x0000000008000000      0x188 Core/Startup/startup_stm32l476rgtx.o
                0x0000000008000000                g_pfnVectors
                0x0000000008000188                . = ALIGN (0x4)

.text           0x0000000008000190     0xe458
                0x0000000008000190                . = ALIGN (0x4)
 *(.text)
 .text          0x0000000008000190       0x40 c:/st/stm32cubeide_1.4.0/stm32cubeide/plugins/com.st.stm32cube.ide.mcu.externaltools.gnu-tools-for-stm32.7-2018-q2-update.win32_1.4.0.202007081208/tools/bin/../lib/gcc/arm-none-eabi/7.3.1/thumb/v7e-m/fpv4-sp/hard/crtbegin.o
 .text          0x00000000080001d0       0x10 c:/st/stm32cubeide_1.4.0/stm32cubeide/plugins/com.st.stm32cube.ide.mcu.externaltools.gnu-tools-for-stm32.7-2018-q2-update.win32_1.4.0.202007081208/tools/bin/../lib/gcc/arm-none-eabi/7.3.1/../../../../arm-none-eabi/lib/thumb/v7e-m/fpv4-sp/hard\libc_nano.a(lib_a-strlen.o)
                0x00000000080001d0                strlen
 .text          0x00000000080001e0       0xa0 c:/st/stm32cubeide_1.4.0/stm32cubeide/plugins/com.st.stm32cube.ide.mcu.externaltools.gnu-tools-for-stm32.7-2018-q2-update.win32_1.4.0.202007081208/tools/bin/../lib/gcc/arm-none-eabi/7.3.1/../../../../arm-none-eabi/lib/thumb/v7e-m/fpv4-sp/hard\libc_nano.a(lib_a-memchr.o)
                0x00000000080001e0                memchr
 .text          0x0000000008000280      0x378 c:/st/stm32cubeide_1.4.0/stm32cubeide/plugins/com.st.stm32cube.ide.mcu.externaltools.gnu-tools-for-stm32.7-2018-q2-update.win32_1.4.0.202007081208/tools/bin/../lib/gcc/arm-none-eabi/7.3.1/thumb/v7e-m/fpv4-sp/hard\libgcc.a(_arm_addsubdf3.o)
                0x0000000008000280                __aeabi_drsub
                0x0000000008000288                __aeabi_dsub
                0x0000000008000288                __subdf3
                0x000000000800028c                __aeabi_dadd
                0x000000000800028c                __adddf3
                0x0000000008000504                __floatunsidf
                0x0000000008000504                __aeabi_ui2d
                0x0000000008000524                __floatsidf
                0x0000000008000524                __aeabi_i2d
                0x0000000008000548                __aeabi_f2d
                0x0000000008000548                __extendsfdf2
                0x000000000800058c                __floatundidf
                0x000000000800058c                __aeabi_ul2d
                0x000000000800059c                __floatdidf
                0x000000000800059c                __aeabi_l2d
 .text          0x00000000080005f8      0x424 c:/st/stm32cubeide_1.4.0/stm32cubeide/plugins/com.st.stm32cube.ide.mcu.externaltools.gnu-tools-for-stm32.7-2018-q2-update.win32_1.4.0.202007081208/tools/bin/../lib/gcc/arm-none-eabi/7.3.1/thumb/v7e-m/fpv4-sp/hard\libgcc.a(_arm_muldivdf3.o)
                0x00000000080005f8                __aeabi_dmul
                0x00000000080005f8                __muldf3
                0x000000000800084c                __divdf3
                0x000000000800084c                __aeabi_ddiv
 .text          0x0000000008000a1c      0x110 c:/st/stm32cubeide_1.4.0/stm32cubeide/plugins/com.st.stm32cube.ide.mcu.externaltools.gnu-tools-for-stm32.7-2018-q2-update.win32_1.4.0.202007081208/tools/bin/../lib/gcc/arm-none-eabi/7.3.1/thumb/v7e-m/fpv4-sp/hard\libgcc.a(_arm_cmpdf2.o)
                0x0000000008000a1c                __gtdf2
                0x0000000008000a1c                __gedf2
                0x0000000008000a24                __ltdf2
                0x0000000008000a24                __ledf2
                0x0000000008000a2c                __nedf2
                0x0000000008000a2c                __eqdf2
                0x0000000008000a2c                __cmpdf2
                0x0000000008000aa8                __aeabi_cdrcmple
                0x0000000008000ab8                __aeabi_cdcmpeq
                0x0000000008000ab8                __aeabi_cdcmple
                0x0000000008000ac8                __aeabi_dcmpeq
                0x0000000008000adc                __aeabi_dcmplt
                0x0000000008000af0                __aeabi_dcmple
                0x0000000008000b04                __aeabi_dcmpge
                0x0000000008000b18                __aeabi_dcmpgt
 .text          0x0000000008000b2c       0x2c c:/st/stm32cubeide_1.4.0/stm32cubeide/plugins/com.st.stm32cube.ide.mcu.externaltools.gnu-tools-for-stm32.7-2018-q2-update.win32_1.4.0.202007081208/tools/bin/../lib/gcc/arm-none-eabi/7.3.1/thumb/v7e-m/fpv4-sp/hard\libgcc.a(_arm_unorddf2.o)
                0x0000000008000b2c                __unorddf2
                0x0000000008000b2c                __aeabi_dcmpun
 .text          0x0000000008000b58       0x50 c:/st/stm32cubeide_1.4.0/stm32cubeide/plugins/com.st.stm32cube.ide.mcu.externaltools.gnu-tools-for-stm32.7-2018-q2-update.win32_1.4.0.202007081208/tools/bin/../lib/gcc/arm-none-eabi/7.3.1/thumb/v7e-m/fpv4-sp/hard\libgcc.a(_arm_fixdfsi.o)
                0x0000000008000b58                __aeabi_d2iz
                0x0000000008000b58                __fixdfsi
 .text          0x0000000008000ba8       0xa0 c:/st/stm32cubeide_1.4.0/stm32cubeide/plugins/com.st.stm32cube.ide.mcu.externaltools.gnu-tools-for-stm32.7-2018-q2-update.win32_1.4.0.202007081208/tools/bin/../lib/gcc/arm-none-eabi/7.3.1/thumb/v7e-m/fpv4-sp/hard\libgcc.a(_aeabi_ldivmod.o)
                0x0000000008000ba8                __aeabi_ldivmod
 .text          0x0000000008000c48       0x30 c:/st/stm32cubeide_1.4.0/stm32cubeide/plugins/com.st.stm32cube.ide.mcu.externaltools.gnu-tools-for-stm32.7-2018-q2-update.win32_1.4.0.202007081208/tools/bin/../lib/gcc/arm-none-eabi/7.3.1/thumb/v7e-m/fpv4-sp/hard\libgcc.a(_aeabi_uldivmod.o)
                0x0000000008000c48                __aeabi_uldivmod
 .text          0x0000000008000c78      0x2cc c:/st/stm32cubeide_1.4.0/stm32cubeide/plugins/com.st.stm32cube.ide.mcu.externaltools.gnu-tools-for-stm32.7-2018-q2-update.win32_1.4.0.202007081208/tools/bin/../lib/gcc/arm-none-eabi/7.3.1/thumb/v7e-m/fpv4-sp/hard\libgcc.a(_udivmoddi4.o)
                0x0000000008000c78                __udivmoddi4
 .text          0x0000000008000f44        0x4 c:/st/stm32cubeide_1.4.0/stm32cubeide/plugins/com.st.stm32cube.ide.mcu.externaltools.gnu-tools-for-stm32.7-2018-q2-update.win32_1.4.0.202007081208/tools/bin/../lib/gcc/arm-none-eabi/7.3.1/thumb/v7e-m/fpv4-sp/hard\libgcc.a(_dvmd_tls.o)
                0x0000000008000f44                __aeabi_idiv0
                0x0000000008000f44                __aeabi_ldiv0
 *(.text*)
 .text.OneWire_Delay
                0x0000000008000f48       0x30 Core/Src/OneWire.o
                0x0000000008000f48                OneWire_Delay
 .text.OneWire_BusInputDirection
                0x0000000008000f78       0x32 Core/Src/OneWire.o
                0x0000000008000f78                OneWire_BusInputDirection
 .text.OneWire_BusOutputDirection
                0x0000000008000faa       0x32 Core/Src/OneWire.o
                0x0000000008000faa                OneWire_BusOutputDirection
 .text.OneWire_OutputLow
                0x0000000008000fdc       0x20 Core/Src/OneWire.o
                0x0000000008000fdc                OneWire_OutputLow
 .text.OneWire_OutputHigh
                0x0000000008000ffc       0x1e Core/Src/OneWire.o
                0x0000000008000ffc                OneWire_OutputHigh
 .text.OneWire_Reset
                0x000000000800101a       0x4e Core/Src/OneWire.o
                0x000000000800101a                OneWire_Reset
 .text.OneWire_WriteBit
                0x0000000008001068       0x58 Core/Src/OneWire.o
                0x0000000008001068                OneWire_WriteBit
 .text.OneWire_ReadBit
                0x00000000080010c0       0x54 Core/Src/OneWire.o
                0x00000000080010c0                OneWire_ReadBit
 .text.OneWire_WriteByte
                0x0000000008001114       0x3a Core/Src/OneWire.o
                0x0000000008001114                OneWire_WriteByte
 .text.OneWire_ReadByte
                0x000000000800114e       0x42 Core/Src/OneWire.o
                0x000000000800114e                OneWire_ReadByte
 .text.OneWire_ResetSearch
                0x0000000008001190       0x26 Core/Src/OneWire.o
                0x0000000008001190                OneWire_ResetSearch
 .text.OneWire_Search
                0x00000000080011b6      0x18c Core/Src/OneWire.o
                0x00000000080011b6                OneWire_Search
 .text.OneWire_First
                0x0000000008001342       0x20 Core/Src/OneWire.o
                0x0000000008001342                OneWire_First
 .text.OneWire_Next
                0x0000000008001362       0x1a Core/Src/OneWire.o
                0x0000000008001362                OneWire_Next
 .text.OneWire_SelectWithPointer
                0x000000000800137c       0x3c Core/Src/OneWire.o
                0x000000000800137c                OneWire_SelectWithPointer
 .text.OneWire_GetFullROM
                0x00000000080013b8       0x38 Core/Src/OneWire.o
                0x00000000080013b8                OneWire_GetFullROM
 .text.OneWire_Init
                0x00000000080013f0       0x58 Core/Src/OneWire.o
                0x00000000080013f0                OneWire_Init
 .text.DS18B20_StartAll
                0x0000000008001448       0x24 Core/Src/ds18b20.o
                0x0000000008001448                DS18B20_StartAll
 .text.DS18B20_Read
                0x000000000800146c      0x158 Core/Src/ds18b20.o
                0x000000000800146c                DS18B20_Read
 .text.DS18B20_SetResolution
                0x00000000080015c4      0x14c Core/Src/ds18b20.o
                0x00000000080015c4                DS18B20_SetResolution
 .text.DS18B20_Is
                0x0000000008001710       0x22 Core/Src/ds18b20.o
                0x0000000008001710                DS18B20_Is
 *fill*         0x0000000008001732        0x2 
 .text.DS18B20_AllDone
                0x0000000008001734       0x14 Core/Src/ds18b20.o
                0x0000000008001734                DS18B20_AllDone
 .text.DS18B20_ReadAll
                0x0000000008001748       0x80 Core/Src/ds18b20.o
                0x0000000008001748                DS18B20_ReadAll
 .text.DS18B20_GetROM
                0x00000000080017c8       0x58 Core/Src/ds18b20.o
                0x00000000080017c8                DS18B20_GetROM
 .text.DS18B20_Quantity
                0x0000000008001820       0x18 Core/Src/ds18b20.o
                0x0000000008001820                DS18B20_Quantity
 .text.DS18B20_GetTemperature
                0x0000000008001838       0x44 Core/Src/ds18b20.o
                0x0000000008001838                DS18B20_GetTemperature
 .text.DS18B20_Init
                0x000000000800187c       0xa0 Core/Src/ds18b20.o
                0x000000000800187c                DS18B20_Init
 .text.SELECT   0x000000000800191c       0x1a Core/Src/fatfs_sd.o
 .text.DESELECT
                0x0000000008001936       0x1a Core/Src/fatfs_sd.o
 .text.SPI_TxByte
                0x0000000008001950       0x34 Core/Src/fatfs_sd.o
 .text.SPI_TxBuffer
                0x0000000008001984       0x34 Core/Src/fatfs_sd.o
 .text.SPI_RxByte
                0x00000000080019b8       0x38 Core/Src/fatfs_sd.o
 .text.SPI_RxBytePtr
                0x00000000080019f0       0x1c Core/Src/fatfs_sd.o
 .text.SD_ReadyWait
                0x0000000008001a0c       0x34 Core/Src/fatfs_sd.o
 .text.SD_PowerOn
                0x0000000008001a40       0x84 Core/Src/fatfs_sd.o
 .text.SD_PowerOff
                0x0000000008001ac4       0x18 Core/Src/fatfs_sd.o
 .text.SD_CheckPower
                0x0000000008001adc       0x18 Core/Src/fatfs_sd.o
 .text.SD_RxDataBlock
                0x0000000008001af4       0x5c Core/Src/fatfs_sd.o
 .text.SD_TxDataBlock
                0x0000000008001b50       0x86 Core/Src/fatfs_sd.o
 .text.SD_SendCmd
                0x0000000008001bd6       0xa8 Core/Src/fatfs_sd.o
 *fill*         0x0000000008001c7e        0x2 
 .text.SD_disk_initialize
                0x0000000008001c80      0x1cc Core/Src/fatfs_sd.o
                0x0000000008001c80                SD_disk_initialize
 .text.SD_disk_status
                0x0000000008001e4c       0x2c Core/Src/fatfs_sd.o
                0x0000000008001e4c                SD_disk_status
 .text.SD_disk_read
                0x0000000008001e78       0xd4 Core/Src/fatfs_sd.o
                0x0000000008001e78                SD_disk_read
 .text.SD_disk_write
                0x0000000008001f4c      0x108 Core/Src/fatfs_sd.o
                0x0000000008001f4c                SD_disk_write
 .text.SD_disk_ioctl
                0x0000000008002054      0x254 Core/Src/fatfs_sd.o
                0x0000000008002054                SD_disk_ioctl
 .text.MX_GPIO_Init
                0x00000000080022a8      0x18c Core/Src/gpio.o
                0x00000000080022a8                MX_GPIO_Init
 .text.hx711_delay_us
                0x0000000008002434       0x2c Core/Src/hx711.o
                0x0000000008002434                hx711_delay_us
 .text.hx711_lock
                0x0000000008002460       0x26 Core/Src/hx711.o
                0x0000000008002460                hx711_lock
 .text.hx711_unlock
                0x0000000008002486       0x1a Core/Src/hx711.o
                0x0000000008002486                hx711_unlock
 .text.hx711_init
                0x00000000080024a0       0xbc Core/Src/hx711.o
                0x00000000080024a0                hx711_init
 .text.hx711_value
                0x000000000800255c       0xe0 Core/Src/hx711.o
                0x000000000800255c                hx711_value
 .text.hx711_weight
                0x000000000800263c       0xa6 Core/Src/hx711.o
                0x000000000800263c                hx711_weight
 *fill*         0x00000000080026e2        0x2 
 .text.MX_I2C1_Init
                0x00000000080026e4       0x80 Core/Src/i2c.o
                0x00000000080026e4                MX_I2C1_Init
 .text.HAL_I2C_MspInit
                0x0000000008002764       0x88 Core/Src/i2c.o
                0x0000000008002764                HAL_I2C_MspInit
 .text.HD44780_Init
                0x00000000080027ec      0x108 Core/Src/liquidcrystal_i2c.o
                0x00000000080027ec                HD44780_Init
 .text.HD44780_Clear
                0x00000000080028f4       0x16 Core/Src/liquidcrystal_i2c.o
                0x00000000080028f4                HD44780_Clear
 .text.HD44780_Home
                0x000000000800290a       0x16 Core/Src/liquidcrystal_i2c.o
                0x000000000800290a                HD44780_Home
 .text.HD44780_SetCursor
                0x0000000008002920       0x64 Core/Src/liquidcrystal_i2c.o
                0x0000000008002920                HD44780_SetCursor
 .text.HD44780_Display
                0x0000000008002984       0x2c Core/Src/liquidcrystal_i2c.o
                0x0000000008002984                HD44780_Display
 .text.HD44780_CreateSpecialChar
                0x00000000080029b0       0x50 Core/Src/liquidcrystal_i2c.o
                0x00000000080029b0                HD44780_CreateSpecialChar
 .text.HD44780_PrintStr
                0x0000000008002a00       0x28 Core/Src/liquidcrystal_i2c.o
                0x0000000008002a00                HD44780_PrintStr
 .text.SendCommand
                0x0000000008002a28       0x1c Core/Src/liquidcrystal_i2c.o
 .text.SendChar
                0x0000000008002a44       0x1c Core/Src/liquidcrystal_i2c.o
 .text.Send     0x0000000008002a60       0x42 Core/Src/liquidcrystal_i2c.o
 .text.Write4Bits
                0x0000000008002aa2       0x22 Core/Src/liquidcrystal_i2c.o
 .text.ExpanderWrite
                0x0000000008002ac4       0x38 Core/Src/liquidcrystal_i2c.o
 .text.PulseEnable
                0x0000000008002afc       0x3a Core/Src/liquidcrystal_i2c.o
 *fill*         0x0000000008002b36        0x2 
 .text.DelayInit
                0x0000000008002b38       0x54 Core/Src/liquidcrystal_i2c.o
 .text.DelayUS  0x0000000008002b8c       0x4c Core/Src/liquidcrystal_i2c.o
 .text.ITM_SendChar
                0x0000000008002bd8       0x4e Core/Src/main.o
 .text._write   0x0000000008002c26       0x38 Core/Src/main.o
                0x0000000008002c26                _write
 *fill*         0x0000000008002c5e        0x2 
 .text.HAL_GPIO_EXTI_Callback
                0x0000000008002c60       0x80 Core/Src/main.o
                0x0000000008002c60                HAL_GPIO_EXTI_Callback
 .text.HAL_TIM_PeriodElapsedCallback
                0x0000000008002ce0       0x34 Core/Src/main.o
                0x0000000008002ce0                HAL_TIM_PeriodElapsedCallback
 .text.HAL_UART_RxCpltCallback
                0x0000000008002d14       0x30 Core/Src/main.o
                0x0000000008002d14                HAL_UART_RxCpltCallback
 .text.main     0x0000000008002d44      0x2c8 Core/Src/main.o
                0x0000000008002d44                main
 .text.SystemClock_Config
                0x000000000800300c      0x108 Core/Src/main.o
                0x000000000800300c                SystemClock_Config
 .text.measure_RPM
                0x0000000008003114       0x8c Core/Src/main.o
                0x0000000008003114                measure_RPM
 .text.Error_Handler
                0x00000000080031a0        0xe Core/Src/main.o
                0x00000000080031a0                Error_Handler
 *fill*         0x00000000080031ae        0x2 
 .text.MX_RTC_Init
                0x00000000080031b0       0x50 Core/Src/rtc.o
                0x00000000080031b0                MX_RTC_Init
 .text.HAL_RTC_MspInit
                0x0000000008003200       0x38 Core/Src/rtc.o
                0x0000000008003200                HAL_RTC_MspInit
 .text.MX_SPI1_Init
                0x0000000008003238       0x7c Core/Src/spi.o
                0x0000000008003238                MX_SPI1_Init
 .text.HAL_SPI_MspInit
                0x00000000080032b4       0x84 Core/Src/spi.o
                0x00000000080032b4                HAL_SPI_MspInit
 .text.HAL_MspInit
                0x0000000008003338       0x48 Core/Src/stm32l4xx_hal_msp.o
                0x0000000008003338                HAL_MspInit
 .text.NMI_Handler
                0x0000000008003380        0xe Core/Src/stm32l4xx_it.o
                0x0000000008003380                NMI_Handler
 .text.HardFault_Handler
                0x000000000800338e        0x6 Core/Src/stm32l4xx_it.o
                0x000000000800338e                HardFault_Handler
 .text.MemManage_Handler
                0x0000000008003394        0x6 Core/Src/stm32l4xx_it.o
                0x0000000008003394                MemManage_Handler
 .text.BusFault_Handler
                0x000000000800339a        0x6 Core/Src/stm32l4xx_it.o
                0x000000000800339a                BusFault_Handler
 .text.UsageFault_Handler
                0x00000000080033a0        0x6 Core/Src/stm32l4xx_it.o
                0x00000000080033a0                UsageFault_Handler
 .text.SVC_Handler
                0x00000000080033a6        0xe Core/Src/stm32l4xx_it.o
                0x00000000080033a6                SVC_Handler
 .text.DebugMon_Handler
                0x00000000080033b4        0xe Core/Src/stm32l4xx_it.o
                0x00000000080033b4                DebugMon_Handler
 .text.PendSV_Handler
                0x00000000080033c2        0xe Core/Src/stm32l4xx_it.o
                0x00000000080033c2                PendSV_Handler
 .text.SysTick_Handler
                0x00000000080033d0       0x3c Core/Src/stm32l4xx_it.o
                0x00000000080033d0                SysTick_Handler
 .text.EXTI9_5_IRQHandler
                0x000000000800340c       0x10 Core/Src/stm32l4xx_it.o
                0x000000000800340c                EXTI9_5_IRQHandler
 .text.TIM1_UP_TIM16_IRQHandler
                0x000000000800341c       0x1c Core/Src/stm32l4xx_it.o
                0x000000000800341c                TIM1_UP_TIM16_IRQHandler
 .text.USART1_IRQHandler
                0x0000000008003438       0x14 Core/Src/stm32l4xx_it.o
                0x0000000008003438                USART1_IRQHandler
 .text.USART2_IRQHandler
                0x000000000800344c       0x14 Core/Src/stm32l4xx_it.o
                0x000000000800344c                USART2_IRQHandler
 .text._read    0x0000000008003460       0x3a Core/Src/syscalls.o
                0x0000000008003460                _read
 .text._close   0x000000000800349a       0x18 Core/Src/syscalls.o
                0x000000000800349a                _close
 .text._fstat   0x00000000080034b2       0x20 Core/Src/syscalls.o
                0x00000000080034b2                _fstat
 .text._isatty  0x00000000080034d2       0x16 Core/Src/syscalls.o
                0x00000000080034d2                _isatty
 .text._lseek   0x00000000080034e8       0x1a Core/Src/syscalls.o
                0x00000000080034e8                _lseek
 *fill*         0x0000000008003502        0x2 
 .text._sbrk    0x0000000008003504       0x6c Core/Src/sysmem.o
                0x0000000008003504                _sbrk
 .text.SystemInit
                0x0000000008003570       0x6c Core/Src/system_stm32l4xx.o
                0x0000000008003570                SystemInit
 .text.MX_TIM1_Init
                0x00000000080035dc       0xa8 Core/Src/tim.o
                0x00000000080035dc                MX_TIM1_Init
 .text.MX_TIM6_Init
                0x0000000008003684       0x6c Core/Src/tim.o
                0x0000000008003684                MX_TIM6_Init
 .text.MX_TIM16_Init
                0x00000000080036f0       0x50 Core/Src/tim.o
                0x00000000080036f0                MX_TIM16_Init
 .text.HAL_TIM_Base_MspInit
                0x0000000008003740       0xac Core/Src/tim.o
                0x0000000008003740                HAL_TIM_Base_MspInit
 .text.MX_USART1_UART_Init
                0x00000000080037ec       0x60 Core/Src/usart.o
                0x00000000080037ec                MX_USART1_UART_Init
 .text.MX_USART2_UART_Init
                0x000000000800384c       0x60 Core/Src/usart.o
                0x000000000800384c                MX_USART2_UART_Init
 .text.MX_USART3_UART_Init
                0x00000000080038ac       0x60 Core/Src/usart.o
                0x00000000080038ac                MX_USART3_UART_Init
 .text.HAL_UART_MspInit
                0x000000000800390c      0x1a8 Core/Src/usart.o
                0x000000000800390c                HAL_UART_MspInit
 .text.Reset_Handler
                0x0000000008003ab4       0x50 Core/Startup/startup_stm32l476rgtx.o
                0x0000000008003ab4                Reset_Handler
 .text.Default_Handler
                0x0000000008003b04        0x2 Core/Startup/startup_stm32l476rgtx.o
                0x0000000008003b04                RTC_Alarm_IRQHandler
                0x0000000008003b04                EXTI2_IRQHandler
                0x0000000008003b04                TIM8_TRG_COM_IRQHandler
                0x0000000008003b04                TIM8_CC_IRQHandler
                0x0000000008003b04                TIM1_CC_IRQHandler
                0x0000000008003b04                TSC_IRQHandler
                0x0000000008003b04                TAMP_STAMP_IRQHandler
                0x0000000008003b04                EXTI3_IRQHandler
                0x0000000008003b04                LPTIM2_IRQHandler
                0x0000000008003b04                DFSDM1_FLT1_IRQHandler
                0x0000000008003b04                I2C3_ER_IRQHandler
                0x0000000008003b04                DFSDM1_FLT2_IRQHandler
                0x0000000008003b04                EXTI0_IRQHandler
                0x0000000008003b04                I2C2_EV_IRQHandler
                0x0000000008003b04                CAN1_RX0_IRQHandler
                0x0000000008003b04                FPU_IRQHandler
                0x0000000008003b04                ADC1_2_IRQHandler
                0x0000000008003b04                SPI1_IRQHandler
                0x0000000008003b04                TIM6_DAC_IRQHandler
                0x0000000008003b04                TIM8_UP_IRQHandler
                0x0000000008003b04                DMA2_Channel2_IRQHandler
                0x0000000008003b04                DMA1_Channel4_IRQHandler
                0x0000000008003b04                SAI2_IRQHandler
                0x0000000008003b04                DFSDM1_FLT3_IRQHandler
                0x0000000008003b04                USART3_IRQHandler
                0x0000000008003b04                DMA1_Channel7_IRQHandler
                0x0000000008003b04                CAN1_RX1_IRQHandler
                0x0000000008003b04                LCD_IRQHandler
                0x0000000008003b04                UART5_IRQHandler
                0x0000000008003b04                ADC3_IRQHandler
                0x0000000008003b04                TIM4_IRQHandler
                0x0000000008003b04                DMA2_Channel1_IRQHandler
                0x0000000008003b04                QUADSPI_IRQHandler
                0x0000000008003b04                I2C1_EV_IRQHandler
                0x0000000008003b04                DMA1_Channel6_IRQHandler
                0x0000000008003b04                UART4_IRQHandler
                0x0000000008003b04                DMA2_Channel4_IRQHandler
                0x0000000008003b04                TIM3_IRQHandler
                0x0000000008003b04                RCC_IRQHandler
                0x0000000008003b04                DMA1_Channel1_IRQHandler
                0x0000000008003b04                Default_Handler
                0x0000000008003b04                DMA2_Channel7_IRQHandler
                0x0000000008003b04                EXTI15_10_IRQHandler
                0x0000000008003b04                TIM7_IRQHandler
                0x0000000008003b04                SDMMC1_IRQHandler
                0x0000000008003b04                TIM5_IRQHandler
                0x0000000008003b04                I2C3_EV_IRQHandler
                0x0000000008003b04                RTC_WKUP_IRQHandler
                0x0000000008003b04                PVD_PVM_IRQHandler
                0x0000000008003b04                SPI2_IRQHandler
                0x0000000008003b04                CAN1_TX_IRQHandler
                0x0000000008003b04                DMA2_Channel5_IRQHandler
                0x0000000008003b04                DMA1_Channel5_IRQHandler
                0x0000000008003b04                EXTI4_IRQHandler
                0x0000000008003b04                RNG_IRQHandler
                0x0000000008003b04                TIM1_TRG_COM_TIM17_IRQHandler
                0x0000000008003b04                DMA1_Channel3_IRQHandler
                0x0000000008003b04                COMP_IRQHandler
                0x0000000008003b04                WWDG_IRQHandler
                0x0000000008003b04                LPUART1_IRQHandler
                0x0000000008003b04                DMA2_Channel6_IRQHandler
                0x0000000008003b04                TIM2_IRQHandler
                0x0000000008003b04                EXTI1_IRQHandler
                0x0000000008003b04                DFSDM1_FLT0_IRQHandler
                0x0000000008003b04                I2C2_ER_IRQHandler
                0x0000000008003b04                DMA1_Channel2_IRQHandler
                0x0000000008003b04                TIM8_BRK_IRQHandler
                0x0000000008003b04                CAN1_SCE_IRQHandler
                0x0000000008003b04                FLASH_IRQHandler
                0x0000000008003b04                OTG_FS_IRQHandler
                0x0000000008003b04                SPI3_IRQHandler
                0x0000000008003b04                I2C1_ER_IRQHandler
                0x0000000008003b04                FMC_IRQHandler
                0x0000000008003b04                SWPMI1_IRQHandler
                0x0000000008003b04                LPTIM1_IRQHandler
                0x0000000008003b04                SAI1_IRQHandler
                0x0000000008003b04                DMA2_Channel3_IRQHandler
                0x0000000008003b04                TIM1_BRK_TIM15_IRQHandler
 *fill*         0x0000000008003b06        0x2 
 .text.HAL_Init
                0x0000000008003b08       0x40 Drivers/STM32L4xx_HAL_Driver/Src/stm32l4xx_hal.o
                0x0000000008003b08                HAL_Init
 .text.HAL_InitTick
                0x0000000008003b48       0x78 Drivers/STM32L4xx_HAL_Driver/Src/stm32l4xx_hal.o
                0x0000000008003b48                HAL_InitTick
 .text.HAL_IncTick
                0x0000000008003bc0       0x28 Drivers/STM32L4xx_HAL_Driver/Src/stm32l4xx_hal.o
                0x0000000008003bc0                HAL_IncTick
 .text.HAL_GetTick
                0x0000000008003be8       0x18 Drivers/STM32L4xx_HAL_Driver/Src/stm32l4xx_hal.o
                0x0000000008003be8                HAL_GetTick
 .text.HAL_Delay
                0x0000000008003c00       0x44 Drivers/STM32L4xx_HAL_Driver/Src/stm32l4xx_hal.o
                0x0000000008003c00                HAL_Delay
 .text.__NVIC_SetPriorityGrouping
                0x0000000008003c44       0x48 Drivers/STM32L4xx_HAL_Driver/Src/stm32l4xx_hal_cortex.o
 .text.__NVIC_GetPriorityGrouping
                0x0000000008003c8c       0x1c Drivers/STM32L4xx_HAL_Driver/Src/stm32l4xx_hal_cortex.o
 .text.__NVIC_EnableIRQ
                0x0000000008003ca8       0x3c Drivers/STM32L4xx_HAL_Driver/Src/stm32l4xx_hal_cortex.o
 .text.__NVIC_SetPriority
                0x0000000008003ce4       0x54 Drivers/STM32L4xx_HAL_Driver/Src/stm32l4xx_hal_cortex.o
 .text.NVIC_EncodePriority
                0x0000000008003d38       0x66 Drivers/STM32L4xx_HAL_Driver/Src/stm32l4xx_hal_cortex.o
 *fill*         0x0000000008003d9e        0x2 
 .text.SysTick_Config
                0x0000000008003da0       0x44 Drivers/STM32L4xx_HAL_Driver/Src/stm32l4xx_hal_cortex.o
 .text.HAL_NVIC_SetPriorityGrouping
                0x0000000008003de4       0x16 Drivers/STM32L4xx_HAL_Driver/Src/stm32l4xx_hal_cortex.o
                0x0000000008003de4                HAL_NVIC_SetPriorityGrouping
 .text.HAL_NVIC_SetPriority
                0x0000000008003dfa       0x38 Drivers/STM32L4xx_HAL_Driver/Src/stm32l4xx_hal_cortex.o
                0x0000000008003dfa                HAL_NVIC_SetPriority
 .text.HAL_NVIC_EnableIRQ
                0x0000000008003e32       0x1c Drivers/STM32L4xx_HAL_Driver/Src/stm32l4xx_hal_cortex.o
                0x0000000008003e32                HAL_NVIC_EnableIRQ
 .text.HAL_SYSTICK_Config
                0x0000000008003e4e       0x18 Drivers/STM32L4xx_HAL_Driver/Src/stm32l4xx_hal_cortex.o
                0x0000000008003e4e                HAL_SYSTICK_Config
 .text.HAL_DMA_Abort_IT
                0x0000000008003e66       0x82 Drivers/STM32L4xx_HAL_Driver/Src/stm32l4xx_hal_dma.o
                0x0000000008003e66                HAL_DMA_Abort_IT
 .text.HAL_GPIO_Init
                0x0000000008003ee8      0x350 Drivers/STM32L4xx_HAL_Driver/Src/stm32l4xx_hal_gpio.o
                0x0000000008003ee8                HAL_GPIO_Init
 .text.HAL_GPIO_ReadPin
                0x0000000008004238       0x30 Drivers/STM32L4xx_HAL_Driver/Src/stm32l4xx_hal_gpio.o
                0x0000000008004238                HAL_GPIO_ReadPin
 .text.HAL_GPIO_WritePin
                0x0000000008004268       0x30 Drivers/STM32L4xx_HAL_Driver/Src/stm32l4xx_hal_gpio.o
                0x0000000008004268                HAL_GPIO_WritePin
 .text.HAL_GPIO_EXTI_IRQHandler
                0x0000000008004298       0x30 Drivers/STM32L4xx_HAL_Driver/Src/stm32l4xx_hal_gpio.o
                0x0000000008004298                HAL_GPIO_EXTI_IRQHandler
 .text.HAL_I2C_Init
                0x00000000080042c8      0x11e Drivers/STM32L4xx_HAL_Driver/Src/stm32l4xx_hal_i2c.o
                0x00000000080042c8                HAL_I2C_Init
 *fill*         0x00000000080043e6        0x2 
 .text.HAL_I2C_Master_Transmit
                0x00000000080043e8      0x1e8 Drivers/STM32L4xx_HAL_Driver/Src/stm32l4xx_hal_i2c.o
                0x00000000080043e8                HAL_I2C_Master_Transmit
 .text.I2C_Flush_TXDR
                0x00000000080045d0       0x48 Drivers/STM32L4xx_HAL_Driver/Src/stm32l4xx_hal_i2c.o
 .text.I2C_WaitOnFlagUntilTimeout
                0x0000000008004618       0x80 Drivers/STM32L4xx_HAL_Driver/Src/stm32l4xx_hal_i2c.o
 .text.I2C_WaitOnTXISFlagUntilTimeout
                0x0000000008004698       0x80 Drivers/STM32L4xx_HAL_Driver/Src/stm32l4xx_hal_i2c.o
 .text.I2C_WaitOnSTOPFlagUntilTimeout
                0x0000000008004718       0x78 Drivers/STM32L4xx_HAL_Driver/Src/stm32l4xx_hal_i2c.o
 .text.I2C_IsAcknowledgeFailed
                0x0000000008004790       0xcc Drivers/STM32L4xx_HAL_Driver/Src/stm32l4xx_hal_i2c.o
 .text.I2C_TransferConfig
                0x000000000800485c       0x5c Drivers/STM32L4xx_HAL_Driver/Src/stm32l4xx_hal_i2c.o
 .text.HAL_I2CEx_ConfigAnalogFilter
                0x00000000080048b8       0x96 Drivers/STM32L4xx_HAL_Driver/Src/stm32l4xx_hal_i2c_ex.o
                0x00000000080048b8                HAL_I2CEx_ConfigAnalogFilter
 .text.HAL_I2CEx_ConfigDigitalFilter
                0x000000000800494e       0x98 Drivers/STM32L4xx_HAL_Driver/Src/stm32l4xx_hal_i2c_ex.o
                0x000000000800494e                HAL_I2CEx_ConfigDigitalFilter
 *fill*         0x00000000080049e6        0x2 
 .text.HAL_PWREx_GetVoltageRange
                0x00000000080049e8       0x1c Drivers/STM32L4xx_HAL_Driver/Src/stm32l4xx_hal_pwr_ex.o
                0x00000000080049e8                HAL_PWREx_GetVoltageRange
 .text.HAL_PWREx_ControlVoltageScaling
                0x0000000008004a04       0xac Drivers/STM32L4xx_HAL_Driver/Src/stm32l4xx_hal_pwr_ex.o
                0x0000000008004a04                HAL_PWREx_ControlVoltageScaling
 .text.HAL_RCC_OscConfig
                0x0000000008004ab0      0x7cc Drivers/STM32L4xx_HAL_Driver/Src/stm32l4xx_hal_rcc.o
                0x0000000008004ab0                HAL_RCC_OscConfig
 .text.HAL_RCC_ClockConfig
                0x000000000800527c      0x1c4 Drivers/STM32L4xx_HAL_Driver/Src/stm32l4xx_hal_rcc.o
                0x000000000800527c                HAL_RCC_ClockConfig
 .text.HAL_RCC_GetSysClockFreq
                0x0000000008005440      0x114 Drivers/STM32L4xx_HAL_Driver/Src/stm32l4xx_hal_rcc.o
                0x0000000008005440                HAL_RCC_GetSysClockFreq
 .text.HAL_RCC_GetHCLKFreq
                0x0000000008005554       0x18 Drivers/STM32L4xx_HAL_Driver/Src/stm32l4xx_hal_rcc.o
                0x0000000008005554                HAL_RCC_GetHCLKFreq
 .text.HAL_RCC_GetPCLK1Freq
                0x000000000800556c       0x2c Drivers/STM32L4xx_HAL_Driver/Src/stm32l4xx_hal_rcc.o
                0x000000000800556c                HAL_RCC_GetPCLK1Freq
 .text.HAL_RCC_GetPCLK2Freq
                0x0000000008005598       0x2c Drivers/STM32L4xx_HAL_Driver/Src/stm32l4xx_hal_rcc.o
                0x0000000008005598                HAL_RCC_GetPCLK2Freq
 .text.RCC_SetFlashLatencyFromMSIRange
                0x00000000080055c4       0xc0 Drivers/STM32L4xx_HAL_Driver/Src/stm32l4xx_hal_rcc.o
 .text.HAL_RCCEx_PeriphCLKConfig
                0x0000000008005684      0x5cc Drivers/STM32L4xx_HAL_Driver/Src/stm32l4xx_hal_rcc_ex.o
                0x0000000008005684                HAL_RCCEx_PeriphCLKConfig
 .text.RCCEx_PLLSAI1_Config
                0x0000000008005c50      0x1e0 Drivers/STM32L4xx_HAL_Driver/Src/stm32l4xx_hal_rcc_ex.o
 .text.RCCEx_PLLSAI2_Config
                0x0000000008005e30      0x1b4 Drivers/STM32L4xx_HAL_Driver/Src/stm32l4xx_hal_rcc_ex.o
 .text.HAL_RTC_Init
                0x0000000008005fe4       0xf6 Drivers/STM32L4xx_HAL_Driver/Src/stm32l4xx_hal_rtc.o
                0x0000000008005fe4                HAL_RTC_Init
 .text.HAL_RTC_WaitForSynchro
                0x00000000080060da       0x4c Drivers/STM32L4xx_HAL_Driver/Src/stm32l4xx_hal_rtc.o
                0x00000000080060da                HAL_RTC_WaitForSynchro
 .text.RTC_EnterInitMode
                0x0000000008006126       0x66 Drivers/STM32L4xx_HAL_Driver/Src/stm32l4xx_hal_rtc.o
                0x0000000008006126                RTC_EnterInitMode
 .text.RTC_ExitInitMode
                0x000000000800618c       0x7c Drivers/STM32L4xx_HAL_Driver/Src/stm32l4xx_hal_rtc.o
                0x000000000800618c                RTC_ExitInitMode
 .text.HAL_SPI_Init
                0x0000000008006208      0x146 Drivers/STM32L4xx_HAL_Driver/Src/stm32l4xx_hal_spi.o
                0x0000000008006208                HAL_SPI_Init
 .text.HAL_SPI_Transmit
                0x000000000800634e      0x2dc Drivers/STM32L4xx_HAL_Driver/Src/stm32l4xx_hal_spi.o
                0x000000000800634e                HAL_SPI_Transmit
 .text.HAL_SPI_TransmitReceive
                0x000000000800662a      0x426 Drivers/STM32L4xx_HAL_Driver/Src/stm32l4xx_hal_spi.o
                0x000000000800662a                HAL_SPI_TransmitReceive
 .text.SPI_WaitFlagStateUntilTimeout
                0x0000000008006a50      0x110 Drivers/STM32L4xx_HAL_Driver/Src/stm32l4xx_hal_spi.o
 .text.SPI_WaitFifoStateUntilTimeout
                0x0000000008006b60      0x11c Drivers/STM32L4xx_HAL_Driver/Src/stm32l4xx_hal_spi.o
 .text.SPI_EndRxTxTransaction
                0x0000000008006c7c       0x8c Drivers/STM32L4xx_HAL_Driver/Src/stm32l4xx_hal_spi.o
 .text.HAL_TIM_Base_Init
                0x0000000008006d08       0xae Drivers/STM32L4xx_HAL_Driver/Src/stm32l4xx_hal_tim.o
                0x0000000008006d08                HAL_TIM_Base_Init
 *fill*         0x0000000008006db6        0x2 
 .text.HAL_TIM_Base_Start
                0x0000000008006db8       0xd0 Drivers/STM32L4xx_HAL_Driver/Src/stm32l4xx_hal_tim.o
                0x0000000008006db8                HAL_TIM_Base_Start
 .text.HAL_TIM_Base_Start_IT
                0x0000000008006e88       0xe0 Drivers/STM32L4xx_HAL_Driver/Src/stm32l4xx_hal_tim.o
                0x0000000008006e88                HAL_TIM_Base_Start_IT
 .text.HAL_TIM_IRQHandler
                0x0000000008006f68      0x23e Drivers/STM32L4xx_HAL_Driver/Src/stm32l4xx_hal_tim.o
                0x0000000008006f68                HAL_TIM_IRQHandler
 .text.HAL_TIM_ConfigClockSource
                0x00000000080071a6      0x172 Drivers/STM32L4xx_HAL_Driver/Src/stm32l4xx_hal_tim.o
                0x00000000080071a6                HAL_TIM_ConfigClockSource
 .text.HAL_TIM_OC_DelayElapsedCallback
                0x0000000008007318       0x14 Drivers/STM32L4xx_HAL_Driver/Src/stm32l4xx_hal_tim.o
                0x0000000008007318                HAL_TIM_OC_DelayElapsedCallback
 .text.HAL_TIM_IC_CaptureCallback
                0x000000000800732c       0x14 Drivers/STM32L4xx_HAL_Driver/Src/stm32l4xx_hal_tim.o
                0x000000000800732c                HAL_TIM_IC_CaptureCallback
 .text.HAL_TIM_PWM_PulseFinishedCallback
                0x0000000008007340       0x14 Drivers/STM32L4xx_HAL_Driver/Src/stm32l4xx_hal_tim.o
                0x0000000008007340                HAL_TIM_PWM_PulseFinishedCallback
 .text.HAL_TIM_TriggerCallback
                0x0000000008007354       0x14 Drivers/STM32L4xx_HAL_Driver/Src/stm32l4xx_hal_tim.o
                0x0000000008007354                HAL_TIM_TriggerCallback
 .text.TIM_Base_SetConfig
                0x0000000008007368      0x134 Drivers/STM32L4xx_HAL_Driver/Src/stm32l4xx_hal_tim.o
                0x0000000008007368                TIM_Base_SetConfig
 .text.TIM_TI1_ConfigInputStage
                0x000000000800749c       0x5e Drivers/STM32L4xx_HAL_Driver/Src/stm32l4xx_hal_tim.o
 .text.TIM_TI2_ConfigInputStage
                0x00000000080074fa       0x60 Drivers/STM32L4xx_HAL_Driver/Src/stm32l4xx_hal_tim.o
 .text.TIM_ITRx_SetConfig
                0x000000000800755a       0x36 Drivers/STM32L4xx_HAL_Driver/Src/stm32l4xx_hal_tim.o
 .text.TIM_ETR_SetConfig
                0x0000000008007590       0x40 Drivers/STM32L4xx_HAL_Driver/Src/stm32l4xx_hal_tim.o
                0x0000000008007590                TIM_ETR_SetConfig
 .text.HAL_TIMEx_MasterConfigSynchronization
                0x00000000080075d0      0x110 Drivers/STM32L4xx_HAL_Driver/Src/stm32l4xx_hal_tim_ex.o
                0x00000000080075d0                HAL_TIMEx_MasterConfigSynchronization
 .text.HAL_TIMEx_CommutCallback
                0x00000000080076e0       0x14 Drivers/STM32L4xx_HAL_Driver/Src/stm32l4xx_hal_tim_ex.o
                0x00000000080076e0                HAL_TIMEx_CommutCallback
 .text.HAL_TIMEx_BreakCallback
                0x00000000080076f4       0x14 Drivers/STM32L4xx_HAL_Driver/Src/stm32l4xx_hal_tim_ex.o
                0x00000000080076f4                HAL_TIMEx_BreakCallback
 .text.HAL_TIMEx_Break2Callback
                0x0000000008007708       0x14 Drivers/STM32L4xx_HAL_Driver/Src/stm32l4xx_hal_tim_ex.o
                0x0000000008007708                HAL_TIMEx_Break2Callback
 .text.HAL_UART_Init
                0x000000000800771c       0x9c Drivers/STM32L4xx_HAL_Driver/Src/stm32l4xx_hal_uart.o
                0x000000000800771c                HAL_UART_Init
 .text.HAL_UART_Transmit
                0x00000000080077b8      0x126 Drivers/STM32L4xx_HAL_Driver/Src/stm32l4xx_hal_uart.o
                0x00000000080077b8                HAL_UART_Transmit
 *fill*         0x00000000080078de        0x2 
 .text.HAL_UART_Receive_IT
                0x00000000080078e0      0x144 Drivers/STM32L4xx_HAL_Driver/Src/stm32l4xx_hal_uart.o
                0x00000000080078e0                HAL_UART_Receive_IT
 .text.HAL_UART_IRQHandler
                0x0000000008007a24      0x290 Drivers/STM32L4xx_HAL_Driver/Src/stm32l4xx_hal_uart.o
                0x0000000008007a24                HAL_UART_IRQHandler
 .text.HAL_UART_TxCpltCallback
                0x0000000008007cb4       0x14 Drivers/STM32L4xx_HAL_Driver/Src/stm32l4xx_hal_uart.o
                0x0000000008007cb4                HAL_UART_TxCpltCallback
 .text.HAL_UART_ErrorCallback
                0x0000000008007cc8       0x14 Drivers/STM32L4xx_HAL_Driver/Src/stm32l4xx_hal_uart.o
                0x0000000008007cc8                HAL_UART_ErrorCallback
 .text.UART_SetConfig
                0x0000000008007cdc      0x514 Drivers/STM32L4xx_HAL_Driver/Src/stm32l4xx_hal_uart.o
                0x0000000008007cdc                UART_SetConfig
 .text.UART_AdvFeatureConfig
                0x00000000080081f0      0x144 Drivers/STM32L4xx_HAL_Driver/Src/stm32l4xx_hal_uart.o
                0x00000000080081f0                UART_AdvFeatureConfig
 .text.UART_CheckIdleState
                0x0000000008008334       0x8a Drivers/STM32L4xx_HAL_Driver/Src/stm32l4xx_hal_uart.o
                0x0000000008008334                UART_CheckIdleState
 .text.UART_WaitOnFlagUntilTimeout
                0x00000000080083be       0xf6 Drivers/STM32L4xx_HAL_Driver/Src/stm32l4xx_hal_uart.o
                0x00000000080083be                UART_WaitOnFlagUntilTimeout
 .text.UART_EndRxTransfer
                0x00000000080084b4       0x40 Drivers/STM32L4xx_HAL_Driver/Src/stm32l4xx_hal_uart.o
 .text.UART_DMAAbortOnError
                0x00000000080084f4       0x2c Drivers/STM32L4xx_HAL_Driver/Src/stm32l4xx_hal_uart.o
 .text.UART_EndTransmit_IT
                0x0000000008008520       0x32 Drivers/STM32L4xx_HAL_Driver/Src/stm32l4xx_hal_uart.o
 .text.UART_RxISR_8BIT
                0x0000000008008552       0xaa Drivers/STM32L4xx_HAL_Driver/Src/stm32l4xx_hal_uart.o
 .text.UART_RxISR_16BIT
                0x00000000080085fc       0xaa Drivers/STM32L4xx_HAL_Driver/Src/stm32l4xx_hal_uart.o
 .text.HAL_UARTEx_WakeupCallback
                0x00000000080086a6       0x14 Drivers/STM32L4xx_HAL_Driver/Src/stm32l4xx_hal_uart_ex.o
                0x00000000080086a6                HAL_UARTEx_WakeupCallback
 *fill*         0x00000000080086ba        0x2 
 .text.MX_FATFS_Init
                0x00000000080086bc       0x24 FATFS/App/fatfs.o
                0x00000000080086bc                MX_FATFS_Init
 .text.get_fattime
                0x00000000080086e0       0x10 FATFS/App/fatfs.o
                0x00000000080086e0                get_fattime
 .text.USER_initialize
                0x00000000080086f0       0x1e FATFS/Target/user_diskio.o
                0x00000000080086f0                USER_initialize
 .text.USER_status
                0x000000000800870e       0x1e FATFS/Target/user_diskio.o
                0x000000000800870e                USER_status
 .text.USER_read
                0x000000000800872c       0x28 FATFS/Target/user_diskio.o
                0x000000000800872c                USER_read
 .text.USER_write
                0x0000000008008754       0x28 FATFS/Target/user_diskio.o
                0x0000000008008754                USER_write
 .text.USER_ioctl
                0x000000000800877c       0x2c FATFS/Target/user_diskio.o
                0x000000000800877c                USER_ioctl
 .text.disk_status
                0x00000000080087a8       0x34 Middlewares/Third_Party/FatFs/src/diskio.o
                0x00000000080087a8                disk_status
 .text.disk_initialize
                0x00000000080087dc       0x4c Middlewares/Third_Party/FatFs/src/diskio.o
                0x00000000080087dc                disk_initialize
 .text.disk_read
                0x0000000008008828       0x40 Middlewares/Third_Party/FatFs/src/diskio.o
                0x0000000008008828                disk_read
 .text.disk_write
                0x0000000008008868       0x40 Middlewares/Third_Party/FatFs/src/diskio.o
                0x0000000008008868                disk_write
 .text.disk_ioctl
                0x00000000080088a8       0x3c Middlewares/Third_Party/FatFs/src/diskio.o
                0x00000000080088a8                disk_ioctl
 .text.ld_word  0x00000000080088e4       0x30 Middlewares/Third_Party/FatFs/src/ff.o
 .text.ld_dword
                0x0000000008008914       0x46 Middlewares/Third_Party/FatFs/src/ff.o
 .text.st_word  0x000000000800895a       0x36 Middlewares/Third_Party/FatFs/src/ff.o
 .text.st_dword
                0x0000000008008990       0x58 Middlewares/Third_Party/FatFs/src/ff.o
 .text.mem_cpy  0x00000000080089e8       0x42 Middlewares/Third_Party/FatFs/src/ff.o
 .text.mem_set  0x0000000008008a2a       0x34 Middlewares/Third_Party/FatFs/src/ff.o
 .text.mem_cmp  0x0000000008008a5e       0x4e Middlewares/Third_Party/FatFs/src/ff.o
 .text.chk_chr  0x0000000008008aac       0x36 Middlewares/Third_Party/FatFs/src/ff.o
 *fill*         0x0000000008008ae2        0x2 
 .text.chk_lock
                0x0000000008008ae4       0xb8 Middlewares/Third_Party/FatFs/src/ff.o
 .text.enq_lock
                0x0000000008008b9c       0x44 Middlewares/Third_Party/FatFs/src/ff.o
 .text.inc_lock
                0x0000000008008be0      0x11c Middlewares/Third_Party/FatFs/src/ff.o
 .text.dec_lock
                0x0000000008008cfc       0x78 Middlewares/Third_Party/FatFs/src/ff.o
 .text.clear_lock
                0x0000000008008d74       0x48 Middlewares/Third_Party/FatFs/src/ff.o
 .text.sync_window
                0x0000000008008dbc       0x88 Middlewares/Third_Party/FatFs/src/ff.o
 .text.move_window
                0x0000000008008e44       0x5a Middlewares/Third_Party/FatFs/src/ff.o
 *fill*         0x0000000008008e9e        0x2 
 .text.sync_fs  0x0000000008008ea0       0xe0 Middlewares/Third_Party/FatFs/src/ff.o
 .text.clust2sect
                0x0000000008008f80       0x3e Middlewares/Third_Party/FatFs/src/ff.o
 .text.get_fat  0x0000000008008fbe      0x1a0 Middlewares/Third_Party/FatFs/src/ff.o
 .text.put_fat  0x000000000800915e      0x22e Middlewares/Third_Party/FatFs/src/ff.o
 .text.remove_chain
                0x000000000800938c       0xca Middlewares/Third_Party/FatFs/src/ff.o
 .text.create_chain
                0x0000000008009456      0x130 Middlewares/Third_Party/FatFs/src/ff.o
 .text.clmt_clust
                0x0000000008009586       0x70 Middlewares/Third_Party/FatFs/src/ff.o
 .text.dir_sdi  0x00000000080095f6      0x112 Middlewares/Third_Party/FatFs/src/ff.o
 .text.dir_next
                0x0000000008009708      0x1ac Middlewares/Third_Party/FatFs/src/ff.o
 .text.dir_alloc
                0x00000000080098b4       0x8e Middlewares/Third_Party/FatFs/src/ff.o
 .text.ld_clust
                0x0000000008009942       0x3e Middlewares/Third_Party/FatFs/src/ff.o
 .text.st_clust
                0x0000000008009980       0x40 Middlewares/Third_Party/FatFs/src/ff.o
 .text.cmp_lfn  0x00000000080099c0       0xe0 Middlewares/Third_Party/FatFs/src/ff.o
 .text.put_lfn  0x0000000008009aa0       0xd0 Middlewares/Third_Party/FatFs/src/ff.o
 .text.gen_numname
                0x0000000008009b70      0x11e Middlewares/Third_Party/FatFs/src/ff.o
 .text.sum_sfn  0x0000000008009c8e       0x42 Middlewares/Third_Party/FatFs/src/ff.o
 .text.dir_find
                0x0000000008009cd0      0x180 Middlewares/Third_Party/FatFs/src/ff.o
 .text.dir_register
                0x0000000008009e50      0x1f0 Middlewares/Third_Party/FatFs/src/ff.o
 .text.create_name
                0x000000000800a040      0x370 Middlewares/Third_Party/FatFs/src/ff.o
 .text.follow_path
                0x000000000800a3b0       0xec Middlewares/Third_Party/FatFs/src/ff.o
 .text.get_ldnumber
                0x000000000800a49c       0x88 Middlewares/Third_Party/FatFs/src/ff.o
 .text.check_fs
                0x000000000800a524       0xac Middlewares/Third_Party/FatFs/src/ff.o
 .text.find_volume
                0x000000000800a5d0      0x510 Middlewares/Third_Party/FatFs/src/ff.o
 .text.validate
                0x000000000800aae0       0x6a Middlewares/Third_Party/FatFs/src/ff.o
 *fill*         0x000000000800ab4a        0x2 
 .text.f_mount  0x000000000800ab4c       0x8c Middlewares/Third_Party/FatFs/src/ff.o
                0x000000000800ab4c                f_mount
 .text.f_open   0x000000000800abd8      0x398 Middlewares/Third_Party/FatFs/src/ff.o
                0x000000000800abd8                f_open
 .text.f_write  0x000000000800af70      0x328 Middlewares/Third_Party/FatFs/src/ff.o
                0x000000000800af70                f_write
 .text.f_sync   0x000000000800b298       0xfc Middlewares/Third_Party/FatFs/src/ff.o
                0x000000000800b298                f_sync
 .text.f_close  0x000000000800b394       0x54 Middlewares/Third_Party/FatFs/src/ff.o
                0x000000000800b394                f_close
 .text.f_lseek  0x000000000800b3e8      0x448 Middlewares/Third_Party/FatFs/src/ff.o
                0x000000000800b3e8                f_lseek
 .text.putc_bfd
                0x000000000800b830       0x7a Middlewares/Third_Party/FatFs/src/ff.o
 .text.putc_flush
                0x000000000800b8aa       0x4c Middlewares/Third_Party/FatFs/src/ff.o
 .text.putc_init
                0x000000000800b8f6       0x2a Middlewares/Third_Party/FatFs/src/ff.o
 .text.f_puts   0x000000000800b920       0x48 Middlewares/Third_Party/FatFs/src/ff.o
                0x000000000800b920                f_puts
 .text.FATFS_LinkDriverEx
                0x000000000800b968       0x98 Middlewares/Third_Party/FatFs/src/ff_gen_drv.o
                0x000000000800b968                FATFS_LinkDriverEx
 .text.FATFS_LinkDriver
                0x000000000800ba00       0x1e Middlewares/Third_Party/FatFs/src/ff_gen_drv.o
                0x000000000800ba00                FATFS_LinkDriver
 *fill*         0x000000000800ba1e        0x2 
 .text.ff_convert
                0x000000000800ba20       0x78 Middlewares/Third_Party/FatFs/src/option/ccsbcs.o
                0x000000000800ba20                ff_convert
 .text.ff_wtoupper
                0x000000000800ba98      0x114 Middlewares/Third_Party/FatFs/src/option/ccsbcs.o
                0x000000000800ba98                ff_wtoupper
 .text.__errno  0x000000000800bbac        0xc c:/st/stm32cubeide_1.4.0/stm32cubeide/plugins/com.st.stm32cube.ide.mcu.externaltools.gnu-tools-for-stm32.7-2018-q2-update.win32_1.4.0.202007081208/tools/bin/../lib/gcc/arm-none-eabi/7.3.1/../../../../arm-none-eabi/lib/thumb/v7e-m/fpv4-sp/hard\libc_nano.a(lib_a-errno.o)
                0x000000000800bbac                __errno
 .text.__libc_init_array
                0x000000000800bbb8       0x48 c:/st/stm32cubeide_1.4.0/stm32cubeide/plugins/com.st.stm32cube.ide.mcu.externaltools.gnu-tools-for-stm32.7-2018-q2-update.win32_1.4.0.202007081208/tools/bin/../lib/gcc/arm-none-eabi/7.3.1/../../../../arm-none-eabi/lib/thumb/v7e-m/fpv4-sp/hard\libc_nano.a(lib_a-init.o)
                0x000000000800bbb8                __libc_init_array
 .text.memset   0x000000000800bc00       0x10 c:/st/stm32cubeide_1.4.0/stm32cubeide/plugins/com.st.stm32cube.ide.mcu.externaltools.gnu-tools-for-stm32.7-2018-q2-update.win32_1.4.0.202007081208/tools/bin/../lib/gcc/arm-none-eabi/7.3.1/../../../../arm-none-eabi/lib/thumb/v7e-m/fpv4-sp/hard\libc_nano.a(lib_a-memset.o)
                0x000000000800bc00                memset
 .text.__cvt    0x000000000800bc10       0xc2 c:/st/stm32cubeide_1.4.0/stm32cubeide/plugins/com.st.stm32cube.ide.mcu.externaltools.gnu-tools-for-stm32.7-2018-q2-update.win32_1.4.0.202007081208/tools/bin/../lib/gcc/arm-none-eabi/7.3.1/../../../../arm-none-eabi/lib/thumb/v7e-m/fpv4-sp/hard\libc_nano.a(lib_a-nano-vfprintf_float.o)
                0x000000000800bc10                __cvt
 .text.__exponent
                0x000000000800bcd2       0x66 c:/st/stm32cubeide_1.4.0/stm32cubeide/plugins/com.st.stm32cube.ide.mcu.externaltools.gnu-tools-for-stm32.7-2018-q2-update.win32_1.4.0.202007081208/tools/bin/../lib/gcc/arm-none-eabi/7.3.1/../../../../arm-none-eabi/lib/thumb/v7e-m/fpv4-sp/hard\libc_nano.a(lib_a-nano-vfprintf_float.o)
                0x000000000800bcd2                __exponent
 .text._printf_float
                0x000000000800bd38      0x480 c:/st/stm32cubeide_1.4.0/stm32cubeide/plugins/com.st.stm32cube.ide.mcu.externaltools.gnu-tools-for-stm32.7-2018-q2-update.win32_1.4.0.202007081208/tools/bin/../lib/gcc/arm-none-eabi/7.3.1/../../../../arm-none-eabi/lib/thumb/v7e-m/fpv4-sp/hard\libc_nano.a(lib_a-nano-vfprintf_float.o)
                0x000000000800bd38                _printf_float
 .text._printf_common
                0x000000000800c1b8       0xea c:/st/stm32cubeide_1.4.0/stm32cubeide/plugins/com.st.stm32cube.ide.mcu.externaltools.gnu-tools-for-stm32.7-2018-q2-update.win32_1.4.0.202007081208/tools/bin/../lib/gcc/arm-none-eabi/7.3.1/../../../../arm-none-eabi/lib/thumb/v7e-m/fpv4-sp/hard\libc_nano.a(lib_a-nano-vfprintf_i.o)
                0x000000000800c1b8                _printf_common
 *fill*         0x000000000800c2a2        0x2 
 .text._printf_i
                0x000000000800c2a4      0x224 c:/st/stm32cubeide_1.4.0/stm32cubeide/plugins/com.st.stm32cube.ide.mcu.externaltools.gnu-tools-for-stm32.7-2018-q2-update.win32_1.4.0.202007081208/tools/bin/../lib/gcc/arm-none-eabi/7.3.1/../../../../arm-none-eabi/lib/thumb/v7e-m/fpv4-sp/hard\libc_nano.a(lib_a-nano-vfprintf_i.o)
                0x000000000800c2a4                _printf_i
 .text.printf   0x000000000800c4c8       0x30 c:/st/stm32cubeide_1.4.0/stm32cubeide/plugins/com.st.stm32cube.ide.mcu.externaltools.gnu-tools-for-stm32.7-2018-q2-update.win32_1.4.0.202007081208/tools/bin/../lib/gcc/arm-none-eabi/7.3.1/../../../../arm-none-eabi/lib/thumb/v7e-m/fpv4-sp/hard\libc_nano.a(lib_a-printf.o)
                0x000000000800c4c8                iprintf
                0x000000000800c4c8                printf
 .text.sprintf  0x000000000800c4f8       0x40 c:/st/stm32cubeide_1.4.0/stm32cubeide/plugins/com.st.stm32cube.ide.mcu.externaltools.gnu-tools-for-stm32.7-2018-q2-update.win32_1.4.0.202007081208/tools/bin/../lib/gcc/arm-none-eabi/7.3.1/../../../../arm-none-eabi/lib/thumb/v7e-m/fpv4-sp/hard\libc_nano.a(lib_a-sprintf.o)
                0x000000000800c4f8                siprintf
                0x000000000800c4f8                sprintf
 .text.quorem   0x000000000800c538      0x118 c:/st/stm32cubeide_1.4.0/stm32cubeide/plugins/com.st.stm32cube.ide.mcu.externaltools.gnu-tools-for-stm32.7-2018-q2-update.win32_1.4.0.202007081208/tools/bin/../lib/gcc/arm-none-eabi/7.3.1/../../../../arm-none-eabi/lib/thumb/v7e-m/fpv4-sp/hard\libc_nano.a(lib_a-dtoa.o)
 .text._dtoa_r  0x000000000800c650      0xb70 c:/st/stm32cubeide_1.4.0/stm32cubeide/plugins/com.st.stm32cube.ide.mcu.externaltools.gnu-tools-for-stm32.7-2018-q2-update.win32_1.4.0.202007081208/tools/bin/../lib/gcc/arm-none-eabi/7.3.1/../../../../arm-none-eabi/lib/thumb/v7e-m/fpv4-sp/hard\libc_nano.a(lib_a-dtoa.o)
                0x000000000800c650                _dtoa_r
 .text.std      0x000000000800d1c0       0x48 c:/st/stm32cubeide_1.4.0/stm32cubeide/plugins/com.st.stm32cube.ide.mcu.externaltools.gnu-tools-for-stm32.7-2018-q2-update.win32_1.4.0.202007081208/tools/bin/../lib/gcc/arm-none-eabi/7.3.1/../../../../arm-none-eabi/lib/thumb/v7e-m/fpv4-sp/hard\libc_nano.a(lib_a-findfp.o)
 .text._cleanup_r
                0x000000000800d208        0xc c:/st/stm32cubeide_1.4.0/stm32cubeide/plugins/com.st.stm32cube.ide.mcu.externaltools.gnu-tools-for-stm32.7-2018-q2-update.win32_1.4.0.202007081208/tools/bin/../lib/gcc/arm-none-eabi/7.3.1/../../../../arm-none-eabi/lib/thumb/v7e-m/fpv4-sp/hard\libc_nano.a(lib_a-findfp.o)
                0x000000000800d208                _cleanup_r
 .text.__sfmoreglue
                0x000000000800d214       0x2c c:/st/stm32cubeide_1.4.0/stm32cubeide/plugins/com.st.stm32cube.ide.mcu.externaltools.gnu-tools-for-stm32.7-2018-q2-update.win32_1.4.0.202007081208/tools/bin/../lib/gcc/arm-none-eabi/7.3.1/../../../../arm-none-eabi/lib/thumb/v7e-m/fpv4-sp/hard\libc_nano.a(lib_a-findfp.o)
                0x000000000800d214                __sfmoreglue
 .text.__sinit  0x000000000800d240       0x60 c:/st/stm32cubeide_1.4.0/stm32cubeide/plugins/com.st.stm32cube.ide.mcu.externaltools.gnu-tools-for-stm32.7-2018-q2-update.win32_1.4.0.202007081208/tools/bin/../lib/gcc/arm-none-eabi/7.3.1/../../../../arm-none-eabi/lib/thumb/v7e-m/fpv4-sp/hard\libc_nano.a(lib_a-findfp.o)
                0x000000000800d240                __sinit
 .text.__sfp    0x000000000800d2a0       0x78 c:/st/stm32cubeide_1.4.0/stm32cubeide/plugins/com.st.stm32cube.ide.mcu.externaltools.gnu-tools-for-stm32.7-2018-q2-update.win32_1.4.0.202007081208/tools/bin/../lib/gcc/arm-none-eabi/7.3.1/../../../../arm-none-eabi/lib/thumb/v7e-m/fpv4-sp/hard\libc_nano.a(lib_a-findfp.o)
                0x000000000800d2a0                __sfp
 .text._fwalk_reent
                0x000000000800d318       0x3c c:/st/stm32cubeide_1.4.0/stm32cubeide/plugins/com.st.stm32cube.ide.mcu.externaltools.gnu-tools-for-stm32.7-2018-q2-update.win32_1.4.0.202007081208/tools/bin/../lib/gcc/arm-none-eabi/7.3.1/../../../../arm-none-eabi/lib/thumb/v7e-m/fpv4-sp/hard\libc_nano.a(lib_a-fwalk.o)
                0x000000000800d318                _fwalk_reent
 .text._localeconv_r
                0x000000000800d354       0x1c c:/st/stm32cubeide_1.4.0/stm32cubeide/plugins/com.st.stm32cube.ide.mcu.externaltools.gnu-tools-for-stm32.7-2018-q2-update.win32_1.4.0.202007081208/tools/bin/../lib/gcc/arm-none-eabi/7.3.1/../../../../arm-none-eabi/lib/thumb/v7e-m/fpv4-sp/hard\libc_nano.a(lib_a-localeconv.o)
                0x000000000800d354                _localeconv_r
 .text.malloc   0x000000000800d370       0x10 c:/st/stm32cubeide_1.4.0/stm32cubeide/plugins/com.st.stm32cube.ide.mcu.externaltools.gnu-tools-for-stm32.7-2018-q2-update.win32_1.4.0.202007081208/tools/bin/../lib/gcc/arm-none-eabi/7.3.1/../../../../arm-none-eabi/lib/thumb/v7e-m/fpv4-sp/hard\libc_nano.a(lib_a-malloc.o)
                0x000000000800d370                malloc
 .text.memcpy   0x000000000800d380       0x16 c:/st/stm32cubeide_1.4.0/stm32cubeide/plugins/com.st.stm32cube.ide.mcu.externaltools.gnu-tools-for-stm32.7-2018-q2-update.win32_1.4.0.202007081208/tools/bin/../lib/gcc/arm-none-eabi/7.3.1/../../../../arm-none-eabi/lib/thumb/v7e-m/fpv4-sp/hard\libc_nano.a(lib_a-memcpy-stub.o)
                0x000000000800d380                memcpy
 .text._Balloc  0x000000000800d396       0x68 c:/st/stm32cubeide_1.4.0/stm32cubeide/plugins/com.st.stm32cube.ide.mcu.externaltools.gnu-tools-for-stm32.7-2018-q2-update.win32_1.4.0.202007081208/tools/bin/../lib/gcc/arm-none-eabi/7.3.1/../../../../arm-none-eabi/lib/thumb/v7e-m/fpv4-sp/hard\libc_nano.a(lib_a-mprec.o)
                0x000000000800d396                _Balloc
 .text._Bfree   0x000000000800d3fe       0x2e c:/st/stm32cubeide_1.4.0/stm32cubeide/plugins/com.st.stm32cube.ide.mcu.externaltools.gnu-tools-for-stm32.7-2018-q2-update.win32_1.4.0.202007081208/tools/bin/../lib/gcc/arm-none-eabi/7.3.1/../../../../arm-none-eabi/lib/thumb/v7e-m/fpv4-sp/hard\libc_nano.a(lib_a-mprec.o)
                0x000000000800d3fe                _Bfree
 .text.__multadd
                0x000000000800d42c       0x76 c:/st/stm32cubeide_1.4.0/stm32cubeide/plugins/com.st.stm32cube.ide.mcu.externaltools.gnu-tools-for-stm32.7-2018-q2-update.win32_1.4.0.202007081208/tools/bin/../lib/gcc/arm-none-eabi/7.3.1/../../../../arm-none-eabi/lib/thumb/v7e-m/fpv4-sp/hard\libc_nano.a(lib_a-mprec.o)
                0x000000000800d42c                __multadd
 .text.__hi0bits
                0x000000000800d4a2       0x3e c:/st/stm32cubeide_1.4.0/stm32cubeide/plugins/com.st.stm32cube.ide.mcu.externaltools.gnu-tools-for-stm32.7-2018-q2-update.win32_1.4.0.202007081208/tools/bin/../lib/gcc/arm-none-eabi/7.3.1/../../../../arm-none-eabi/lib/thumb/v7e-m/fpv4-sp/hard\libc_nano.a(lib_a-mprec.o)
                0x000000000800d4a2                __hi0bits
 .text.__lo0bits
                0x000000000800d4e0       0x5e c:/st/stm32cubeide_1.4.0/stm32cubeide/plugins/com.st.stm32cube.ide.mcu.externaltools.gnu-tools-for-stm32.7-2018-q2-update.win32_1.4.0.202007081208/tools/bin/../lib/gcc/arm-none-eabi/7.3.1/../../../../arm-none-eabi/lib/thumb/v7e-m/fpv4-sp/hard\libc_nano.a(lib_a-mprec.o)
                0x000000000800d4e0                __lo0bits
 .text.__i2b    0x000000000800d53e       0x12 c:/st/stm32cubeide_1.4.0/stm32cubeide/plugins/com.st.stm32cube.ide.mcu.externaltools.gnu-tools-for-stm32.7-2018-q2-update.win32_1.4.0.202007081208/tools/bin/../lib/gcc/arm-none-eabi/7.3.1/../../../../arm-none-eabi/lib/thumb/v7e-m/fpv4-sp/hard\libc_nano.a(lib_a-mprec.o)
                0x000000000800d53e                __i2b
 .text.__multiply
                0x000000000800d550      0x12c c:/st/stm32cubeide_1.4.0/stm32cubeide/plugins/com.st.stm32cube.ide.mcu.externaltools.gnu-tools-for-stm32.7-2018-q2-update.win32_1.4.0.202007081208/tools/bin/../lib/gcc/arm-none-eabi/7.3.1/../../../../arm-none-eabi/lib/thumb/v7e-m/fpv4-sp/hard\libc_nano.a(lib_a-mprec.o)
                0x000000000800d550                __multiply
 .text.__pow5mult
                0x000000000800d67c       0x9c c:/st/stm32cubeide_1.4.0/stm32cubeide/plugins/com.st.stm32cube.ide.mcu.externaltools.gnu-tools-for-stm32.7-2018-q2-update.win32_1.4.0.202007081208/tools/bin/../lib/gcc/arm-none-eabi/7.3.1/../../../../arm-none-eabi/lib/thumb/v7e-m/fpv4-sp/hard\libc_nano.a(lib_a-mprec.o)
                0x000000000800d67c                __pow5mult
 .text.__lshift
                0x000000000800d718       0xa8 c:/st/stm32cubeide_1.4.0/stm32cubeide/plugins/com.st.stm32cube.ide.mcu.externaltools.gnu-tools-for-stm32.7-2018-q2-update.win32_1.4.0.202007081208/tools/bin/../lib/gcc/arm-none-eabi/7.3.1/../../../../arm-none-eabi/lib/thumb/v7e-m/fpv4-sp/hard\libc_nano.a(lib_a-mprec.o)
                0x000000000800d718                __lshift
 .text.__mcmp   0x000000000800d7c0       0x34 c:/st/stm32cubeide_1.4.0/stm32cubeide/plugins/com.st.stm32cube.ide.mcu.externaltools.gnu-tools-for-stm32.7-2018-q2-update.win32_1.4.0.202007081208/tools/bin/../lib/gcc/arm-none-eabi/7.3.1/../../../../arm-none-eabi/lib/thumb/v7e-m/fpv4-sp/hard\libc_nano.a(lib_a-mprec.o)
                0x000000000800d7c0                __mcmp
 .text.__mdiff  0x000000000800d7f4       0xba c:/st/stm32cubeide_1.4.0/stm32cubeide/plugins/com.st.stm32cube.ide.mcu.externaltools.gnu-tools-for-stm32.7-2018-q2-update.win32_1.4.0.202007081208/tools/bin/../lib/gcc/arm-none-eabi/7.3.1/../../../../arm-none-eabi/lib/thumb/v7e-m/fpv4-sp/hard\libc_nano.a(lib_a-mprec.o)
                0x000000000800d7f4                __mdiff
 .text.__d2b    0x000000000800d8ae       0x9e c:/st/stm32cubeide_1.4.0/stm32cubeide/plugins/com.st.stm32cube.ide.mcu.externaltools.gnu-tools-for-stm32.7-2018-q2-update.win32_1.4.0.202007081208/tools/bin/../lib/gcc/arm-none-eabi/7.3.1/../../../../arm-none-eabi/lib/thumb/v7e-m/fpv4-sp/hard\libc_nano.a(lib_a-mprec.o)
                0x000000000800d8ae                __d2b
 .text._calloc_r
                0x000000000800d94c       0x1c c:/st/stm32cubeide_1.4.0/stm32cubeide/plugins/com.st.stm32cube.ide.mcu.externaltools.gnu-tools-for-stm32.7-2018-q2-update.win32_1.4.0.202007081208/tools/bin/../lib/gcc/arm-none-eabi/7.3.1/../../../../arm-none-eabi/lib/thumb/v7e-m/fpv4-sp/hard\libc_nano.a(lib_a-nano-callocr.o)
                0x000000000800d94c                _calloc_r
 .text._free_r  0x000000000800d968       0x9c c:/st/stm32cubeide_1.4.0/stm32cubeide/plugins/com.st.stm32cube.ide.mcu.externaltools.gnu-tools-for-stm32.7-2018-q2-update.win32_1.4.0.202007081208/tools/bin/../lib/gcc/arm-none-eabi/7.3.1/../../../../arm-none-eabi/lib/thumb/v7e-m/fpv4-sp/hard\libc_nano.a(lib_a-nano-freer.o)
                0x000000000800d968                _free_r
 .text._malloc_r
                0x000000000800da04       0xb4 c:/st/stm32cubeide_1.4.0/stm32cubeide/plugins/com.st.stm32cube.ide.mcu.externaltools.gnu-tools-for-stm32.7-2018-q2-update.win32_1.4.0.202007081208/tools/bin/../lib/gcc/arm-none-eabi/7.3.1/../../../../arm-none-eabi/lib/thumb/v7e-m/fpv4-sp/hard\libc_nano.a(lib_a-nano-mallocr.o)
                0x000000000800da04                _malloc_r
 .text.__ssputs_r
                0x000000000800dab8       0xb4 c:/st/stm32cubeide_1.4.0/stm32cubeide/plugins/com.st.stm32cube.ide.mcu.externaltools.gnu-tools-for-stm32.7-2018-q2-update.win32_1.4.0.202007081208/tools/bin/../lib/gcc/arm-none-eabi/7.3.1/../../../../arm-none-eabi/lib/thumb/v7e-m/fpv4-sp/hard\libc_nano.a(lib_a-nano-svfprintf.o)
                0x000000000800dab8                __ssputs_r
 .text._svfprintf_r
                0x000000000800db6c      0x1f0 c:/st/stm32cubeide_1.4.0/stm32cubeide/plugins/com.st.stm32cube.ide.mcu.externaltools.gnu-tools-for-stm32.7-2018-q2-update.win32_1.4.0.202007081208/tools/bin/../lib/gcc/arm-none-eabi/7.3.1/../../../../arm-none-eabi/lib/thumb/v7e-m/fpv4-sp/hard\libc_nano.a(lib_a-nano-svfprintf.o)
                0x000000000800db6c                _svfiprintf_r
                0x000000000800db6c                _svfprintf_r
 .text.__sfputc_r
                0x000000000800dd5c       0x2e c:/st/stm32cubeide_1.4.0/stm32cubeide/plugins/com.st.stm32cube.ide.mcu.externaltools.gnu-tools-for-stm32.7-2018-q2-update.win32_1.4.0.202007081208/tools/bin/../lib/gcc/arm-none-eabi/7.3.1/../../../../arm-none-eabi/lib/thumb/v7e-m/fpv4-sp/hard\libc_nano.a(lib_a-nano-vfprintf.o)
 .text.__sfputs_r
                0x000000000800dd8a       0x24 c:/st/stm32cubeide_1.4.0/stm32cubeide/plugins/com.st.stm32cube.ide.mcu.externaltools.gnu-tools-for-stm32.7-2018-q2-update.win32_1.4.0.202007081208/tools/bin/../lib/gcc/arm-none-eabi/7.3.1/../../../../arm-none-eabi/lib/thumb/v7e-m/fpv4-sp/hard\libc_nano.a(lib_a-nano-vfprintf.o)
                0x000000000800dd8a                __sfputs_r
 *fill*         0x000000000800ddae        0x2 
 .text._vfprintf_r
                0x000000000800ddb0      0x22c c:/st/stm32cubeide_1.4.0/stm32cubeide/plugins/com.st.stm32cube.ide.mcu.externaltools.gnu-tools-for-stm32.7-2018-q2-update.win32_1.4.0.202007081208/tools/bin/../lib/gcc/arm-none-eabi/7.3.1/../../../../arm-none-eabi/lib/thumb/v7e-m/fpv4-sp/hard\libc_nano.a(lib_a-nano-vfprintf.o)
                0x000000000800ddb0                _vfprintf_r
                0x000000000800ddb0                _vfiprintf_r
 .text._sbrk_r  0x000000000800dfdc       0x20 c:/st/stm32cubeide_1.4.0/stm32cubeide/plugins/com.st.stm32cube.ide.mcu.externaltools.gnu-tools-for-stm32.7-2018-q2-update.win32_1.4.0.202007081208/tools/bin/../lib/gcc/arm-none-eabi/7.3.1/../../../../arm-none-eabi/lib/thumb/v7e-m/fpv4-sp/hard\libc_nano.a(lib_a-sbrkr.o)
                0x000000000800dfdc                _sbrk_r
 .text.__sread  0x000000000800dffc       0x22 c:/st/stm32cubeide_1.4.0/stm32cubeide/plugins/com.st.stm32cube.ide.mcu.externaltools.gnu-tools-for-stm32.7-2018-q2-update.win32_1.4.0.202007081208/tools/bin/../lib/gcc/arm-none-eabi/7.3.1/../../../../arm-none-eabi/lib/thumb/v7e-m/fpv4-sp/hard\libc_nano.a(lib_a-stdio.o)
                0x000000000800dffc                __sread
 .text.__swrite
                0x000000000800e01e       0x38 c:/st/stm32cubeide_1.4.0/stm32cubeide/plugins/com.st.stm32cube.ide.mcu.externaltools.gnu-tools-for-stm32.7-2018-q2-update.win32_1.4.0.202007081208/tools/bin/../lib/gcc/arm-none-eabi/7.3.1/../../../../arm-none-eabi/lib/thumb/v7e-m/fpv4-sp/hard\libc_nano.a(lib_a-stdio.o)
                0x000000000800e01e                __swrite
 .text.__sseek  0x000000000800e056       0x24 c:/st/stm32cubeide_1.4.0/stm32cubeide/plugins/com.st.stm32cube.ide.mcu.externaltools.gnu-tools-for-stm32.7-2018-q2-update.win32_1.4.0.202007081208/tools/bin/../lib/gcc/arm-none-eabi/7.3.1/../../../../arm-none-eabi/lib/thumb/v7e-m/fpv4-sp/hard\libc_nano.a(lib_a-stdio.o)
                0x000000000800e056                __sseek
 .text.__sclose
                0x000000000800e07a        0x8 c:/st/stm32cubeide_1.4.0/stm32cubeide/plugins/com.st.stm32cube.ide.mcu.externaltools.gnu-tools-for-stm32.7-2018-q2-update.win32_1.4.0.202007081208/tools/bin/../lib/gcc/arm-none-eabi/7.3.1/../../../../arm-none-eabi/lib/thumb/v7e-m/fpv4-sp/hard\libc_nano.a(lib_a-stdio.o)
                0x000000000800e07a                __sclose
 *fill*         0x000000000800e082        0x2 
 .text.__swbuf_r
                0x000000000800e084       0xa4 c:/st/stm32cubeide_1.4.0/stm32cubeide/plugins/com.st.stm32cube.ide.mcu.externaltools.gnu-tools-for-stm32.7-2018-q2-update.win32_1.4.0.202007081208/tools/bin/../lib/gcc/arm-none-eabi/7.3.1/../../../../arm-none-eabi/lib/thumb/v7e-m/fpv4-sp/hard\libc_nano.a(lib_a-wbuf.o)
                0x000000000800e084                __swbuf_r
 .text._write_r
                0x000000000800e128       0x24 c:/st/stm32cubeide_1.4.0/stm32cubeide/plugins/com.st.stm32cube.ide.mcu.externaltools.gnu-tools-for-stm32.7-2018-q2-update.win32_1.4.0.202007081208/tools/bin/../lib/gcc/arm-none-eabi/7.3.1/../../../../arm-none-eabi/lib/thumb/v7e-m/fpv4-sp/hard\libc_nano.a(lib_a-writer.o)
                0x000000000800e128                _write_r
 .text.__swsetup_r
                0x000000000800e14c       0xdc c:/st/stm32cubeide_1.4.0/stm32cubeide/plugins/com.st.stm32cube.ide.mcu.externaltools.gnu-tools-for-stm32.7-2018-q2-update.win32_1.4.0.202007081208/tools/bin/../lib/gcc/arm-none-eabi/7.3.1/../../../../arm-none-eabi/lib/thumb/v7e-m/fpv4-sp/hard\libc_nano.a(lib_a-wsetup.o)
                0x000000000800e14c                __swsetup_r
 .text._close_r
                0x000000000800e228       0x20 c:/st/stm32cubeide_1.4.0/stm32cubeide/plugins/com.st.stm32cube.ide.mcu.externaltools.gnu-tools-for-stm32.7-2018-q2-update.win32_1.4.0.202007081208/tools/bin/../lib/gcc/arm-none-eabi/7.3.1/../../../../arm-none-eabi/lib/thumb/v7e-m/fpv4-sp/hard\libc_nano.a(lib_a-closer.o)
                0x000000000800e228                _close_r
 .text.__sflush_r
                0x000000000800e248      0x10c c:/st/stm32cubeide_1.4.0/stm32cubeide/plugins/com.st.stm32cube.ide.mcu.externaltools.gnu-tools-for-stm32.7-2018-q2-update.win32_1.4.0.202007081208/tools/bin/../lib/gcc/arm-none-eabi/7.3.1/../../../../arm-none-eabi/lib/thumb/v7e-m/fpv4-sp/hard\libc_nano.a(lib_a-fflush.o)
                0x000000000800e248                __sflush_r
 .text._fflush_r
                0x000000000800e354       0x54 c:/st/stm32cubeide_1.4.0/stm32cubeide/plugins/com.st.stm32cube.ide.mcu.externaltools.gnu-tools-for-stm32.7-2018-q2-update.win32_1.4.0.202007081208/tools/bin/../lib/gcc/arm-none-eabi/7.3.1/../../../../arm-none-eabi/lib/thumb/v7e-m/fpv4-sp/hard\libc_nano.a(lib_a-fflush.o)
                0x000000000800e354                _fflush_r
 .text._lseek_r
                0x000000000800e3a8       0x24 c:/st/stm32cubeide_1.4.0/stm32cubeide/plugins/com.st.stm32cube.ide.mcu.externaltools.gnu-tools-for-stm32.7-2018-q2-update.win32_1.4.0.202007081208/tools/bin/../lib/gcc/arm-none-eabi/7.3.1/../../../../arm-none-eabi/lib/thumb/v7e-m/fpv4-sp/hard\libc_nano.a(lib_a-lseekr.o)
                0x000000000800e3a8                _lseek_r
 .text.__swhatbuf_r
                0x000000000800e3cc       0x48 c:/st/stm32cubeide_1.4.0/stm32cubeide/plugins/com.st.stm32cube.ide.mcu.externaltools.gnu-tools-for-stm32.7-2018-q2-update.win32_1.4.0.202007081208/tools/bin/../lib/gcc/arm-none-eabi/7.3.1/../../../../arm-none-eabi/lib/thumb/v7e-m/fpv4-sp/hard\libc_nano.a(lib_a-makebuf.o)
                0x000000000800e3cc                __swhatbuf_r
 .text.__smakebuf_r
                0x000000000800e414       0x80 c:/st/stm32cubeide_1.4.0/stm32cubeide/plugins/com.st.stm32cube.ide.mcu.externaltools.gnu-tools-for-stm32.7-2018-q2-update.win32_1.4.0.202007081208/tools/bin/../lib/gcc/arm-none-eabi/7.3.1/../../../../arm-none-eabi/lib/thumb/v7e-m/fpv4-sp/hard\libc_nano.a(lib_a-makebuf.o)
                0x000000000800e414                __smakebuf_r
 .text.__ascii_mbtowc
                0x000000000800e494       0x24 c:/st/stm32cubeide_1.4.0/stm32cubeide/plugins/com.st.stm32cube.ide.mcu.externaltools.gnu-tools-for-stm32.7-2018-q2-update.win32_1.4.0.202007081208/tools/bin/../lib/gcc/arm-none-eabi/7.3.1/../../../../arm-none-eabi/lib/thumb/v7e-m/fpv4-sp/hard\libc_nano.a(lib_a-mbtowc_r.o)
                0x000000000800e494                __ascii_mbtowc
 .text.memmove  0x000000000800e4b8       0x32 c:/st/stm32cubeide_1.4.0/stm32cubeide/plugins/com.st.stm32cube.ide.mcu.externaltools.gnu-tools-for-stm32.7-2018-q2-update.win32_1.4.0.202007081208/tools/bin/../lib/gcc/arm-none-eabi/7.3.1/../../../../arm-none-eabi/lib/thumb/v7e-m/fpv4-sp/hard\libc_nano.a(lib_a-memmove.o)
                0x000000000800e4b8                memmove
 .text.__malloc_lock
                0x000000000800e4ea        0x2 c:/st/stm32cubeide_1.4.0/stm32cubeide/plugins/com.st.stm32cube.ide.mcu.externaltools.gnu-tools-for-stm32.7-2018-q2-update.win32_1.4.0.202007081208/tools/bin/../lib/gcc/arm-none-eabi/7.3.1/../../../../arm-none-eabi/lib/thumb/v7e-m/fpv4-sp/hard\libc_nano.a(lib_a-mlock.o)
                0x000000000800e4ea                __malloc_lock
 .text.__malloc_unlock
                0x000000000800e4ec        0x2 c:/st/stm32cubeide_1.4.0/stm32cubeide/plugins/com.st.stm32cube.ide.mcu.externaltools.gnu-tools-for-stm32.7-2018-q2-update.win32_1.4.0.202007081208/tools/bin/../lib/gcc/arm-none-eabi/7.3.1/../../../../arm-none-eabi/lib/thumb/v7e-m/fpv4-sp/hard\libc_nano.a(lib_a-mlock.o)
                0x000000000800e4ec                __malloc_unlock
 .text._realloc_r
                0x000000000800e4ee       0x4c c:/st/stm32cubeide_1.4.0/stm32cubeide/plugins/com.st.stm32cube.ide.mcu.externaltools.gnu-tools-for-stm32.7-2018-q2-update.win32_1.4.0.202007081208/tools/bin/../lib/gcc/arm-none-eabi/7.3.1/../../../../arm-none-eabi/lib/thumb/v7e-m/fpv4-sp/hard\libc_nano.a(lib_a-nano-reallocr.o)
                0x000000000800e4ee                _realloc_r
 *fill*         0x000000000800e53a        0x2 
 .text._read_r  0x000000000800e53c       0x24 c:/st/stm32cubeide_1.4.0/stm32cubeide/plugins/com.st.stm32cube.ide.mcu.externaltools.gnu-tools-for-stm32.7-2018-q2-update.win32_1.4.0.202007081208/tools/bin/../lib/gcc/arm-none-eabi/7.3.1/../../../../arm-none-eabi/lib/thumb/v7e-m/fpv4-sp/hard\libc_nano.a(lib_a-readr.o)
                0x000000000800e53c                _read_r
 .text.__ascii_wctomb
                0x000000000800e560       0x1a c:/st/stm32cubeide_1.4.0/stm32cubeide/plugins/com.st.stm32cube.ide.mcu.externaltools.gnu-tools-for-stm32.7-2018-q2-update.win32_1.4.0.202007081208/tools/bin/../lib/gcc/arm-none-eabi/7.3.1/../../../../arm-none-eabi/lib/thumb/v7e-m/fpv4-sp/hard\libc_nano.a(lib_a-wctomb_r.o)
                0x000000000800e560                __ascii_wctomb
 *fill*         0x000000000800e57a        0x2 
 .text._fstat_r
                0x000000000800e57c       0x24 c:/st/stm32cubeide_1.4.0/stm32cubeide/plugins/com.st.stm32cube.ide.mcu.externaltools.gnu-tools-for-stm32.7-2018-q2-update.win32_1.4.0.202007081208/tools/bin/../lib/gcc/arm-none-eabi/7.3.1/../../../../arm-none-eabi/lib/thumb/v7e-m/fpv4-sp/hard\libc_nano.a(lib_a-fstatr.o)
                0x000000000800e57c                _fstat_r
 .text._isatty_r
                0x000000000800e5a0       0x20 c:/st/stm32cubeide_1.4.0/stm32cubeide/plugins/com.st.stm32cube.ide.mcu.externaltools.gnu-tools-for-stm32.7-2018-q2-update.win32_1.4.0.202007081208/tools/bin/../lib/gcc/arm-none-eabi/7.3.1/../../../../arm-none-eabi/lib/thumb/v7e-m/fpv4-sp/hard\libc_nano.a(lib_a-isattyr.o)
                0x000000000800e5a0                _isatty_r
 .text._malloc_usable_size_r
                0x000000000800e5c0       0x10 c:/st/stm32cubeide_1.4.0/stm32cubeide/plugins/com.st.stm32cube.ide.mcu.externaltools.gnu-tools-for-stm32.7-2018-q2-update.win32_1.4.0.202007081208/tools/bin/../lib/gcc/arm-none-eabi/7.3.1/../../../../arm-none-eabi/lib/thumb/v7e-m/fpv4-sp/hard\libc_nano.a(lib_a-nano-msizer.o)
                0x000000000800e5c0                _malloc_usable_size_r
 *(.glue_7)
 .glue_7        0x000000000800e5d0        0x0 linker stubs
 *(.glue_7t)
 .glue_7t       0x000000000800e5d0        0x0 linker stubs
 *(.eh_frame)
 .eh_frame      0x000000000800e5d0        0x0 c:/st/stm32cubeide_1.4.0/stm32cubeide/plugins/com.st.stm32cube.ide.mcu.externaltools.gnu-tools-for-stm32.7-2018-q2-update.win32_1.4.0.202007081208/tools/bin/../lib/gcc/arm-none-eabi/7.3.1/thumb/v7e-m/fpv4-sp/hard/crtbegin.o
 *(.init)
 .init          0x000000000800e5d0        0x4 c:/st/stm32cubeide_1.4.0/stm32cubeide/plugins/com.st.stm32cube.ide.mcu.externaltools.gnu-tools-for-stm32.7-2018-q2-update.win32_1.4.0.202007081208/tools/bin/../lib/gcc/arm-none-eabi/7.3.1/thumb/v7e-m/fpv4-sp/hard/crti.o
                0x000000000800e5d0                _init
 .init          0x000000000800e5d4        0x8 c:/st/stm32cubeide_1.4.0/stm32cubeide/plugins/com.st.stm32cube.ide.mcu.externaltools.gnu-tools-for-stm32.7-2018-q2-update.win32_1.4.0.202007081208/tools/bin/../lib/gcc/arm-none-eabi/7.3.1/thumb/v7e-m/fpv4-sp/hard/crtn.o
 *(.fini)
 .fini          0x000000000800e5dc        0x4 c:/st/stm32cubeide_1.4.0/stm32cubeide/plugins/com.st.stm32cube.ide.mcu.externaltools.gnu-tools-for-stm32.7-2018-q2-update.win32_1.4.0.202007081208/tools/bin/../lib/gcc/arm-none-eabi/7.3.1/thumb/v7e-m/fpv4-sp/hard/crti.o
                0x000000000800e5dc                _fini
 .fini          0x000000000800e5e0        0x8 c:/st/stm32cubeide_1.4.0/stm32cubeide/plugins/com.st.stm32cube.ide.mcu.externaltools.gnu-tools-for-stm32.7-2018-q2-update.win32_1.4.0.202007081208/tools/bin/../lib/gcc/arm-none-eabi/7.3.1/thumb/v7e-m/fpv4-sp/hard/crtn.o
                0x000000000800e5e8                . = ALIGN (0x4)
                0x000000000800e5e8                _etext = .

.vfp11_veneer   0x000000000800e5e8        0x0
 .vfp11_veneer  0x000000000800e5e8        0x0 linker stubs

.v4_bx          0x000000000800e5e8        0x0
 .v4_bx         0x000000000800e5e8        0x0 linker stubs

.iplt           0x000000000800e5e8        0x0
 .iplt          0x000000000800e5e8        0x0 c:/st/stm32cubeide_1.4.0/stm32cubeide/plugins/com.st.stm32cube.ide.mcu.externaltools.gnu-tools-for-stm32.7-2018-q2-update.win32_1.4.0.202007081208/tools/bin/../lib/gcc/arm-none-eabi/7.3.1/thumb/v7e-m/fpv4-sp/hard/crtbegin.o

.rodata         0x000000000800e5e8      0x800
                0x000000000800e5e8                . = ALIGN (0x4)
 *(.rodata)
 .rodata        0x000000000800e5e8       0x10 Core/Src/liquidcrystal_i2c.o
 .rodata        0x000000000800e5f8       0x60 Core/Src/main.o
 .rodata        0x000000000800e658       0x48 Middlewares/Third_Party/FatFs/src/ff.o
 *(.rodata*)
 .rodata.AHBPrescTable
                0x000000000800e6a0       0x10 Core/Src/system_stm32l4xx.o
                0x000000000800e6a0                AHBPrescTable
 .rodata.APBPrescTable
                0x000000000800e6b0        0x8 Core/Src/system_stm32l4xx.o
                0x000000000800e6b0                APBPrescTable
 .rodata.MSIRangeTable
                0x000000000800e6b8       0x30 Core/Src/system_stm32l4xx.o
                0x000000000800e6b8                MSIRangeTable
 .rodata.ExCvt  0x000000000800e6e8       0x80 Middlewares/Third_Party/FatFs/src/ff.o
 .rodata.LfnOfs
                0x000000000800e768        0xd Middlewares/Third_Party/FatFs/src/ff.o
 *fill*         0x000000000800e775        0x3 
 .rodata.Tbl    0x000000000800e778      0x100 Middlewares/Third_Party/FatFs/src/option/ccsbcs.o
 .rodata.cvt1.9874
                0x000000000800e878      0x1f2 Middlewares/Third_Party/FatFs/src/option/ccsbcs.o
 *fill*         0x000000000800ea6a        0x2 
 .rodata.cvt2.9875
                0x000000000800ea6c       0xbc Middlewares/Third_Party/FatFs/src/option/ccsbcs.o
 .rodata._global_impure_ptr
                0x000000000800eb28        0x4 c:/st/stm32cubeide_1.4.0/stm32cubeide/plugins/com.st.stm32cube.ide.mcu.externaltools.gnu-tools-for-stm32.7-2018-q2-update.win32_1.4.0.202007081208/tools/bin/../lib/gcc/arm-none-eabi/7.3.1/../../../../arm-none-eabi/lib/thumb/v7e-m/fpv4-sp/hard\libc_nano.a(lib_a-impure.o)
                0x000000000800eb28                _global_impure_ptr
 .rodata._printf_float.str1.1
                0x000000000800eb2c       0x12 c:/st/stm32cubeide_1.4.0/stm32cubeide/plugins/com.st.stm32cube.ide.mcu.externaltools.gnu-tools-for-stm32.7-2018-q2-update.win32_1.4.0.202007081208/tools/bin/../lib/gcc/arm-none-eabi/7.3.1/../../../../arm-none-eabi/lib/thumb/v7e-m/fpv4-sp/hard\libc_nano.a(lib_a-nano-vfprintf_float.o)
 .rodata._printf_i.str1.1
                0x000000000800eb3e       0x22 c:/st/stm32cubeide_1.4.0/stm32cubeide/plugins/com.st.stm32cube.ide.mcu.externaltools.gnu-tools-for-stm32.7-2018-q2-update.win32_1.4.0.202007081208/tools/bin/../lib/gcc/arm-none-eabi/7.3.1/../../../../arm-none-eabi/lib/thumb/v7e-m/fpv4-sp/hard\libc_nano.a(lib_a-nano-vfprintf_i.o)
 .rodata._dtoa_r.str1.1
                0x000000000800eb60        0xd c:/st/stm32cubeide_1.4.0/stm32cubeide/plugins/com.st.stm32cube.ide.mcu.externaltools.gnu-tools-for-stm32.7-2018-q2-update.win32_1.4.0.202007081208/tools/bin/../lib/gcc/arm-none-eabi/7.3.1/../../../../arm-none-eabi/lib/thumb/v7e-m/fpv4-sp/hard\libc_nano.a(lib_a-dtoa.o)
                                          0xf (size before relaxing)
 *fill*         0x000000000800eb6d        0x3 
 .rodata.__sf_fake_stderr
                0x000000000800eb70       0x20 c:/st/stm32cubeide_1.4.0/stm32cubeide/plugins/com.st.stm32cube.ide.mcu.externaltools.gnu-tools-for-stm32.7-2018-q2-update.win32_1.4.0.202007081208/tools/bin/../lib/gcc/arm-none-eabi/7.3.1/../../../../arm-none-eabi/lib/thumb/v7e-m/fpv4-sp/hard\libc_nano.a(lib_a-findfp.o)
                0x000000000800eb70                __sf_fake_stderr
 .rodata.__sf_fake_stdin
                0x000000000800eb90       0x20 c:/st/stm32cubeide_1.4.0/stm32cubeide/plugins/com.st.stm32cube.ide.mcu.externaltools.gnu-tools-for-stm32.7-2018-q2-update.win32_1.4.0.202007081208/tools/bin/../lib/gcc/arm-none-eabi/7.3.1/../../../../arm-none-eabi/lib/thumb/v7e-m/fpv4-sp/hard\libc_nano.a(lib_a-findfp.o)
                0x000000000800eb90                __sf_fake_stdin
 .rodata.__sf_fake_stdout
                0x000000000800ebb0       0x20 c:/st/stm32cubeide_1.4.0/stm32cubeide/plugins/com.st.stm32cube.ide.mcu.externaltools.gnu-tools-for-stm32.7-2018-q2-update.win32_1.4.0.202007081208/tools/bin/../lib/gcc/arm-none-eabi/7.3.1/../../../../arm-none-eabi/lib/thumb/v7e-m/fpv4-sp/hard\libc_nano.a(lib_a-findfp.o)
                0x000000000800ebb0                __sf_fake_stdout
 .rodata.__mprec_bigtens
                0x000000000800ebd0       0x28 c:/st/stm32cubeide_1.4.0/stm32cubeide/plugins/com.st.stm32cube.ide.mcu.externaltools.gnu-tools-for-stm32.7-2018-q2-update.win32_1.4.0.202007081208/tools/bin/../lib/gcc/arm-none-eabi/7.3.1/../../../../arm-none-eabi/lib/thumb/v7e-m/fpv4-sp/hard\libc_nano.a(lib_a-mprec.o)
                0x000000000800ebd0                __mprec_bigtens
 .rodata.__mprec_tens
                0x000000000800ebf8       0xc8 c:/st/stm32cubeide_1.4.0/stm32cubeide/plugins/com.st.stm32cube.ide.mcu.externaltools.gnu-tools-for-stm32.7-2018-q2-update.win32_1.4.0.202007081208/tools/bin/../lib/gcc/arm-none-eabi/7.3.1/../../../../arm-none-eabi/lib/thumb/v7e-m/fpv4-sp/hard\libc_nano.a(lib_a-mprec.o)
                0x000000000800ebf8                __mprec_tens
 .rodata.p05.7359
                0x000000000800ecc0        0xc c:/st/stm32cubeide_1.4.0/stm32cubeide/plugins/com.st.stm32cube.ide.mcu.externaltools.gnu-tools-for-stm32.7-2018-q2-update.win32_1.4.0.202007081208/tools/bin/../lib/gcc/arm-none-eabi/7.3.1/../../../../arm-none-eabi/lib/thumb/v7e-m/fpv4-sp/hard\libc_nano.a(lib_a-mprec.o)
 .rodata._svfprintf_r.str1.1
                0x000000000800eccc       0x11 c:/st/stm32cubeide_1.4.0/stm32cubeide/plugins/com.st.stm32cube.ide.mcu.externaltools.gnu-tools-for-stm32.7-2018-q2-update.win32_1.4.0.202007081208/tools/bin/../lib/gcc/arm-none-eabi/7.3.1/../../../../arm-none-eabi/lib/thumb/v7e-m/fpv4-sp/hard\libc_nano.a(lib_a-nano-svfprintf.o)
 .rodata._vfprintf_r.str1.1
                0x000000000800ecdd       0x11 c:/st/stm32cubeide_1.4.0/stm32cubeide/plugins/com.st.stm32cube.ide.mcu.externaltools.gnu-tools-for-stm32.7-2018-q2-update.win32_1.4.0.202007081208/tools/bin/../lib/gcc/arm-none-eabi/7.3.1/../../../../arm-none-eabi/lib/thumb/v7e-m/fpv4-sp/hard\libc_nano.a(lib_a-nano-vfprintf.o)
 .rodata._setlocale_r.str1.1
                0x000000000800ecdd        0x8 c:/st/stm32cubeide_1.4.0/stm32cubeide/plugins/com.st.stm32cube.ide.mcu.externaltools.gnu-tools-for-stm32.7-2018-q2-update.win32_1.4.0.202007081208/tools/bin/../lib/gcc/arm-none-eabi/7.3.1/../../../../arm-none-eabi/lib/thumb/v7e-m/fpv4-sp/hard\libc_nano.a(lib_a-locale.o)
                                          0x9 (size before relaxing)
 .rodata.str1.1
                0x000000000800ece5        0x2 c:/st/stm32cubeide_1.4.0/stm32cubeide/plugins/com.st.stm32cube.ide.mcu.externaltools.gnu-tools-for-stm32.7-2018-q2-update.win32_1.4.0.202007081208/tools/bin/../lib/gcc/arm-none-eabi/7.3.1/../../../../arm-none-eabi/lib/thumb/v7e-m/fpv4-sp/hard\libc_nano.a(lib_a-locale.o)
 .rodata._ctype_
                0x000000000800ece7      0x101 c:/st/stm32cubeide_1.4.0/stm32cubeide/plugins/com.st.stm32cube.ide.mcu.externaltools.gnu-tools-for-stm32.7-2018-q2-update.win32_1.4.0.202007081208/tools/bin/../lib/gcc/arm-none-eabi/7.3.1/../../../../arm-none-eabi/lib/thumb/v7e-m/fpv4-sp/hard\libc_nano.a(lib_a-ctype_.o)
                0x000000000800ece7                _ctype_
                0x000000000800ede8                . = ALIGN (0x4)

.ARM.extab      0x000000000800ede8        0x0
                0x000000000800ede8                . = ALIGN (0x4)
 *(.ARM.extab* .gnu.linkonce.armextab.*)
                0x000000000800ede8                . = ALIGN (0x4)

.ARM            0x000000000800ede8        0x8
                0x000000000800ede8                . = ALIGN (0x4)
                0x000000000800ede8                __exidx_start = .
 *(.ARM.exidx*)
 .ARM.exidx     0x000000000800ede8        0x8 c:/st/stm32cubeide_1.4.0/stm32cubeide/plugins/com.st.stm32cube.ide.mcu.externaltools.gnu-tools-for-stm32.7-2018-q2-update.win32_1.4.0.202007081208/tools/bin/../lib/gcc/arm-none-eabi/7.3.1/thumb/v7e-m/fpv4-sp/hard\libgcc.a(_udivmoddi4.o)
                0x000000000800edf0                __exidx_end = .
                0x000000000800edf0                . = ALIGN (0x4)

.rel.dyn        0x000000000800edf0        0x0
 .rel.iplt      0x000000000800edf0        0x0 c:/st/stm32cubeide_1.4.0/stm32cubeide/plugins/com.st.stm32cube.ide.mcu.externaltools.gnu-tools-for-stm32.7-2018-q2-update.win32_1.4.0.202007081208/tools/bin/../lib/gcc/arm-none-eabi/7.3.1/thumb/v7e-m/fpv4-sp/hard/crtbegin.o

.preinit_array  0x000000000800edf0        0x0
                0x000000000800edf0                . = ALIGN (0x4)
                0x000000000800edf0                PROVIDE (__preinit_array_start = .)
 *(.preinit_array*)