Archive member included to satisfy reference by file (symbol)

c:/st/stm32cubeide_1.7.0/stm32cubeide/plugins/com.st.stm32cube.ide.mcu.externaltools.gnu-tools-for-stm32.9-2020-q2-update.win32_2.0.0.202105311346/tools/bin/../lib/gcc/arm-none-eabi/9.3.1/../../../../arm-none-eabi/lib/thumb/v7e-m+fp/hard\libc_nano.a(lib_a-errno.o)
                              ./Core/Src/syscalls.o (__errno)
c:/st/stm32cubeide_1.7.0/stm32cubeide/plugins/com.st.stm32cube.ide.mcu.externaltools.gnu-tools-for-stm32.9-2020-q2-update.win32_2.0.0.202105311346/tools/bin/../lib/gcc/arm-none-eabi/9.3.1/../../../../arm-none-eabi/lib/thumb/v7e-m+fp/hard\libc_nano.a(lib_a-exit.o)
                              c:/st/stm32cubeide_1.7.0/stm32cubeide/plugins/com.st.stm32cube.ide.mcu.externaltools.gnu-tools-for-stm32.9-2020-q2-update.win32_2.0.0.202105311346/tools/bin/../lib/gcc/arm-none-eabi/9.3.1/../../../../arm-none-eabi/lib/thumb/v7e-m+fp/hard/crt0.o (exit)
c:/st/stm32cubeide_1.7.0/stm32cubeide/plugins/com.st.stm32cube.ide.mcu.externaltools.gnu-tools-for-stm32.9-2020-q2-update.win32_2.0.0.202105311346/tools/bin/../lib/gcc/arm-none-eabi/9.3.1/../../../../arm-none-eabi/lib/thumb/v7e-m+fp/hard\libc_nano.a(lib_a-impure.o)
                              c:/st/stm32cubeide_1.7.0/stm32cubeide/plugins/com.st.stm32cube.ide.mcu.externaltools.gnu-tools-for-stm32.9-2020-q2-update.win32_2.0.0.202105311346/tools/bin/../lib/gcc/arm-none-eabi/9.3.1/../../../../arm-none-eabi/lib/thumb/v7e-m+fp/hard\libc_nano.a(lib_a-exit.o) (_global_impure_ptr)
c:/st/stm32cubeide_1.7.0/stm32cubeide/plugins/com.st.stm32cube.ide.mcu.externaltools.gnu-tools-for-stm32.9-2020-q2-update.win32_2.0.0.202105311346/tools/bin/../lib/gcc/arm-none-eabi/9.3.1/../../../../arm-none-eabi/lib/thumb/v7e-m+fp/hard\libc_nano.a(lib_a-init.o)
                              c:/st/stm32cubeide_1.7.0/stm32cubeide/plugins/com.st.stm32cube.ide.mcu.externaltools.gnu-tools-for-stm32.9-2020-q2-update.win32_2.0.0.202105311346/tools/bin/../lib/gcc/arm-none-eabi/9.3.1/../../../../arm-none-eabi/lib/thumb/v7e-m+fp/hard/crt0.o (__libc_init_array)
c:/st/stm32cubeide_1.7.0/stm32cubeide/plugins/com.st.stm32cube.ide.mcu.externaltools.gnu-tools-for-stm32.9-2020-q2-update.win32_2.0.0.202105311346/tools/bin/../lib/gcc/arm-none-eabi/9.3.1/../../../../arm-none-eabi/lib/thumb/v7e-m+fp/hard\libc_nano.a(lib_a-memset.o)
                              c:/st/stm32cubeide_1.7.0/stm32cubeide/plugins/com.st.stm32cube.ide.mcu.externaltools.gnu-tools-for-stm32.9-2020-q2-update.win32_2.0.0.202105311346/tools/bin/../lib/gcc/arm-none-eabi/9.3.1/../../../../arm-none-eabi/lib/thumb/v7e-m+fp/hard/crt0.o (memset)
c:/st/stm32cubeide_1.7.0/stm32cubeide/plugins/com.st.stm32cube.ide.mcu.externaltools.gnu-tools-for-stm32.9-2020-q2-update.win32_2.0.0.202105311346/tools/bin/../lib/gcc/arm-none-eabi/9.3.1/thumb/v7e-m+fp/hard\libgcc.a(_aeabi_uldivmod.o)
                              ./Drivers/STM32L4xx_HAL_Driver/Src/stm32l4xx_hal_uart.o (__aeabi_uldivmod)
c:/st/stm32cubeide_1.7.0/stm32cubeide/plugins/com.st.stm32cube.ide.mcu.externaltools.gnu-tools-for-stm32.9-2020-q2-update.win32_2.0.0.202105311346/tools/bin/../lib/gcc/arm-none-eabi/9.3.1/thumb/v7e-m+fp/hard\libgcc.a(_udivmoddi4.o)
                              c:/st/stm32cubeide_1.7.0/stm32cubeide/plugins/com.st.stm32cube.ide.mcu.externaltools.gnu-tools-for-stm32.9-2020-q2-update.win32_2.0.0.202105311346/tools/bin/../lib/gcc/arm-none-eabi/9.3.1/thumb/v7e-m+fp/hard\libgcc.a(_aeabi_uldivmod.o) (__udivmoddi4)
c:/st/stm32cubeide_1.7.0/stm32cubeide/plugins/com.st.stm32cube.ide.mcu.externaltools.gnu-tools-for-stm32.9-2020-q2-update.win32_2.0.0.202105311346/tools/bin/../lib/gcc/arm-none-eabi/9.3.1/thumb/v7e-m+fp/hard\libgcc.a(_dvmd_tls.o)
                              c:/st/stm32cubeide_1.7.0/stm32cubeide/plugins/com.st.stm32cube.ide.mcu.externaltools.gnu-tools-for-stm32.9-2020-q2-update.win32_2.0.0.202105311346/tools/bin/../lib/gcc/arm-none-eabi/9.3.1/thumb/v7e-m+fp/hard\libgcc.a(_aeabi_uldivmod.o) (__aeabi_ldiv0)

Allocating common symbols
Common symbol       size              file

USERPath            0x4               ./FATFS/App/fatfs.o
huart3              0x80              ./Core/Src/usart.o
hi2c1               0x4c              ./Core/Src/i2c.o
uwTick              0x4               ./Drivers/STM32L4xx_HAL_Driver/Src/stm32l4xx_hal.o
huart1              0x80              ./Core/Src/usart.o
retUSER             0x1               ./FATFS/App/fatfs.o
hrtc                0x24              ./Core/Src/rtc.o
htim6               0x4c              ./Core/Src/tim.o
hspi1               0x64              ./Core/Src/spi.o
huart2              0x80              ./Core/Src/usart.o
USERFile            0x1030            ./FATFS/App/fatfs.o
USERFatFS           0x1038            ./FATFS/App/fatfs.o

Discarded input sections

[...]
Memory Configuration

Name             Origin             Length             Attributes
RAM              0x0000000020000000 0x0000000000018000 xrw
RAM2             0x0000000010000000 0x0000000000008000 xrw
FLASH            0x0000000008000000 0x0000000000100000 xr
*default*        0x0000000000000000 0xffffffffffffffff

Linker script and memory map

LOAD c:/st/stm32cubeide_1.7.0/stm32cubeide/plugins/com.st.stm32cube.ide.mcu.externaltools.gnu-tools-for-stm32.9-2020-q2-update.win32_2.0.0.202105311346/tools/bin/../lib/gcc/arm-none-eabi/9.3.1/thumb/v7e-m+fp/hard/crti.o
LOAD c:/st/stm32cubeide_1.7.0/stm32cubeide/plugins/com.st.stm32cube.ide.mcu.externaltools.gnu-tools-for-stm32.9-2020-q2-update.win32_2.0.0.202105311346/tools/bin/../lib/gcc/arm-none-eabi/9.3.1/thumb/v7e-m+fp/hard/crtbegin.o
LOAD c:/st/stm32cubeide_1.7.0/stm32cubeide/plugins/com.st.stm32cube.ide.mcu.externaltools.gnu-tools-for-stm32.9-2020-q2-update.win32_2.0.0.202105311346/tools/bin/../lib/gcc/arm-none-eabi/9.3.1/../../../../arm-none-eabi/lib/thumb/v7e-m+fp/hard/crt0.o
LOAD ./Core/Src/gpio.o
LOAD ./Core/Src/i2c.o
LOAD ./Core/Src/main.o
LOAD ./Core/Src/rtc.o
LOAD ./Core/Src/spi.o
LOAD ./Core/Src/stm32l4xx_hal_msp.o
LOAD ./Core/Src/stm32l4xx_it.o
LOAD ./Core/Src/syscalls.o
LOAD ./Core/Src/sysmem.o
LOAD ./Core/Src/system_stm32l4xx.o
LOAD ./Core/Src/tim.o
LOAD ./Core/Src/usart.o
LOAD ./Core/Startup/startup_stm32l476rgtx.o
LOAD ./Drivers/STM32L4xx_HAL_Driver/Src/stm32l4xx_hal.o
LOAD ./Drivers/STM32L4xx_HAL_Driver/Src/stm32l4xx_hal_cortex.o
LOAD ./Drivers/STM32L4xx_HAL_Driver/Src/stm32l4xx_hal_dma.o
LOAD ./Drivers/STM32L4xx_HAL_Driver/Src/stm32l4xx_hal_dma_ex.o
LOAD ./Drivers/STM32L4xx_HAL_Driver/Src/stm32l4xx_hal_exti.o
LOAD ./Drivers/STM32L4xx_HAL_Driver/Src/stm32l4xx_hal_flash.o
LOAD ./Drivers/STM32L4xx_HAL_Driver/Src/stm32l4xx_hal_flash_ex.o
LOAD ./Drivers/STM32L4xx_HAL_Driver/Src/stm32l4xx_hal_flash_ramfunc.o
LOAD ./Drivers/STM32L4xx_HAL_Driver/Src/stm32l4xx_hal_gpio.o
LOAD ./Drivers/STM32L4xx_HAL_Driver/Src/stm32l4xx_hal_i2c.o
LOAD ./Drivers/STM32L4xx_HAL_Driver/Src/stm32l4xx_hal_i2c_ex.o
LOAD ./Drivers/STM32L4xx_HAL_Driver/Src/stm32l4xx_hal_pwr.o
LOAD ./Drivers/STM32L4xx_HAL_Driver/Src/stm32l4xx_hal_pwr_ex.o
LOAD ./Drivers/STM32L4xx_HAL_Driver/Src/stm32l4xx_hal_rcc.o
LOAD ./Drivers/STM32L4xx_HAL_Driver/Src/stm32l4xx_hal_rcc_ex.o
LOAD ./Drivers/STM32L4xx_HAL_Driver/Src/stm32l4xx_hal_rtc.o
LOAD ./Drivers/STM32L4xx_HAL_Driver/Src/stm32l4xx_hal_rtc_ex.o
LOAD ./Drivers/STM32L4xx_HAL_Driver/Src/stm32l4xx_hal_spi.o
LOAD ./Drivers/STM32L4xx_HAL_Driver/Src/stm32l4xx_hal_spi_ex.o
LOAD ./Drivers/STM32L4xx_HAL_Driver/Src/stm32l4xx_hal_tim.o
LOAD ./Drivers/STM32L4xx_HAL_Driver/Src/stm32l4xx_hal_tim_ex.o
LOAD ./Drivers/STM32L4xx_HAL_Driver/Src/stm32l4xx_hal_uart.o
LOAD ./Drivers/STM32L4xx_HAL_Driver/Src/stm32l4xx_hal_uart_ex.o
LOAD ./FATFS/App/fatfs.o
LOAD ./FATFS/Target/user_diskio.o
LOAD ./Middlewares/Third_Party/FatFs/src/diskio.o
LOAD ./Middlewares/Third_Party/FatFs/src/ff.o
LOAD ./Middlewares/Third_Party/FatFs/src/ff_gen_drv.o
LOAD ./Middlewares/Third_Party/FatFs/src/option/ccsbcs.o
LOAD ./Middlewares/Third_Party/FatFs/src/option/syscall.o
START GROUP
LOAD c:/st/stm32cubeide_1.7.0/stm32cubeide/plugins/com.st.stm32cube.ide.mcu.externaltools.gnu-tools-for-stm32.9-2020-q2-update.win32_2.0.0.202105311346/tools/bin/../lib/gcc/arm-none-eabi/9.3.1/../../../../arm-none-eabi/lib/thumb/v7e-m+fp/hard\libc_nano.a
LOAD c:/st/stm32cubeide_1.7.0/stm32cubeide/plugins/com.st.stm32cube.ide.mcu.externaltools.gnu-tools-for-stm32.9-2020-q2-update.win32_2.0.0.202105311346/tools/bin/../lib/gcc/arm-none-eabi/9.3.1/../../../../arm-none-eabi/lib/thumb/v7e-m+fp/hard\libm.a
END GROUP
START GROUP
LOAD c:/st/stm32cubeide_1.7.0/stm32cubeide/plugins/com.st.stm32cube.ide.mcu.externaltools.gnu-tools-for-stm32.9-2020-q2-update.win32_2.0.0.202105311346/tools/bin/../lib/gcc/arm-none-eabi/9.3.1/thumb/v7e-m+fp/hard\libgcc.a
LOAD c:/st/stm32cubeide_1.7.0/stm32cubeide/plugins/com.st.stm32cube.ide.mcu.externaltools.gnu-tools-for-stm32.9-2020-q2-update.win32_2.0.0.202105311346/tools/bin/../lib/gcc/arm-none-eabi/9.3.1/../../../../arm-none-eabi/lib/thumb/v7e-m+fp/hard\libc_nano.a
END GROUP
START GROUP
LOAD c:/st/stm32cubeide_1.7.0/stm32cubeide/plugins/com.st.stm32cube.ide.mcu.externaltools.gnu-tools-for-stm32.9-2020-q2-update.win32_2.0.0.202105311346/tools/bin/../lib/gcc/arm-none-eabi/9.3.1/thumb/v7e-m+fp/hard\libgcc.a
LOAD c:/st/stm32cubeide_1.7.0/stm32cubeide/plugins/com.st.stm32cube.ide.mcu.externaltools.gnu-tools-for-stm32.9-2020-q2-update.win32_2.0.0.202105311346/tools/bin/../lib/gcc/arm-none-eabi/9.3.1/../../../../arm-none-eabi/lib/thumb/v7e-m+fp/hard\libc_nano.a
LOAD c:/st/stm32cubeide_1.7.0/stm32cubeide/plugins/com.st.stm32cube.ide.mcu.externaltools.gnu-tools-for-stm32.9-2020-q2-update.win32_2.0.0.202105311346/tools/bin/../lib/gcc/arm-none-eabi/9.3.1/../../../../arm-none-eabi/lib/thumb/v7e-m+fp/hard\libnosys.a
END GROUP
START GROUP
LOAD c:/st/stm32cubeide_1.7.0/stm32cubeide/plugins/com.st.stm32cube.ide.mcu.externaltools.gnu-tools-for-stm32.9-2020-q2-update.win32_2.0.0.202105311346/tools/bin/../lib/gcc/arm-none-eabi/9.3.1/thumb/v7e-m+fp/hard\libgcc.a
LOAD c:/st/stm32cubeide_1.7.0/stm32cubeide/plugins/com.st.stm32cube.ide.mcu.externaltools.gnu-tools-for-stm32.9-2020-q2-update.win32_2.0.0.202105311346/tools/bin/../lib/gcc/arm-none-eabi/9.3.1/../../../../arm-none-eabi/lib/thumb/v7e-m+fp/hard\libc_nano.a
LOAD c:/st/stm32cubeide_1.7.0/stm32cubeide/plugins/com.st.stm32cube.ide.mcu.externaltools.gnu-tools-for-stm32.9-2020-q2-update.win32_2.0.0.202105311346/tools/bin/../lib/gcc/arm-none-eabi/9.3.1/../../../../arm-none-eabi/lib/thumb/v7e-m+fp/hard\libnosys.a
END GROUP
LOAD c:/st/stm32cubeide_1.7.0/stm32cubeide/plugins/com.st.stm32cube.ide.mcu.externaltools.gnu-tools-for-stm32.9-2020-q2-update.win32_2.0.0.202105311346/tools/bin/../lib/gcc/arm-none-eabi/9.3.1/thumb/v7e-m+fp/hard/crtend.o
LOAD c:/st/stm32cubeide_1.7.0/stm32cubeide/plugins/com.st.stm32cube.ide.mcu.externaltools.gnu-tools-for-stm32.9-2020-q2-update.win32_2.0.0.202105311346/tools/bin/../lib/gcc/arm-none-eabi/9.3.1/thumb/v7e-m+fp/hard/crtn.o
                0x0000000020018000                _estack = (ORIGIN (RAM) + LENGTH (RAM))
                0x0000000000000200                _Min_Heap_Size = 0x200
                0x0000000000000400                _Min_Stack_Size = 0x400

.isr_vector     0x0000000008000000      0x188
                0x0000000008000000                . = ALIGN (0x4)
 *(.isr_vector)
 .isr_vector    0x0000000008000000      0x188 ./Core/Startup/startup_stm32l476rgtx.o
                0x0000000008000000                g_pfnVectors
                0x0000000008000188                . = ALIGN (0x4)

.text           0x0000000008000188     0x41c8
                0x0000000008000188                . = ALIGN (0x4)
 *(.text)
 .text          0x0000000008000188       0x40 c:/st/stm32cubeide_1.7.0/stm32cubeide/plugins/com.st.stm32cube.ide.mcu.externaltools.gnu-tools-for-stm32.9-2020-q2-update.win32_2.0.0.202105311346/tools/bin/../lib/gcc/arm-none-eabi/9.3.1/thumb/v7e-m+fp/hard/crtbegin.o
 .text          0x00000000080001c8       0x30 c:/st/stm32cubeide_1.7.0/stm32cubeide/plugins/com.st.stm32cube.ide.mcu.externaltools.gnu-tools-for-stm32.9-2020-q2-update.win32_2.0.0.202105311346/tools/bin/../lib/gcc/arm-none-eabi/9.3.1/thumb/v7e-m+fp/hard\libgcc.a(_aeabi_uldivmod.o)
                0x00000000080001c8                __aeabi_uldivmod
 .text          0x00000000080001f8      0x2c4 c:/st/stm32cubeide_1.7.0/stm32cubeide/plugins/com.st.stm32cube.ide.mcu.externaltools.gnu-tools-for-stm32.9-2020-q2-update.win32_2.0.0.202105311346/tools/bin/../lib/gcc/arm-none-eabi/9.3.1/thumb/v7e-m+fp/hard\libgcc.a(_udivmoddi4.o)
                0x00000000080001f8                __udivmoddi4
 .text          0x00000000080004bc        0x4 c:/st/stm32cubeide_1.7.0/stm32cubeide/plugins/com.st.stm32cube.ide.mcu.externaltools.gnu-tools-for-stm32.9-2020-q2-update.win32_2.0.0.202105311346/tools/bin/../lib/gcc/arm-none-eabi/9.3.1/thumb/v7e-m+fp/hard\libgcc.a(_dvmd_tls.o)
                0x00000000080004bc                __aeabi_idiv0
                0x00000000080004bc                __aeabi_ldiv0
 *(.text*)
 .text.MX_GPIO_Init
                0x00000000080004c0      0x124 ./Core/Src/gpio.o
                0x00000000080004c0                MX_GPIO_Init
 .text.MX_I2C1_Init
                0x00000000080005e4       0x80 ./Core/Src/i2c.o
                0x00000000080005e4                MX_I2C1_Init
 .text.HAL_I2C_MspInit
                0x0000000008000664       0x88 ./Core/Src/i2c.o
                0x0000000008000664                HAL_I2C_MspInit
 .text.main     0x00000000080006ec       0x6a ./Core/Src/main.o
                0x00000000080006ec                main
 *fill*         0x0000000008000756        0x2 
 .text.SystemClock_Config
                0x0000000008000758      0x108 ./Core/Src/main.o
                0x0000000008000758                SystemClock_Config
 .text.Error_Handler
                0x0000000008000860        0xe ./Core/Src/main.o
                0x0000000008000860                Error_Handler
 *fill*         0x000000000800086e        0x2 
 .text.MX_RTC_Init
                0x0000000008000870       0x50 ./Core/Src/rtc.o
                0x0000000008000870                MX_RTC_Init
 .text.HAL_RTC_MspInit
                0x00000000080008c0       0x38 ./Core/Src/rtc.o
                0x00000000080008c0                HAL_RTC_MspInit
 .text.MX_SPI1_Init
                0x00000000080008f8       0x7c ./Core/Src/spi.o
                0x00000000080008f8                MX_SPI1_Init
 .text.HAL_SPI_MspInit
                0x0000000008000974       0x84 ./Core/Src/spi.o
                0x0000000008000974                HAL_SPI_MspInit
 .text.HAL_MspInit
                0x00000000080009f8       0x48 ./Core/Src/stm32l4xx_hal_msp.o
                0x00000000080009f8                HAL_MspInit
 .text.NMI_Handler
                0x0000000008000a40        0xe ./Core/Src/stm32l4xx_it.o
                0x0000000008000a40                NMI_Handler
 .text.HardFault_Handler
                0x0000000008000a4e        0x6 ./Core/Src/stm32l4xx_it.o
                0x0000000008000a4e                HardFault_Handler
 .text.MemManage_Handler
                0x0000000008000a54        0x6 ./Core/Src/stm32l4xx_it.o
                0x0000000008000a54                MemManage_Handler
 .text.BusFault_Handler
                0x0000000008000a5a        0x6 ./Core/Src/stm32l4xx_it.o
                0x0000000008000a5a                BusFault_Handler
 .text.UsageFault_Handler
                0x0000000008000a60        0x6 ./Core/Src/stm32l4xx_it.o
                0x0000000008000a60                UsageFault_Handler
 .text.SVC_Handler
                0x0000000008000a66        0xe ./Core/Src/stm32l4xx_it.o
                0x0000000008000a66                SVC_Handler
 .text.DebugMon_Handler
                0x0000000008000a74        0xe ./Core/Src/stm32l4xx_it.o
                0x0000000008000a74                DebugMon_Handler
 .text.PendSV_Handler
                0x0000000008000a82        0xe ./Core/Src/stm32l4xx_it.o
                0x0000000008000a82                PendSV_Handler
 .text.SysTick_Handler
                0x0000000008000a90        0xc ./Core/Src/stm32l4xx_it.o
                0x0000000008000a90                SysTick_Handler
 .text.USART1_IRQHandler
                0x0000000008000a9c       0x14 ./Core/Src/stm32l4xx_it.o
                0x0000000008000a9c                USART1_IRQHandler
 .text.USART2_IRQHandler
                0x0000000008000ab0       0x14 ./Core/Src/stm32l4xx_it.o
                0x0000000008000ab0                USART2_IRQHandler
 .text.SystemInit
                0x0000000008000ac4       0x6c ./Core/Src/system_stm32l4xx.o
                0x0000000008000ac4                SystemInit
 .text.MX_TIM6_Init
                0x0000000008000b30       0x6c ./Core/Src/tim.o
                0x0000000008000b30                MX_TIM6_Init
 .text.HAL_TIM_Base_MspInit
                0x0000000008000b9c       0x40 ./Core/Src/tim.o
                0x0000000008000b9c                HAL_TIM_Base_MspInit
 .text.MX_USART1_UART_Init
                0x0000000008000bdc       0x60 ./Core/Src/usart.o
                0x0000000008000bdc                MX_USART1_UART_Init
 .text.MX_USART2_UART_Init
                0x0000000008000c3c       0x60 ./Core/Src/usart.o
                0x0000000008000c3c                MX_USART2_UART_Init
 .text.MX_USART3_UART_Init
                0x0000000008000c9c       0x60 ./Core/Src/usart.o
                0x0000000008000c9c                MX_USART3_UART_Init
 .text.HAL_UART_MspInit
                0x0000000008000cfc      0x16c ./Core/Src/usart.o
                0x0000000008000cfc                HAL_UART_MspInit
 .text.Reset_Handler
                0x0000000008000e68       0x50 ./Core/Startup/startup_stm32l476rgtx.o
                0x0000000008000e68                Reset_Handler
 .text.Default_Handler
                0x0000000008000eb8        0x2 ./Core/Startup/startup_stm32l476rgtx.o
                0x0000000008000eb8                RTC_Alarm_IRQHandler
                0x0000000008000eb8                EXTI2_IRQHandler
                0x0000000008000eb8                TIM8_TRG_COM_IRQHandler
                0x0000000008000eb8                TIM8_CC_IRQHandler
                0x0000000008000eb8                TIM1_CC_IRQHandler
                0x0000000008000eb8                TSC_IRQHandler
                0x0000000008000eb8                TAMP_STAMP_IRQHandler
                0x0000000008000eb8                EXTI3_IRQHandler
                0x0000000008000eb8                LPTIM2_IRQHandler
                0x0000000008000eb8                DFSDM1_FLT1_IRQHandler
                0x0000000008000eb8                I2C3_ER_IRQHandler
                0x0000000008000eb8                DFSDM1_FLT2_IRQHandler
                0x0000000008000eb8                EXTI0_IRQHandler
                0x0000000008000eb8                I2C2_EV_IRQHandler
                0x0000000008000eb8                CAN1_RX0_IRQHandler
                0x0000000008000eb8                FPU_IRQHandler
                0x0000000008000eb8                TIM1_UP_TIM16_IRQHandler
                0x0000000008000eb8                ADC1_2_IRQHandler
                0x0000000008000eb8                SPI1_IRQHandler
                0x0000000008000eb8                TIM6_DAC_IRQHandler
                0x0000000008000eb8                TIM8_UP_IRQHandler
                0x0000000008000eb8                DMA2_Channel2_IRQHandler
                0x0000000008000eb8                DMA1_Channel4_IRQHandler
                0x0000000008000eb8                SAI2_IRQHandler
                0x0000000008000eb8                DFSDM1_FLT3_IRQHandler
                0x0000000008000eb8                USART3_IRQHandler
                0x0000000008000eb8                DMA1_Channel7_IRQHandler
                0x0000000008000eb8                CAN1_RX1_IRQHandler
                0x0000000008000eb8                LCD_IRQHandler
                0x0000000008000eb8                UART5_IRQHandler
                0x0000000008000eb8                ADC3_IRQHandler
                0x0000000008000eb8                TIM4_IRQHandler
                0x0000000008000eb8                DMA2_Channel1_IRQHandler
                0x0000000008000eb8                QUADSPI_IRQHandler
                0x0000000008000eb8                I2C1_EV_IRQHandler
                0x0000000008000eb8                DMA1_Channel6_IRQHandler
                0x0000000008000eb8                UART4_IRQHandler
                0x0000000008000eb8                DMA2_Channel4_IRQHandler
                0x0000000008000eb8                TIM3_IRQHandler
                0x0000000008000eb8                RCC_IRQHandler
                0x0000000008000eb8                DMA1_Channel1_IRQHandler
                0x0000000008000eb8                Default_Handler
                0x0000000008000eb8                DMA2_Channel7_IRQHandler
                0x0000000008000eb8                EXTI15_10_IRQHandler
                0x0000000008000eb8                TIM7_IRQHandler
                0x0000000008000eb8                SDMMC1_IRQHandler
                0x0000000008000eb8                TIM5_IRQHandler
                0x0000000008000eb8                I2C3_EV_IRQHandler
                0x0000000008000eb8                EXTI9_5_IRQHandler
                0x0000000008000eb8                RTC_WKUP_IRQHandler
                0x0000000008000eb8                PVD_PVM_IRQHandler
                0x0000000008000eb8                SPI2_IRQHandler
                0x0000000008000eb8                CAN1_TX_IRQHandler
                0x0000000008000eb8                DMA2_Channel5_IRQHandler
                0x0000000008000eb8                DMA1_Channel5_IRQHandler
                0x0000000008000eb8                EXTI4_IRQHandler
                0x0000000008000eb8                RNG_IRQHandler
                0x0000000008000eb8                TIM1_TRG_COM_TIM17_IRQHandler
                0x0000000008000eb8                DMA1_Channel3_IRQHandler
                0x0000000008000eb8                COMP_IRQHandler
                0x0000000008000eb8                WWDG_IRQHandler
                0x0000000008000eb8                LPUART1_IRQHandler
                0x0000000008000eb8                DMA2_Channel6_IRQHandler
                0x0000000008000eb8                TIM2_IRQHandler
                0x0000000008000eb8                EXTI1_IRQHandler
                0x0000000008000eb8                DFSDM1_FLT0_IRQHandler
                0x0000000008000eb8                I2C2_ER_IRQHandler
                0x0000000008000eb8                DMA1_Channel2_IRQHandler
                0x0000000008000eb8                TIM8_BRK_IRQHandler
                0x0000000008000eb8                CAN1_SCE_IRQHandler
                0x0000000008000eb8                FLASH_IRQHandler
                0x0000000008000eb8                OTG_FS_IRQHandler
                0x0000000008000eb8                SPI3_IRQHandler
                0x0000000008000eb8                I2C1_ER_IRQHandler
                0x0000000008000eb8                FMC_IRQHandler
                0x0000000008000eb8                SWPMI1_IRQHandler
                0x0000000008000eb8                LPTIM1_IRQHandler
                0x0000000008000eb8                SAI1_IRQHandler
                0x0000000008000eb8                DMA2_Channel3_IRQHandler
                0x0000000008000eb8                TIM1_BRK_TIM15_IRQHandler
 *fill*         0x0000000008000eba        0x2 
 .text.HAL_Init
                0x0000000008000ebc       0x40 ./Drivers/STM32L4xx_HAL_Driver/Src/stm32l4xx_hal.o
                0x0000000008000ebc                HAL_Init
 .text.HAL_InitTick
                0x0000000008000efc       0x78 ./Drivers/STM32L4xx_HAL_Driver/Src/stm32l4xx_hal.o
                0x0000000008000efc                HAL_InitTick
 .text.HAL_IncTick
                0x0000000008000f74       0x28 ./Drivers/STM32L4xx_HAL_Driver/Src/stm32l4xx_hal.o
                0x0000000008000f74                HAL_IncTick
 .text.HAL_GetTick
                0x0000000008000f9c       0x18 ./Drivers/STM32L4xx_HAL_Driver/Src/stm32l4xx_hal.o
                0x0000000008000f9c                HAL_GetTick
 .text.__NVIC_SetPriorityGrouping
                0x0000000008000fb4       0x48 ./Drivers/STM32L4xx_HAL_Driver/Src/stm32l4xx_hal_cortex.o
 .text.__NVIC_GetPriorityGrouping
                0x0000000008000ffc       0x1c ./Drivers/STM32L4xx_HAL_Driver/Src/stm32l4xx_hal_cortex.o
 .text.__NVIC_EnableIRQ
                0x0000000008001018       0x3c ./Drivers/STM32L4xx_HAL_Driver/Src/stm32l4xx_hal_cortex.o
 .text.__NVIC_SetPriority
                0x0000000008001054       0x54 ./Drivers/STM32L4xx_HAL_Driver/Src/stm32l4xx_hal_cortex.o
 .text.NVIC_EncodePriority
                0x00000000080010a8       0x66 ./Drivers/STM32L4xx_HAL_Driver/Src/stm32l4xx_hal_cortex.o
 *fill*         0x000000000800110e        0x2 
 .text.SysTick_Config
                0x0000000008001110       0x44 ./Drivers/STM32L4xx_HAL_Driver/Src/stm32l4xx_hal_cortex.o
 .text.HAL_NVIC_SetPriorityGrouping
                0x0000000008001154       0x16 ./Drivers/STM32L4xx_HAL_Driver/Src/stm32l4xx_hal_cortex.o
                0x0000000008001154                HAL_NVIC_SetPriorityGrouping
 .text.HAL_NVIC_SetPriority
                0x000000000800116a       0x38 ./Drivers/STM32L4xx_HAL_Driver/Src/stm32l4xx_hal_cortex.o
                0x000000000800116a                HAL_NVIC_SetPriority
 .text.HAL_NVIC_EnableIRQ
                0x00000000080011a2       0x1c ./Drivers/STM32L4xx_HAL_Driver/Src/stm32l4xx_hal_cortex.o
                0x00000000080011a2                HAL_NVIC_EnableIRQ
 .text.HAL_SYSTICK_Config
                0x00000000080011be       0x18 ./Drivers/STM32L4xx_HAL_Driver/Src/stm32l4xx_hal_cortex.o
                0x00000000080011be                HAL_SYSTICK_Config
 .text.HAL_DMA_Abort_IT
                0x00000000080011d6       0x82 ./Drivers/STM32L4xx_HAL_Driver/Src/stm32l4xx_hal_dma.o
                0x00000000080011d6                HAL_DMA_Abort_IT
 .text.HAL_GPIO_Init
                0x0000000008001258      0x354 ./Drivers/STM32L4xx_HAL_Driver/Src/stm32l4xx_hal_gpio.o
                0x0000000008001258                HAL_GPIO_Init
 .text.HAL_GPIO_ReadPin
                0x00000000080015ac       0x30 ./Drivers/STM32L4xx_HAL_Driver/Src/stm32l4xx_hal_gpio.o
                0x00000000080015ac                HAL_GPIO_ReadPin
 .text.HAL_GPIO_WritePin
                0x00000000080015dc       0x30 ./Drivers/STM32L4xx_HAL_Driver/Src/stm32l4xx_hal_gpio.o
                0x00000000080015dc                HAL_GPIO_WritePin
 .text.HAL_I2C_Init
                0x000000000800160c      0x11e ./Drivers/STM32L4xx_HAL_Driver/Src/stm32l4xx_hal_i2c.o
                0x000000000800160c                HAL_I2C_Init
 .text.HAL_I2CEx_ConfigAnalogFilter
                0x000000000800172a       0x96 ./Drivers/STM32L4xx_HAL_Driver/Src/stm32l4xx_hal_i2c_ex.o
                0x000000000800172a                HAL_I2CEx_ConfigAnalogFilter
 .text.HAL_I2CEx_ConfigDigitalFilter
                0x00000000080017c0       0x98 ./Drivers/STM32L4xx_HAL_Driver/Src/stm32l4xx_hal_i2c_ex.o
                0x00000000080017c0                HAL_I2CEx_ConfigDigitalFilter
 .text.HAL_PWREx_GetVoltageRange
                0x0000000008001858       0x1c ./Drivers/STM32L4xx_HAL_Driver/Src/stm32l4xx_hal_pwr_ex.o
                0x0000000008001858                HAL_PWREx_GetVoltageRange
 .text.HAL_PWREx_ControlVoltageScaling
                0x0000000008001874       0xac ./Drivers/STM32L4xx_HAL_Driver/Src/stm32l4xx_hal_pwr_ex.o
                0x0000000008001874                HAL_PWREx_ControlVoltageScaling
 .text.HAL_RCC_OscConfig
                0x0000000008001920      0x7cc ./Drivers/STM32L4xx_HAL_Driver/Src/stm32l4xx_hal_rcc.o
                0x0000000008001920                HAL_RCC_OscConfig
 .text.HAL_RCC_ClockConfig
                0x00000000080020ec      0x1c4 ./Drivers/STM32L4xx_HAL_Driver/Src/stm32l4xx_hal_rcc.o
                0x00000000080020ec                HAL_RCC_ClockConfig
 .text.HAL_RCC_GetSysClockFreq
                0x00000000080022b0      0x118 ./Drivers/STM32L4xx_HAL_Driver/Src/stm32l4xx_hal_rcc.o
                0x00000000080022b0                HAL_RCC_GetSysClockFreq
 .text.HAL_RCC_GetHCLKFreq
                0x00000000080023c8       0x18 ./Drivers/STM32L4xx_HAL_Driver/Src/stm32l4xx_hal_rcc.o
                0x00000000080023c8                HAL_RCC_GetHCLKFreq
 .text.HAL_RCC_GetPCLK1Freq
                0x00000000080023e0       0x2c ./Drivers/STM32L4xx_HAL_Driver/Src/stm32l4xx_hal_rcc.o
                0x00000000080023e0                HAL_RCC_GetPCLK1Freq
 .text.HAL_RCC_GetPCLK2Freq
                0x000000000800240c       0x2c ./Drivers/STM32L4xx_HAL_Driver/Src/stm32l4xx_hal_rcc.o
                0x000000000800240c                HAL_RCC_GetPCLK2Freq
 .text.RCC_SetFlashLatencyFromMSIRange
                0x0000000008002438       0xc0 ./Drivers/STM32L4xx_HAL_Driver/Src/stm32l4xx_hal_rcc.o
 .text.HAL_RCCEx_PeriphCLKConfig
                0x00000000080024f8      0x5d4 ./Drivers/STM32L4xx_HAL_Driver/Src/stm32l4xx_hal_rcc_ex.o
                0x00000000080024f8                HAL_RCCEx_PeriphCLKConfig
 .text.RCCEx_PLLSAI1_Config
                0x0000000008002acc      0x1e8 ./Drivers/STM32L4xx_HAL_Driver/Src/stm32l4xx_hal_rcc_ex.o
 .text.RCCEx_PLLSAI2_Config
                0x0000000008002cb4      0x1bc ./Drivers/STM32L4xx_HAL_Driver/Src/stm32l4xx_hal_rcc_ex.o
 .text.HAL_RTC_Init
                0x0000000008002e70       0xf6 ./Drivers/STM32L4xx_HAL_Driver/Src/stm32l4xx_hal_rtc.o
                0x0000000008002e70                HAL_RTC_Init
 .text.HAL_RTC_WaitForSynchro
                0x0000000008002f66       0x4c ./Drivers/STM32L4xx_HAL_Driver/Src/stm32l4xx_hal_rtc.o
                0x0000000008002f66                HAL_RTC_WaitForSynchro
 .text.RTC_EnterInitMode
                0x0000000008002fb2       0x66 ./Drivers/STM32L4xx_HAL_Driver/Src/stm32l4xx_hal_rtc.o
                0x0000000008002fb2                RTC_EnterInitMode
 .text.RTC_ExitInitMode
                0x0000000008003018       0x7c ./Drivers/STM32L4xx_HAL_Driver/Src/stm32l4xx_hal_rtc.o
                0x0000000008003018                RTC_ExitInitMode
 .text.HAL_SPI_Init
                0x0000000008003094      0x146 ./Drivers/STM32L4xx_HAL_Driver/Src/stm32l4xx_hal_spi.o
                0x0000000008003094                HAL_SPI_Init
 .text.HAL_TIM_Base_Init
                0x00000000080031da       0xae ./Drivers/STM32L4xx_HAL_Driver/Src/stm32l4xx_hal_tim.o
                0x00000000080031da                HAL_TIM_Base_Init
 .text.TIM_Base_SetConfig
                0x0000000008003288      0x134 ./Drivers/STM32L4xx_HAL_Driver/Src/stm32l4xx_hal_tim.o
                0x0000000008003288                TIM_Base_SetConfig
 .text.HAL_TIMEx_MasterConfigSynchronization
                0x00000000080033bc      0x110 ./Drivers/STM32L4xx_HAL_Driver/Src/stm32l4xx_hal_tim_ex.o
                0x00000000080033bc                HAL_TIMEx_MasterConfigSynchronization
 .text.HAL_UART_Init
                0x00000000080034cc       0x9c ./Drivers/STM32L4xx_HAL_Driver/Src/stm32l4xx_hal_uart.o
                0x00000000080034cc                HAL_UART_Init
 .text.HAL_HalfDuplex_Init
                0x0000000008003568       0xac ./Drivers/STM32L4xx_HAL_Driver/Src/stm32l4xx_hal_uart.o
                0x0000000008003568                HAL_HalfDuplex_Init
 .text.HAL_UART_IRQHandler
                0x0000000008003614      0x28c ./Drivers/STM32L4xx_HAL_Driver/Src/stm32l4xx_hal_uart.o
                0x0000000008003614                HAL_UART_IRQHandler
 .text.HAL_UART_TxCpltCallback
                0x00000000080038a0       0x14 ./Drivers/STM32L4xx_HAL_Driver/Src/stm32l4xx_hal_uart.o
                0x00000000080038a0                HAL_UART_TxCpltCallback
 .text.HAL_UART_ErrorCallback
                0x00000000080038b4       0x14 ./Drivers/STM32L4xx_HAL_Driver/Src/stm32l4xx_hal_uart.o
                0x00000000080038b4                HAL_UART_ErrorCallback
 .text.UART_SetConfig
                0x00000000080038c8      0x514 ./Drivers/STM32L4xx_HAL_Driver/Src/stm32l4xx_hal_uart.o
                0x00000000080038c8                UART_SetConfig
 .text.UART_AdvFeatureConfig
                0x0000000008003ddc      0x144 ./Drivers/STM32L4xx_HAL_Driver/Src/stm32l4xx_hal_uart.o
                0x0000000008003ddc                UART_AdvFeatureConfig
 .text.UART_CheckIdleState
                0x0000000008003f20       0x8a ./Drivers/STM32L4xx_HAL_Driver/Src/stm32l4xx_hal_uart.o
                0x0000000008003f20                UART_CheckIdleState
 .text.UART_WaitOnFlagUntilTimeout
                0x0000000008003faa       0xf6 ./Drivers/STM32L4xx_HAL_Driver/Src/stm32l4xx_hal_uart.o
                0x0000000008003faa                UART_WaitOnFlagUntilTimeout
 .text.UART_EndRxTransfer
                0x00000000080040a0       0x40 ./Drivers/STM32L4xx_HAL_Driver/Src/stm32l4xx_hal_uart.o
 .text.UART_DMAAbortOnError
                0x00000000080040e0       0x2c ./Drivers/STM32L4xx_HAL_Driver/Src/stm32l4xx_hal_uart.o
 .text.UART_EndTransmit_IT
                0x000000000800410c       0x32 ./Drivers/STM32L4xx_HAL_Driver/Src/stm32l4xx_hal_uart.o
 .text.HAL_UARTEx_WakeupCallback
                0x000000000800413e       0x14 ./Drivers/STM32L4xx_HAL_Driver/Src/stm32l4xx_hal_uart_ex.o
                0x000000000800413e                HAL_UARTEx_WakeupCallback
 *fill*         0x0000000008004152        0x2 
 .text.MX_FATFS_Init
                0x0000000008004154       0x24 ./FATFS/App/fatfs.o
                0x0000000008004154                MX_FATFS_Init
 .text.USER_initialize
                0x0000000008004178       0x28 ./FATFS/Target/user_diskio.o
                0x0000000008004178                USER_initialize
 .text.USER_status
                0x00000000080041a0       0x28 ./FATFS/Target/user_diskio.o
                0x00000000080041a0                USER_status
 .text.USER_read
                0x00000000080041c8       0x1e ./FATFS/Target/user_diskio.o
                0x00000000080041c8                USER_read
 .text.USER_write
                0x00000000080041e6       0x1e ./FATFS/Target/user_diskio.o
                0x00000000080041e6                USER_write
 .text.USER_ioctl
                0x0000000008004204       0x22 ./FATFS/Target/user_diskio.o
                0x0000000008004204                USER_ioctl
 *fill*         0x0000000008004226        0x2 
 .text.FATFS_LinkDriverEx
                0x0000000008004228       0x98 ./Middlewares/Third_Party/FatFs/src/ff_gen_drv.o
                0x0000000008004228                FATFS_LinkDriverEx
 .text.FATFS_LinkDriver
                0x00000000080042c0       0x1e ./Middlewares/Third_Party/FatFs/src/ff_gen_drv.o
                0x00000000080042c0                FATFS_LinkDriver
 *fill*         0x00000000080042de        0x2 
 .text.__libc_init_array
                0x00000000080042e0       0x48 c:/st/stm32cubeide_1.7.0/stm32cubeide/plugins/com.st.stm32cube.ide.mcu.externaltools.gnu-tools-for-stm32.9-2020-q2-update.win32_2.0.0.202105311346/tools/bin/../lib/gcc/arm-none-eabi/9.3.1/../../../../arm-none-eabi/lib/thumb/v7e-m+fp/hard\libc_nano.a(lib_a-init.o)
                0x00000000080042e0                __libc_init_array
 .text.memset   0x0000000008004328       0x10 c:/st/stm32cubeide_1.7.0/stm32cubeide/plugins/com.st.stm32cube.ide.mcu.externaltools.gnu-tools-for-stm32.9-2020-q2-update.win32_2.0.0.202105311346/tools/bin/../lib/gcc/arm-none-eabi/9.3.1/../../../../arm-none-eabi/lib/thumb/v7e-m+fp/hard\libc_nano.a(lib_a-memset.o)
                0x0000000008004328                memset
 *(.glue_7)
 .glue_7        0x0000000008004338        0x0 linker stubs
 *(.glue_7t)
 .glue_7t       0x0000000008004338        0x0 linker stubs
 *(.eh_frame)
 .eh_frame      0x0000000008004338        0x0 c:/st/stm32cubeide_1.7.0/stm32cubeide/plugins/com.st.stm32cube.ide.mcu.externaltools.gnu-tools-for-stm32.9-2020-q2-update.win32_2.0.0.202105311346/tools/bin/../lib/gcc/arm-none-eabi/9.3.1/thumb/v7e-m+fp/hard/crtbegin.o
 *(.init)
 .init          0x0000000008004338        0x4 c:/st/stm32cubeide_1.7.0/stm32cubeide/plugins/com.st.stm32cube.ide.mcu.externaltools.gnu-tools-for-stm32.9-2020-q2-update.win32_2.0.0.202105311346/tools/bin/../lib/gcc/arm-none-eabi/9.3.1/thumb/v7e-m+fp/hard/crti.o
                0x0000000008004338                _init
 .init          0x000000000800433c        0x8 c:/st/stm32cubeide_1.7.0/stm32cubeide/plugins/com.st.stm32cube.ide.mcu.externaltools.gnu-tools-for-stm32.9-2020-q2-update.win32_2.0.0.202105311346/tools/bin/../lib/gcc/arm-none-eabi/9.3.1/thumb/v7e-m+fp/hard/crtn.o
 *(.fini)
 .fini          0x0000000008004344        0x4 c:/st/stm32cubeide_1.7.0/stm32cubeide/plugins/com.st.stm32cube.ide.mcu.externaltools.gnu-tools-for-stm32.9-2020-q2-update.win32_2.0.0.202105311346/tools/bin/../lib/gcc/arm-none-eabi/9.3.1/thumb/v7e-m+fp/hard/crti.o
                0x0000000008004344                _fini
 .fini          0x0000000008004348        0x8 c:/st/stm32cubeide_1.7.0/stm32cubeide/plugins/com.st.stm32cube.ide.mcu.externaltools.gnu-tools-for-stm32.9-2020-q2-update.win32_2.0.0.202105311346/tools/bin/../lib/gcc/arm-none-eabi/9.3.1/thumb/v7e-m+fp/hard/crtn.o
                0x0000000008004350                . = ALIGN (0x4)
                0x0000000008004350                _etext = .

.vfp11_veneer   0x0000000008004350        0x0
 .vfp11_veneer  0x0000000008004350        0x0 linker stubs

.v4_bx          0x0000000008004350        0x0
 .v4_bx         0x0000000008004350        0x0 linker stubs

.iplt           0x0000000008004350        0x0
 .iplt          0x0000000008004350        0x0 c:/st/stm32cubeide_1.7.0/stm32cubeide/plugins/com.st.stm32cube.ide.mcu.externaltools.gnu-tools-for-stm32.9-2020-q2-update.win32_2.0.0.202105311346/tools/bin/../lib/gcc/arm-none-eabi/9.3.1/thumb/v7e-m+fp/hard/crtbegin.o

.rodata         0x0000000008004350       0x48
                0x0000000008004350                . = ALIGN (0x4)
 *(.rodata)
 *(.rodata*)
 .rodata.AHBPrescTable
                0x0000000008004350       0x10 ./Core/Src/system_stm32l4xx.o
                0x0000000008004350                AHBPrescTable
 .rodata.APBPrescTable
                0x0000000008004360        0x8 ./Core/Src/system_stm32l4xx.o
                0x0000000008004360                APBPrescTable
 .rodata.MSIRangeTable
                0x0000000008004368       0x30 ./Core/Src/system_stm32l4xx.o
                0x0000000008004368                MSIRangeTable
                0x0000000008004398                . = ALIGN (0x4)

.ARM.extab      0x0000000008004398        0x0
                0x0000000008004398                . = ALIGN (0x4)
 *(.ARM.extab* .gnu.linkonce.armextab.*)
                0x0000000008004398                . = ALIGN (0x4)

.ARM            0x0000000008004398        0x8
                0x0000000008004398                . = ALIGN (0x4)
                0x0000000008004398                __exidx_start = .
 *(.ARM.exidx*)
 .ARM.exidx     0x0000000008004398        0x8 c:/st/stm32cubeide_1.7.0/stm32cubeide/plugins/com.st.stm32cube.ide.mcu.externaltools.gnu-tools-for-stm32.9-2020-q2-update.win32_2.0.0.202105311346/tools/bin/../lib/gcc/arm-none-eabi/9.3.1/thumb/v7e-m+fp/hard\libgcc.a(_udivmoddi4.o)
                0x00000000080043a0                __exidx_end = .
                0x00000000080043a0                . = ALIGN (0x4)

.rel.dyn        0x00000000080043a0        0x0
 .rel.iplt      0x00000000080043a0        0x0 c:/st/stm32cubeide_1.7.0/stm32cubeide/plugins/com.st.stm32cube.ide.mcu.externaltools.gnu-tools-for-stm32.9-2020-q2-update.win32_2.0.0.202105311346/tools/bin/../lib/gcc/arm-none-eabi/9.3.1/thumb/v7e-m+fp/hard/crtbegin.o

.preinit_array  0x00000000080043a0        0x0
                0x00000000080043a0                . = ALIGN (0x4)
                0x00000000080043a0                PROVIDE (__preinit_array_start = .)
 *(.preinit_array*)
                0x00000000080043a0                PROVIDE (__preinit_array_end = .)
                0x00000000080043a0                . = ALIGN (0x4)

.init_array     0x00000000080043a0        0x4
                0x00000000080043a0                . = ALIGN (0x4)
                0x00000000080043a0                PROVIDE (__init_array_start = .)
 *(SORT_BY_NAME(.init_array.*))
 *(.init_array*)
 .init_array    0x00000000080043a0        0x4 c:/st/stm32cubeide_1.7.0/stm32cubeide/plugins/com.st.stm32cube.ide.mcu.externaltools.gnu-tools-for-stm32.9-2020-q2-update.win32_2.0.0.202105311346/tools/bin/../lib/gcc/arm-none-eabi/9.3.1/thumb/v7e-m+fp/hard/crtbegin.o
                0x00000000080043a4                PROVIDE (__init_array_end = .)
                0x00000000080043a4                . = ALIGN (0x4)

.fini_array     0x00000000080043a4        0x4
                0x00000000080043a4                . = ALIGN (0x4)
                [!provide]                        PROVIDE (__fini_array_start = .)
 *(SORT_BY_NAME(.fini_array.*))
 *(.fini_array*)
 .fini_array    0x00000000080043a4        0x4 c:/st/stm32cubeide_1.7.0/stm32cubeide/plugins/com.st.stm32cube.ide.mcu.externaltools.gnu-tools-for-stm32.9-2020-q2-update.win32_2.0.0.202105311346/tools/bin/../lib/gcc/arm-none-eabi/9.3.1/thumb/v7e-m+fp/hard/crtbegin.o
                [!provide]                        PROVIDE (__fini_array_end = .)
                0x00000000080043a8                . = ALIGN (0x4)
                0x00000000080043a8                _sidata = LOADADDR (.data)

.data           0x0000000020000000       0x20 load address 0x00000000080043a8
                0x0000000020000000                . = ALIGN (0x4)
                0x0000000020000000                _sdata = .
 *(.data)
 *(.data*)
 .data.SystemCoreClock
                0x0000000020000000        0x4 ./Core/Src/system_stm32l4xx.o
                0x0000000020000000                SystemCoreClock
 .data.uwTickPrio
                0x0000000020000004        0x4 ./Drivers/STM32L4xx_HAL_Driver/Src/stm32l4xx_hal.o
                0x0000000020000004                uwTickPrio
 .data.uwTickFreq
                0x0000000020000008        0x1 ./Drivers/STM32L4xx_HAL_Driver/Src/stm32l4xx_hal.o
                0x0000000020000008                uwTickFreq
 .data.Stat     0x0000000020000009        0x1 ./FATFS/Target/user_diskio.o
 *fill*         0x000000002000000a        0x2 
 .data.USER_Driver
                0x000000002000000c       0x14 ./FATFS/Target/user_diskio.o
                0x000000002000000c                USER_Driver
                0x0000000020000020                . = ALIGN (0x4)
                0x0000000020000020                _edata = .

.igot.plt       0x0000000020000020        0x0 load address 0x00000000080043c8
 .igot.plt      0x0000000020000020        0x0 c:/st/stm32cubeide_1.7.0/stm32cubeide/plugins/com.st.stm32cube.ide.mcu.externaltools.gnu-tools-for-stm32.9-2020-q2-update.win32_2.0.0.202105311346/tools/bin/../lib/gcc/arm-none-eabi/9.3.1/thumb/v7e-m+fp/hard/crtbegin.o
                0x0000000020000020                . = ALIGN (0x4)

.bss            0x0000000020000020     0x233c load address 0x00000000080043c8
                0x0000000020000020                _sbss = .
                0x0000000020000020                __bss_start__ = _sbss
 *(.bss)
 .bss           0x0000000020000020       0x1c c:/st/stm32cubeide_1.7.0/stm32cubeide/plugins/com.st.stm32cube.ide.mcu.externaltools.gnu-tools-for-stm32.9-2020-q2-update.win32_2.0.0.202105311346/tools/bin/../lib/gcc/arm-none-eabi/9.3.1/thumb/v7e-m+fp/hard/crtbegin.o
 *(.bss*)
 .bss.disk      0x000000002000003c        0xc ./Middlewares/Third_Party/FatFs/src/ff_gen_drv.o
                0x000000002000003c                disk
 *(COMMON)
 COMMON         0x0000000020000048       0x4c ./Core/Src/i2c.o
                0x0000000020000048                hi2c1
 COMMON         0x0000000020000094       0x24 ./Core/Src/rtc.o
                0x0000000020000094                hrtc
 COMMON         0x00000000200000b8       0x64 ./Core/Src/spi.o
                0x00000000200000b8                hspi1
 COMMON         0x000000002000011c       0x4c ./Core/Src/tim.o
                0x000000002000011c                htim6
 COMMON         0x0000000020000168      0x180 ./Core/Src/usart.o
                0x0000000020000168                huart3
                0x00000000200001e8                huart1
                0x0000000020000268                huart2
 COMMON         0x00000000200002e8        0x4 ./Drivers/STM32L4xx_HAL_Driver/Src/stm32l4xx_hal.o
                0x00000000200002e8                uwTick
 COMMON         0x00000000200002ec     0x2070 ./FATFS/App/fatfs.o
                0x00000000200002ec                USERPath
                0x00000000200002f0                retUSER
                0x00000000200002f4                USERFile
                0x0000000020001324                USERFatFS
                0x000000002000235c                . = ALIGN (0x4)
                0x000000002000235c                _ebss = .
                0x000000002000235c                __bss_end__ = _ebss

._user_heap_stack
                0x000000002000235c      0x604 load address 0x00000000080043c8
                0x0000000020002360                . = ALIGN (0x8)
 *fill*         0x000000002000235c        0x4 
                [!provide]                        PROVIDE (end = .)
                0x0000000020002360                PROVIDE (_end = .)
                0x0000000020002560                . = (. + _Min_Heap_Size)
 *fill*         0x0000000020002360      0x200 
                0x0000000020002960                . = (. + _Min_Stack_Size)
 *fill*         0x0000000020002560      0x400 
                0x0000000020002960                . = ALIGN (0x8)

/DISCARD/
 libc.a(*)
 libm.a(*)
 libgcc.a(*)

.ARM.attributes
                0x0000000000000000       0x30
 *(.ARM.attributes)
 .ARM.attributes
                0x0000000000000000       0x1e c:/st/stm32cubeide_1.7.0/stm32cubeide/plugins/com.st.stm32cube.ide.mcu.externaltools.gnu-tools-for-stm32.9-2020-q2-update.win32_2.0.0.202105311346/tools/bin/../lib/gcc/arm-none-eabi/9.3.1/thumb/v7e-m+fp/hard/crti.o
 .ARM.attributes
                0x000000000000001e       0x34 c:/st/stm32cubeide_1.7.0/stm32cubeide/plugins/com.st.stm32cube.ide.mcu.externaltools.gnu-tools-for-stm32.9-2020-q2-update.win32_2.0.0.202105311346/tools/bin/../lib/gcc/arm-none-eabi/9.3.1/thumb/v7e-m+fp/hard/crtbegin.o
 .ARM.attributes
                0x0000000000000052       0x34 ./Core/Src/gpio.o
 .ARM.attributes
                0x0000000000000086       0x34 ./Core/Src/i2c.o
 .ARM.attributes
                0x00000000000000ba       0x34 ./Core/Src/main.o
 .ARM.attributes
                0x00000000000000ee       0x34 ./Core/Src/rtc.o
 .ARM.attributes
                0x0000000000000122       0x34 ./Core/Src/spi.o
 .ARM.attributes
                0x0000000000000156       0x34 ./Core/Src/stm32l4xx_hal_msp.o
 .ARM.attributes
                0x000000000000018a       0x34 ./Core/Src/stm32l4xx_it.o
 .ARM.attributes
                0x00000000000001be       0x34 ./Core/Src/system_stm32l4xx.o
 .ARM.attributes
                0x00000000000001f2       0x34 ./Core/Src/tim.o
 .ARM.attributes
                0x0000000000000226       0x34 ./Core/Src/usart.o
 .ARM.attributes
                0x000000000000025a       0x21 ./Core/Startup/startup_stm32l476rgtx.o
 .ARM.attributes
                0x000000000000027b       0x34 ./Drivers/STM32L4xx_HAL_Driver/Src/stm32l4xx_hal.o
 .ARM.attributes
                0x00000000000002af       0x34 ./Drivers/STM32L4xx_HAL_Driver/Src/stm32l4xx_hal_cortex.o
 .ARM.attributes
                0x00000000000002e3       0x34 ./Drivers/STM32L4xx_HAL_Driver/Src/stm32l4xx_hal_dma.o
 .ARM.attributes
                0x0000000000000317       0x34 ./Drivers/STM32L4xx_HAL_Driver/Src/stm32l4xx_hal_gpio.o
 .ARM.attributes
                0x000000000000034b       0x34 ./Drivers/STM32L4xx_HAL_Driver/Src/stm32l4xx_hal_i2c.o
 .ARM.attributes
                0x000000000000037f       0x34 ./Drivers/STM32L4xx_HAL_Driver/Src/stm32l4xx_hal_i2c_ex.o
 .ARM.attributes
                0x00000000000003b3       0x34 ./Drivers/STM32L4xx_HAL_Driver/Src/stm32l4xx_hal_pwr_ex.o
 .ARM.attributes
                0x00000000000003e7       0x34 ./Drivers/STM32L4xx_HAL_Driver/Src/stm32l4xx_hal_rcc.o
 .ARM.attributes
                0x000000000000041b       0x34 ./Drivers/STM32L4xx_HAL_Driver/Src/stm32l4xx_hal_rcc_ex.o
 .ARM.attributes
                0x000000000000044f       0x34 ./Drivers/STM32L4xx_HAL_Driver/Src/stm32l4xx_hal_rtc.o
 .ARM.attributes
                0x0000000000000483       0x34 ./Drivers/STM32L4xx_HAL_Driver/Src/stm32l4xx_hal_spi.o
 .ARM.attributes
                0x00000000000004b7       0x34 ./Drivers/STM32L4xx_HAL_Driver/Src/stm32l4xx_hal_tim.o
 .ARM.attributes
                0x00000000000004eb       0x34 ./Drivers/STM32L4xx_HAL_Driver/Src/stm32l4xx_hal_tim_ex.o
 .ARM.attributes
                0x000000000000051f       0x34 ./Drivers/STM32L4xx_HAL_Driver/Src/stm32l4xx_hal_uart.o
 .ARM.attributes
                0x0000000000000553       0x34 ./Drivers/STM32L4xx_HAL_Driver/Src/stm32l4xx_hal_uart_ex.o
 .ARM.attributes
                0x0000000000000587       0x34 ./FATFS/App/fatfs.o
 .ARM.attributes
                0x00000000000005bb       0x34 ./FATFS/Target/user_diskio.o
 .ARM.attributes
                0x00000000000005ef       0x34 ./Middlewares/Third_Party/FatFs/src/ff_gen_drv.o
 .ARM.attributes
                0x0000000000000623       0x34 c:/st/stm32cubeide_1.7.0/stm32cubeide/plugins/com.st.stm32cube.ide.mcu.externaltools.gnu-tools-for-stm32.9-2020-q2-update.win32_2.0.0.202105311346/tools/bin/../lib/gcc/arm-none-eabi/9.3.1/../../../../arm-none-eabi/lib/thumb/v7e-m+fp/hard\libc_nano.a(lib_a-init.o)
 .ARM.attributes
                0x0000000000000657       0x34 c:/st/stm32cubeide_1.7.0/stm32cubeide/plugins/com.st.stm32cube.ide.mcu.externaltools.gnu-tools-for-stm32.9-2020-q2-update.win32_2.0.0.202105311346/tools/bin/../lib/gcc/arm-none-eabi/9.3.1/../../../../arm-none-eabi/lib/thumb/v7e-m+fp/hard\libc_nano.a(lib_a-memset.o)
 .ARM.attributes
                0x000000000000068b       0x1e c:/st/stm32cubeide_1.7.0/stm32cubeide/plugins/com.st.stm32cube.ide.mcu.externaltools.gnu-tools-for-stm32.9-2020-q2-update.win32_2.0.0.202105311346/tools/bin/../lib/gcc/arm-none-eabi/9.3.1/thumb/v7e-m+fp/hard\libgcc.a(_aeabi_uldivmod.o)
 .ARM.attributes
                0x00000000000006a9       0x34 c:/st/stm32cubeide_1.7.0/stm32cubeide/plugins/com.st.stm32cube.ide.mcu.externaltools.gnu-tools-for-stm32.9-2020-q2-update.win32_2.0.0.202105311346/tools/bin/../lib/gcc/arm-none-eabi/9.3.1/thumb/v7e-m+fp/hard\libgcc.a(_udivmoddi4.o)
 .ARM.attributes
                0x00000000000006dd       0x1e c:/st/stm32cubeide_1.7.0/stm32cubeide/plugins/com.st.stm32cube.ide.mcu.externaltools.gnu-tools-for-stm32.9-2020-q2-update.win32_2.0.0.202105311346/tools/bin/../lib/gcc/arm-none-eabi/9.3.1/thumb/v7e-m+fp/hard\libgcc.a(_dvmd_tls.o)
 .ARM.attributes
                0x00000000000006fb       0x1e c:/st/stm32cubeide_1.7.0/stm32cubeide/plugins/com.st.stm32cube.ide.mcu.externaltools.gnu-tools-for-stm32.9-2020-q2-update.win32_2.0.0.202105311346/tools/bin/../lib/gcc/arm-none-eabi/9.3.1/thumb/v7e-m+fp/hard/crtn.o
OUTPUT(STM_SR.elf elf32-littlearm)
LOAD linker stubs
LOAD c:/st/stm32cubeide_1.7.0/stm32cubeide/plugins/com.st.stm32cube.ide.mcu.externaltools.gnu-tools-for-stm32.9-2020-q2-update.win32_2.0.0.202105311346/tools/bin/../lib/gcc/arm-none-eabi/9.3.1/../../../../arm-none-eabi/lib/thumb/v7e-m+fp/hard\libc.a
LOAD c:/st/stm32cubeide_1.7.0/stm32cubeide/plugins/com.st.stm32cube.ide.mcu.externaltools.gnu-tools-for-stm32.9-2020-q2-update.win32_2.0.0.202105311346/tools/bin/../lib/gcc/arm-none-eabi/9.3.1/../../../../arm-none-eabi/lib/thumb/v7e-m+fp/hard\libm.a
LOAD c:/st/stm32cubeide_1.7.0/stm32cubeide/plugins/com.st.stm32cube.ide.mcu.externaltools.gnu-tools-for-stm32.9-2020-q2-update.win32_2.0.0.202105311346/tools/bin/../lib/gcc/arm-none-eabi/9.3.1/thumb/v7e-m+fp/hard\libgcc.a

.debug_info     0x0000000000000000    0x1ca9b
 .debug_info    0x0000000000000000      0x6df ./Core/Src/gpio.o
 .debug_info    0x00000000000006df      0xc20 ./Core/Src/i2c.o
 .debug_info    0x00000000000012ff     0x2744 ./Core/Src/main.o
 .debug_info    0x0000000000003a43      0x98c ./Core/Src/rtc.o
 .debug_info    0x00000000000043cf      0xbd0 ./Core/Src/spi.o
 .debug_info    0x0000000000004f9f      0x545 ./Core/Src/stm32l4xx_hal_msp.o
 .debug_info    0x00000000000054e4      0x920 ./Core/Src/stm32l4xx_it.o
 .debug_info    0x0000000000005e04      0x794 ./Core/Src/system_stm32l4xx.o
 .debug_info    0x0000000000006598      0xbce ./Core/Src/tim.o
 .debug_info    0x0000000000007166      0xf6c ./Core/Src/usart.o
 .debug_info    0x00000000000080d2       0x22 ./Core/Startup/startup_stm32l476rgtx.o
 .debug_info    0x00000000000080f4      0xddb ./Drivers/STM32L4xx_HAL_Driver/Src/stm32l4xx_hal.o
 .debug_info    0x0000000000008ecf     0x102e ./Drivers/STM32L4xx_HAL_Driver/Src/stm32l4xx_hal_cortex.o
 .debug_info    0x0000000000009efd      0x973 ./Drivers/STM32L4xx_HAL_Driver/Src/stm32l4xx_hal_dma.o
 .debug_info    0x000000000000a870      0xa5f ./Drivers/STM32L4xx_HAL_Driver/Src/stm32l4xx_hal_gpio.o
 .debug_info    0x000000000000b2cf     0x22fd ./Drivers/STM32L4xx_HAL_Driver/Src/stm32l4xx_hal_i2c.o
 .debug_info    0x000000000000d5cc      0xc29 ./Drivers/STM32L4xx_HAL_Driver/Src/stm32l4xx_hal_i2c_ex.o
 .debug_info    0x000000000000e1f5      0xbda ./Drivers/STM32L4xx_HAL_Driver/Src/stm32l4xx_hal_pwr_ex.o
 .debug_info    0x000000000000edcf      0xe0b ./Drivers/STM32L4xx_HAL_Driver/Src/stm32l4xx_hal_rcc.o
 .debug_info    0x000000000000fbda     0x103f ./Drivers/STM32L4xx_HAL_Driver/Src/stm32l4xx_hal_rcc_ex.o
 .debug_info    0x0000000000010c19      0xfb9 ./Drivers/STM32L4xx_HAL_Driver/Src/stm32l4xx_hal_rtc.o
 .debug_info    0x0000000000011bd2     0x18e8 ./Drivers/STM32L4xx_HAL_Driver/Src/stm32l4xx_hal_spi.o
 .debug_info    0x00000000000134ba     0x2cd9 ./Drivers/STM32L4xx_HAL_Driver/Src/stm32l4xx_hal_tim.o
 .debug_info    0x0000000000016193     0x17d3 ./Drivers/STM32L4xx_HAL_Driver/Src/stm32l4xx_hal_tim_ex.o
 .debug_info    0x0000000000017966     0x19a3 ./Drivers/STM32L4xx_HAL_Driver/Src/stm32l4xx_hal_uart.o
 .debug_info    0x0000000000019309      0xadd ./Drivers/STM32L4xx_HAL_Driver/Src/stm32l4xx_hal_uart_ex.o
 .debug_info    0x0000000000019de6      0xfe1 ./FATFS/App/fatfs.o
 .debug_info    0x000000000001adc7      0xe4a ./FATFS/Target/user_diskio.o
 .debug_info    0x000000000001bc11      0xe8a ./Middlewares/Third_Party/FatFs/src/ff_gen_drv.o

.debug_abbrev   0x0000000000000000     0x384a
 .debug_abbrev  0x0000000000000000      0x14e ./Core/Src/gpio.o
 .debug_abbrev  0x000000000000014e      0x1c6 ./Core/Src/i2c.o
 .debug_abbrev  0x0000000000000314      0x249 ./Core/Src/main.o
 .debug_abbrev  0x000000000000055d      0x15d ./Core/Src/rtc.o
 .debug_abbrev  0x00000000000006ba      0x1bb ./Core/Src/spi.o
 .debug_abbrev  0x0000000000000875      0x13d ./Core/Src/stm32l4xx_hal_msp.o
 .debug_abbrev  0x00000000000009b2      0x163 ./Core/Src/stm32l4xx_it.o
 .debug_abbrev  0x0000000000000b15      0x16e ./Core/Src/system_stm32l4xx.o
 .debug_abbrev  0x0000000000000c83      0x1b2 ./Core/Src/tim.o
 .debug_abbrev  0x0000000000000e35      0x1c4 ./Core/Src/usart.o
 .debug_abbrev  0x0000000000000ff9       0x12 ./Core/Startup/startup_stm32l476rgtx.o
 .debug_abbrev  0x000000000000100b      0x227 ./Drivers/STM32L4xx_HAL_Driver/Src/stm32l4xx_hal.o
 .debug_abbrev  0x0000000000001232      0x33c ./Drivers/STM32L4xx_HAL_Driver/Src/stm32l4xx_hal_cortex.o
 .debug_abbrev  0x000000000000156e      0x201 ./Drivers/STM32L4xx_HAL_Driver/Src/stm32l4xx_hal_dma.o
 .debug_abbrev  0x000000000000176f      0x1e8 ./Drivers/STM32L4xx_HAL_Driver/Src/stm32l4xx_hal_gpio.o
 .debug_abbrev  0x0000000000001957      0x256 ./Drivers/STM32L4xx_HAL_Driver/Src/stm32l4xx_hal_i2c.o
 .debug_abbrev  0x0000000000001bad      0x1dd ./Drivers/STM32L4xx_HAL_Driver/Src/stm32l4xx_hal_i2c_ex.o
 .debug_abbrev  0x0000000000001d8a      0x1f3 ./Drivers/STM32L4xx_HAL_Driver/Src/stm32l4xx_hal_pwr_ex.o
 .debug_abbrev  0x0000000000001f7d      0x275 ./Drivers/STM32L4xx_HAL_Driver/Src/stm32l4xx_hal_rcc.o
 .debug_abbrev  0x00000000000021f2      0x268 ./Drivers/STM32L4xx_HAL_Driver/Src/stm32l4xx_hal_rcc_ex.o
 .debug_abbrev  0x000000000000245a      0x200 ./Drivers/STM32L4xx_HAL_Driver/Src/stm32l4xx_hal_rtc.o
 .debug_abbrev  0x000000000000265a      0x254 ./Drivers/STM32L4xx_HAL_Driver/Src/stm32l4xx_hal_spi.o
 .debug_abbrev  0x00000000000028ae      0x25e ./Drivers/STM32L4xx_HAL_Driver/Src/stm32l4xx_hal_tim.o
 .debug_abbrev  0x0000000000002b0c      0x266 ./Drivers/STM32L4xx_HAL_Driver/Src/stm32l4xx_hal_tim_ex.o
 .debug_abbrev  0x0000000000002d72      0x22f ./Drivers/STM32L4xx_HAL_Driver/Src/stm32l4xx_hal_uart.o
 .debug_abbrev  0x0000000000002fa1      0x20a ./Drivers/STM32L4xx_HAL_Driver/Src/stm32l4xx_hal_uart_ex.o
 .debug_abbrev  0x00000000000031ab      0x209 ./FATFS/App/fatfs.o
 .debug_abbrev  0x00000000000033b4      0x22e ./FATFS/Target/user_diskio.o
 .debug_abbrev  0x00000000000035e2      0x268 ./Middlewares/Third_Party/FatFs/src/ff_gen_drv.o

.debug_aranges  0x0000000000000000     0x15d0
 .debug_aranges
                0x0000000000000000       0x20 ./Core/Src/gpio.o
 .debug_aranges
                0x0000000000000020       0x30 ./Core/Src/i2c.o
 .debug_aranges
                0x0000000000000050       0x30 ./Core/Src/main.o
 .debug_aranges
                0x0000000000000080       0x30 ./Core/Src/rtc.o
 .debug_aranges
                0x00000000000000b0       0x30 ./Core/Src/spi.o
 .debug_aranges
                0x00000000000000e0       0x20 ./Core/Src/stm32l4xx_hal_msp.o
 .debug_aranges
                0x0000000000000100       0x70 ./Core/Src/stm32l4xx_it.o
 .debug_aranges
                0x0000000000000170       0x28 ./Core/Src/system_stm32l4xx.o
 .debug_aranges
                0x0000000000000198       0x30 ./Core/Src/tim.o
 .debug_aranges
                0x00000000000001c8       0x40 ./Core/Src/usart.o
 .debug_aranges
                0x0000000000000208       0x28 ./Core/Startup/startup_stm32l476rgtx.o
 .debug_aranges
                0x0000000000000230      0x130 ./Drivers/STM32L4xx_HAL_Driver/Src/stm32l4xx_hal.o
 .debug_aranges
                0x0000000000000360      0x118 ./Drivers/STM32L4xx_HAL_Driver/Src/stm32l4xx_hal_cortex.o
 .debug_aranges
                0x0000000000000478       0x80 ./Drivers/STM32L4xx_HAL_Driver/Src/stm32l4xx_hal_dma.o
 .debug_aranges
                0x00000000000004f8       0x58 ./Drivers/STM32L4xx_HAL_Driver/Src/stm32l4xx_hal_gpio.o
 .debug_aranges
                0x0000000000000550      0x290 ./Drivers/STM32L4xx_HAL_Driver/Src/stm32l4xx_hal_i2c.o
 .debug_aranges
                0x00000000000007e0       0x48 ./Drivers/STM32L4xx_HAL_Driver/Src/stm32l4xx_hal_i2c_ex.o
 .debug_aranges
                0x0000000000000828      0x150 ./Drivers/STM32L4xx_HAL_Driver/Src/stm32l4xx_hal_pwr_ex.o
 .debug_aranges
                0x0000000000000978       0x88 ./Drivers/STM32L4xx_HAL_Driver/Src/stm32l4xx_hal_rcc.o
 .debug_aranges
                0x0000000000000a00       0xc0 ./Drivers/STM32L4xx_HAL_Driver/Src/stm32l4xx_hal_rcc_ex.o
 .debug_aranges
                0x0000000000000ac0       0xc0 ./Drivers/STM32L4xx_HAL_Driver/Src/stm32l4xx_hal_rtc.o
 .debug_aranges
                0x0000000000000b80      0x1d8 ./Drivers/STM32L4xx_HAL_Driver/Src/stm32l4xx_hal_spi.o
 .debug_aranges
                0x0000000000000d58      0x3e0 ./Drivers/STM32L4xx_HAL_Driver/Src/stm32l4xx_hal_tim.o
 .debug_aranges
                0x0000000000001138      0x180 ./Drivers/STM32L4xx_HAL_Driver/Src/stm32l4xx_hal_tim_ex.o
 .debug_aranges
                0x00000000000012b8      0x210 ./Drivers/STM32L4xx_HAL_Driver/Src/stm32l4xx_hal_uart.o
 .debug_aranges
                0x00000000000014c8       0x60 ./Drivers/STM32L4xx_HAL_Driver/Src/stm32l4xx_hal_uart_ex.o
 .debug_aranges
                0x0000000000001528       0x28 ./FATFS/App/fatfs.o
 .debug_aranges
                0x0000000000001550       0x40 ./FATFS/Target/user_diskio.o
 .debug_aranges
                0x0000000000001590       0x40 ./Middlewares/Third_Party/FatFs/src/ff_gen_drv.o

.debug_ranges   0x0000000000000000     0x1408
 .debug_ranges  0x0000000000000000       0x10 ./Core/Src/gpio.o
 .debug_ranges  0x0000000000000010       0x20 ./Core/Src/i2c.o
 .debug_ranges  0x0000000000000030       0x20 ./Core/Src/main.o
 .debug_ranges  0x0000000000000050       0x20 ./Core/Src/rtc.o
 .debug_ranges  0x0000000000000070       0x20 ./Core/Src/spi.o
 .debug_ranges  0x0000000000000090       0x10 ./Core/Src/stm32l4xx_hal_msp.o
 .debug_ranges  0x00000000000000a0       0x60 ./Core/Src/stm32l4xx_it.o
 .debug_ranges  0x0000000000000100       0x18 ./Core/Src/system_stm32l4xx.o
 .debug_ranges  0x0000000000000118       0x20 ./Core/Src/tim.o
 .debug_ranges  0x0000000000000138       0x30 ./Core/Src/usart.o
 .debug_ranges  0x0000000000000168       0x20 ./Core/Startup/startup_stm32l476rgtx.o
 .debug_ranges  0x0000000000000188      0x120 ./Drivers/STM32L4xx_HAL_Driver/Src/stm32l4xx_hal.o
 .debug_ranges  0x00000000000002a8      0x108 ./Drivers/STM32L4xx_HAL_Driver/Src/stm32l4xx_hal_cortex.o
 .debug_ranges  0x00000000000003b0       0x70 ./Drivers/STM32L4xx_HAL_Driver/Src/stm32l4xx_hal_dma.o
 .debug_ranges  0x0000000000000420       0x48 ./Drivers/STM32L4xx_HAL_Driver/Src/stm32l4xx_hal_gpio.o
 .debug_ranges  0x0000000000000468      0x280 ./Drivers/STM32L4xx_HAL_Driver/Src/stm32l4xx_hal_i2c.o
 .debug_ranges  0x00000000000006e8       0x38 ./Drivers/STM32L4xx_HAL_Driver/Src/stm32l4xx_hal_i2c_ex.o
 .debug_ranges  0x0000000000000720      0x140 ./Drivers/STM32L4xx_HAL_Driver/Src/stm32l4xx_hal_pwr_ex.o
 .debug_ranges  0x0000000000000860       0x78 ./Drivers/STM32L4xx_HAL_Driver/Src/stm32l4xx_hal_rcc.o
 .debug_ranges  0x00000000000008d8       0xb0 ./Drivers/STM32L4xx_HAL_Driver/Src/stm32l4xx_hal_rcc_ex.o
 .debug_ranges  0x0000000000000988       0xb0 ./Drivers/STM32L4xx_HAL_Driver/Src/stm32l4xx_hal_rtc.o
 .debug_ranges  0x0000000000000a38      0x1c8 ./Drivers/STM32L4xx_HAL_Driver/Src/stm32l4xx_hal_spi.o
 .debug_ranges  0x0000000000000c00      0x3d0 ./Drivers/STM32L4xx_HAL_Driver/Src/stm32l4xx_hal_tim.o
 .debug_ranges  0x0000000000000fd0      0x170 ./Drivers/STM32L4xx_HAL_Driver/Src/stm32l4xx_hal_tim_ex.o
 .debug_ranges  0x0000000000001140      0x200 ./Drivers/STM32L4xx_HAL_Driver/Src/stm32l4xx_hal_uart.o
 .debug_ranges  0x0000000000001340       0x50 ./Drivers/STM32L4xx_HAL_Driver/Src/stm32l4xx_hal_uart_ex.o
 .debug_ranges  0x0000000000001390       0x18 ./FATFS/App/fatfs.o
 .debug_ranges  0x00000000000013a8       0x30 ./FATFS/Target/user_diskio.o
 .debug_ranges  0x00000000000013d8       0x30 ./Middlewares/Third_Party/FatFs/src/ff_gen_drv.o

.debug_macro    0x0000000000000000    0x2a015
 .debug_macro   0x0000000000000000      0x220 ./Core/Src/gpio.o
 .debug_macro   0x0000000000000220      0xaa8 ./Core/Src/gpio.o
 .debug_macro   0x0000000000000cc8      0x1b9 ./Core/Src/gpio.o
 .debug_macro   0x0000000000000e81       0x2e ./Core/Src/gpio.o
 .debug_macro   0x0000000000000eaf       0x28 ./Core/Src/gpio.o
 .debug_macro   0x0000000000000ed7       0x22 ./Core/Src/gpio.o
 .debug_macro   0x0000000000000ef9       0x8e ./Core/Src/gpio.o
 .debug_macro   0x0000000000000f87       0x51 ./Core/Src/gpio.o
 .debug_macro   0x0000000000000fd8      0x103 ./Core/Src/gpio.o
 .debug_macro   0x00000000000010db       0x6a ./Core/Src/gpio.o
 .debug_macro   0x0000000000001145      0x1df ./Core/Src/gpio.o
 .debug_macro   0x0000000000001324       0x1c ./Core/Src/gpio.o
 .debug_macro   0x0000000000001340       0x22 ./Core/Src/gpio.o
 .debug_macro   0x0000000000001362      0x101 ./Core/Src/gpio.o
 .debug_macro   0x0000000000001463     0x1011 ./Core/Src/gpio.o
 .debug_macro   0x0000000000002474      0x11f ./Core/Src/gpio.o
 .debug_macro   0x0000000000002593    0x1a13d ./Core/Src/gpio.o
 .debug_macro   0x000000000001c6d0       0x43 ./Core/Src/gpio.o
 .debug_macro   0x000000000001c713     0x3890 ./Core/Src/gpio.o
 .debug_macro   0x000000000001ffa3      0x174 ./Core/Src/gpio.o
 .debug_macro   0x0000000000020117       0x5c ./Core/Src/gpio.o
 .debug_macro   0x0000000000020173     0x155f ./Core/Src/gpio.o
 .debug_macro   0x00000000000216d2      0x59e ./Core/Src/gpio.o
 .debug_macro   0x0000000000021c70      0x13d ./Core/Src/gpio.o
 .debug_macro   0x0000000000021dad      0x18b ./Core/Src/gpio.o
 .debug_macro   0x0000000000021f38      0x26b ./Core/Src/gpio.o
 .debug_macro   0x00000000000221a3      0x23d ./Core/Src/gpio.o
 .debug_macro   0x00000000000223e0      0x241 ./Core/Src/gpio.o
 .debug_macro   0x0000000000022621      0x37c ./Core/Src/gpio.o
 .debug_macro   0x000000000002299d       0xd6 ./Core/Src/gpio.o
 .debug_macro   0x0000000000022a73      0x22c ./Core/Src/gpio.o
 .debug_macro   0x0000000000022c9f       0x61 ./Core/Src/gpio.o
 .debug_macro   0x0000000000022d00       0xa5 ./Core/Src/gpio.o
 .debug_macro   0x0000000000022da5      0x122 ./Core/Src/gpio.o
 .debug_macro   0x0000000000022ec7      0x3e9 ./Core/Src/gpio.o
 .debug_macro   0x00000000000232b0      0x31a ./Core/Src/gpio.o
 .debug_macro   0x00000000000235ca      0x4fb ./Core/Src/gpio.o
 .debug_macro   0x0000000000023ac5       0xe4 ./Core/Src/gpio.o
 .debug_macro   0x0000000000023ba9      0x2fe ./Core/Src/gpio.o
 .debug_macro   0x0000000000023ea7      0xa75 ./Core/Src/gpio.o
 .debug_macro   0x000000000002491c      0x1e7 ./Core/Src/gpio.o
 .debug_macro   0x0000000000024b03      0x59e ./Core/Src/gpio.o
 .debug_macro   0x00000000000250a1       0x44 ./Core/Src/gpio.o
 .debug_macro   0x00000000000250e5      0x331 ./Core/Src/gpio.o
 .debug_macro   0x0000000000025416       0xb8 ./Core/Src/gpio.o
 .debug_macro   0x00000000000254ce      0x220 ./Core/Src/i2c.o
 .debug_macro   0x00000000000256ee      0x375 ./Core/Src/main.o
 .debug_macro   0x0000000000025a63       0xeb ./Core/Src/main.o
 .debug_macro   0x0000000000025b4e       0x18 ./Core/Src/main.o
 .debug_macro   0x0000000000025b66       0x52 ./Core/Src/main.o
 .debug_macro   0x0000000000025bb8       0x3c ./Core/Src/main.o
 .debug_macro   0x0000000000025bf4       0x34 ./Core/Src/main.o
 .debug_macro   0x0000000000025c28       0x16 ./Core/Src/main.o
 .debug_macro   0x0000000000025c3e       0x35 ./Core/Src/main.o
 .debug_macro   0x0000000000025c73       0x16 ./Core/Src/main.o
 .debug_macro   0x0000000000025c89       0x43 ./Core/Src/main.o
 .debug_macro   0x0000000000025ccc       0x34 ./Core/Src/main.o
 .debug_macro   0x0000000000025d00       0x10 ./Core/Src/main.o
 .debug_macro   0x0000000000025d10       0x58 ./Core/Src/main.o
 .debug_macro   0x0000000000025d68       0x71 ./Core/Src/main.o
 .debug_macro   0x0000000000025dd9       0x1c ./Core/Src/main.o
 .debug_macro   0x0000000000025df5      0x12a ./Core/Src/main.o
 .debug_macro   0x0000000000025f1f      0x333 ./Core/Src/main.o
 .debug_macro   0x0000000000026252       0x16 ./Core/Src/main.o
 .debug_macro   0x0000000000026268       0x29 ./Core/Src/main.o
 .debug_macro   0x0000000000026291       0x12 ./Core/Src/main.o
 .debug_macro   0x00000000000262a3       0xe2 ./Core/Src/main.o
 .debug_macro   0x0000000000026385       0x8e ./Core/Src/main.o
 .debug_macro   0x0000000000026413      0x220 ./Core/Src/rtc.o
 .debug_macro   0x0000000000026633      0x220 ./Core/Src/spi.o
 .debug_macro   0x0000000000026853      0x216 ./Core/Src/stm32l4xx_hal_msp.o
 .debug_macro   0x0000000000026a69      0x220 ./Core/Src/stm32l4xx_it.o
 .debug_macro   0x0000000000026c89      0x20d ./Core/Src/system_stm32l4xx.o
 .debug_macro   0x0000000000026e96      0x220 ./Core/Src/tim.o
 .debug_macro   0x00000000000270b6      0x220 ./Core/Src/usart.o
 .debug_macro   0x00000000000272d6      0x255 ./Drivers/STM32L4xx_HAL_Driver/Src/stm32l4xx_hal.o
 .debug_macro   0x000000000002752b      0x207 ./Drivers/STM32L4xx_HAL_Driver/Src/stm32l4xx_hal_cortex.o
 .debug_macro   0x0000000000027732      0x207 ./Drivers/STM32L4xx_HAL_Driver/Src/stm32l4xx_hal_dma.o
 .debug_macro   0x0000000000027939      0x246 ./Drivers/STM32L4xx_HAL_Driver/Src/stm32l4xx_hal_gpio.o
 .debug_macro   0x0000000000027b7f      0x2cc ./Drivers/STM32L4xx_HAL_Driver/Src/stm32l4xx_hal_i2c.o
 .debug_macro   0x0000000000027e4b      0x207 ./Drivers/STM32L4xx_HAL_Driver/Src/stm32l4xx_hal_i2c_ex.o
 .debug_macro   0x0000000000028052      0x22b ./Drivers/STM32L4xx_HAL_Driver/Src/stm32l4xx_hal_pwr_ex.o
 .debug_macro   0x000000000002827d      0x249 ./Drivers/STM32L4xx_HAL_Driver/Src/stm32l4xx_hal_rcc.o
 .debug_macro   0x00000000000284c6      0x23d ./Drivers/STM32L4xx_HAL_Driver/Src/stm32l4xx_hal_rcc_ex.o
 .debug_macro   0x0000000000028703      0x208 ./Drivers/STM32L4xx_HAL_Driver/Src/stm32l4xx_hal_rtc.o
 .debug_macro   0x000000000002890b      0x20f ./Drivers/STM32L4xx_HAL_Driver/Src/stm32l4xx_hal_spi.o
 .debug_macro   0x0000000000028b1a      0x208 ./Drivers/STM32L4xx_HAL_Driver/Src/stm32l4xx_hal_tim.o
 .debug_macro   0x0000000000028d22      0x207 ./Drivers/STM32L4xx_HAL_Driver/Src/stm32l4xx_hal_tim_ex.o
 .debug_macro   0x0000000000028f29      0x232 ./Drivers/STM32L4xx_HAL_Driver/Src/stm32l4xx_hal_uart.o
 .debug_macro   0x000000000002915b      0x207 ./Drivers/STM32L4xx_HAL_Driver/Src/stm32l4xx_hal_uart_ex.o
 .debug_macro   0x0000000000029362      0x33b ./FATFS/App/fatfs.o
 .debug_macro   0x000000000002969d       0xe5 ./FATFS/App/fatfs.o
 .debug_macro   0x0000000000029782      0x358 ./FATFS/Target/user_diskio.o
 .debug_macro   0x0000000000029ada       0x10 ./FATFS/Target/user_diskio.o
 .debug_macro   0x0000000000029aea       0x20 ./FATFS/Target/user_diskio.o
 .debug_macro   0x0000000000029b0a       0x16 ./FATFS/Target/user_diskio.o
 .debug_macro   0x0000000000029b20       0x7c ./FATFS/Target/user_diskio.o
 .debug_macro   0x0000000000029b9c       0xfb ./FATFS/Target/user_diskio.o
 .debug_macro   0x0000000000029c97       0x56 ./FATFS/Target/user_diskio.o
 .debug_macro   0x0000000000029ced      0x328 ./Middlewares/Third_Party/FatFs/src/ff_gen_drv.o

.debug_line     0x0000000000000000    0x1be99
 .debug_line    0x0000000000000000      0x795 ./Core/Src/gpio.o
 .debug_line    0x0000000000000795      0x7d4 ./Core/Src/i2c.o
 .debug_line    0x0000000000000f69      0xa0d ./Core/Src/main.o
 .debug_line    0x0000000000001976      0x7a9 ./Core/Src/rtc.o
 .debug_line    0x000000000000211f      0x7d0 ./Core/Src/spi.o
 .debug_line    0x00000000000028ef      0x75b ./Core/Src/stm32l4xx_hal_msp.o
 .debug_line    0x000000000000304a      0x847 ./Core/Src/stm32l4xx_it.o
 .debug_line    0x0000000000003891      0x823 ./Core/Src/system_stm32l4xx.o
 .debug_line    0x00000000000040b4      0x7b2 ./Core/Src/tim.o
 .debug_line    0x0000000000004866      0x8aa ./Core/Src/usart.o
 .debug_line    0x0000000000005110       0x87 ./Core/Startup/startup_stm32l476rgtx.o
 .debug_line    0x0000000000005197      0xb4b ./Drivers/STM32L4xx_HAL_Driver/Src/stm32l4xx_hal.o
 .debug_line    0x0000000000005ce2      0xcf1 ./Drivers/STM32L4xx_HAL_Driver/Src/stm32l4xx_hal_cortex.o
 .debug_line    0x00000000000069d3      0xd29 ./Drivers/STM32L4xx_HAL_Driver/Src/stm32l4xx_hal_dma.o
 .debug_line    0x00000000000076fc      0xbc4 ./Drivers/STM32L4xx_HAL_Driver/Src/stm32l4xx_hal_gpio.o
 .debug_line    0x00000000000082c0     0x331b ./Drivers/STM32L4xx_HAL_Driver/Src/stm32l4xx_hal_i2c.o
 .debug_line    0x000000000000b5db      0x978 ./Drivers/STM32L4xx_HAL_Driver/Src/stm32l4xx_hal_i2c_ex.o
 .debug_line    0x000000000000bf53      0xd06 ./Drivers/STM32L4xx_HAL_Driver/Src/stm32l4xx_hal_pwr_ex.o
 .debug_line    0x000000000000cc59      0xf8e ./Drivers/STM32L4xx_HAL_Driver/Src/stm32l4xx_hal_rcc.o
 .debug_line    0x000000000000dbe7     0x1503 ./Drivers/STM32L4xx_HAL_Driver/Src/stm32l4xx_hal_rcc_ex.o
 .debug_line    0x000000000000f0ea     0x10de ./Drivers/STM32L4xx_HAL_Driver/Src/stm32l4xx_hal_rtc.o
 .debug_line    0x00000000000101c8     0x1f6d ./Drivers/STM32L4xx_HAL_Driver/Src/stm32l4xx_hal_spi.o
 .debug_line    0x0000000000012135     0x3ce0 ./Drivers/STM32L4xx_HAL_Driver/Src/stm32l4xx_hal_tim.o
 .debug_line    0x0000000000015e15     0x1e15 ./Drivers/STM32L4xx_HAL_Driver/Src/stm32l4xx_hal_tim_ex.o
 .debug_line    0x0000000000017c2a     0x1c77 ./Drivers/STM32L4xx_HAL_Driver/Src/stm32l4xx_hal_uart.o
 .debug_line    0x00000000000198a1      0x934 ./Drivers/STM32L4xx_HAL_Driver/Src/stm32l4xx_hal_uart_ex.o
 .debug_line    0x000000000001a1d5      0x948 ./FATFS/App/fatfs.o
 .debug_line    0x000000000001ab1d      0x9a7 ./FATFS/Target/user_diskio.o
 .debug_line    0x000000000001b4c4      0x9d5 ./Middlewares/Third_Party/FatFs/src/ff_gen_drv.o

.debug_str      0x0000000000000000    0xfd06d
 .debug_str     0x0000000000000000    0xf2e3b ./Core/Src/gpio.o
                                      0xf3112 (size before relaxing)
 .debug_str     0x00000000000f2e3b      0x436 ./Core/Src/i2c.o
                                      0xf359c (size before relaxing)
 .debug_str     0x00000000000f3271     0x45a3 ./Core/Src/main.o
                                      0xf7b6f (size before relaxing)
 .debug_str     0x00000000000f7814       0x4a ./Core/Src/rtc.o
                                      0xf32f5 (size before relaxing)
 .debug_str     0x00000000000f785e       0x4b ./Core/Src/spi.o
                                      0xf34d8 (size before relaxing)
 .debug_str     0x00000000000f78a9       0x2c ./Core/Src/stm32l4xx_hal_msp.o
                                      0xf3072 (size before relaxing)
 .debug_str     0x00000000000f78d5       0xe1 ./Core/Src/stm32l4xx_it.o
                                      0xf33a5 (size before relaxing)
 .debug_str     0x00000000000f79b6       0xcd ./Core/Src/system_stm32l4xx.o
                                      0xf2e2c (size before relaxing)
 .debug_str     0x00000000000f7a83       0xb9 ./Core/Src/tim.o
                                      0xf35fb (size before relaxing)
 .debug_str     0x00000000000f7b3c      0x4be ./Core/Src/usart.o
                                      0xf39f1 (size before relaxing)
 .debug_str     0x00000000000f7ffa       0x92 ./Core/Startup/startup_stm32l476rgtx.o
 .debug_str     0x00000000000f808c      0x60b ./Drivers/STM32L4xx_HAL_Driver/Src/stm32l4xx_hal.o
                                      0xf397c (size before relaxing)
 .debug_str     0x00000000000f8697      0x384 ./Drivers/STM32L4xx_HAL_Driver/Src/stm32l4xx_hal_cortex.o
                                      0xf3680 (size before relaxing)
 .debug_str     0x00000000000f8a1b      0x253 ./Drivers/STM32L4xx_HAL_Driver/Src/stm32l4xx_hal_dma.o
                                      0xf3084 (size before relaxing)
 .debug_str     0x00000000000f8c6e      0x236 ./Drivers/STM32L4xx_HAL_Driver/Src/stm32l4xx_hal_gpio.o
                                      0xf30ab (size before relaxing)
 .debug_str     0x00000000000f8ea4      0xd49 ./Drivers/STM32L4xx_HAL_Driver/Src/stm32l4xx_hal_i2c.o
                                      0xf3f3d (size before relaxing)
 .debug_str     0x00000000000f9bed       0xb8 ./Drivers/STM32L4xx_HAL_Driver/Src/stm32l4xx_hal_i2c_ex.o
                                      0xf3335 (size before relaxing)
 .debug_str     0x00000000000f9ca5      0x4b4 ./Drivers/STM32L4xx_HAL_Driver/Src/stm32l4xx_hal_pwr_ex.o
                                      0xf3347 (size before relaxing)
 .debug_str     0x00000000000fa159      0x343 ./Drivers/STM32L4xx_HAL_Driver/Src/stm32l4xx_hal_rcc.o
                                      0xf33ee (size before relaxing)
 .debug_str     0x00000000000fa49c      0x3a6 ./Drivers/STM32L4xx_HAL_Driver/Src/stm32l4xx_hal_rcc_ex.o
                                      0xf357f (size before relaxing)
 .debug_str     0x00000000000fa842      0x2a9 ./Drivers/STM32L4xx_HAL_Driver/Src/stm32l4xx_hal_rtc.o
                                      0xf31f8 (size before relaxing)
 .debug_str     0x00000000000faaeb      0x576 ./Drivers/STM32L4xx_HAL_Driver/Src/stm32l4xx_hal_spi.o
                                      0xf35d8 (size before relaxing)
 .debug_str     0x00000000000fb061      0xe4f ./Drivers/STM32L4xx_HAL_Driver/Src/stm32l4xx_hal_tim.o
                                      0xf40b4 (size before relaxing)
 .debug_str     0x00000000000fbeb0      0x61f ./Drivers/STM32L4xx_HAL_Driver/Src/stm32l4xx_hal_tim_ex.o
                                      0xf39a8 (size before relaxing)
 .debug_str     0x00000000000fc4cf      0x823 ./Drivers/STM32L4xx_HAL_Driver/Src/stm32l4xx_hal_uart.o
                                      0xf39e3 (size before relaxing)
 .debug_str     0x00000000000fccf2      0x185 ./Drivers/STM32L4xx_HAL_Driver/Src/stm32l4xx_hal_uart_ex.o
                                      0xf31d2 (size before relaxing)
 .debug_str     0x00000000000fce77       0x2f ./FATFS/App/fatfs.o
                                      0xf697d (size before relaxing)
 .debug_str     0x00000000000fcea6       0xfc ./FATFS/Target/user_diskio.o
                                      0xf6909 (size before relaxing)
 .debug_str     0x00000000000fcfa2       0xcb ./Middlewares/Third_Party/FatFs/src/ff_gen_drv.o
                                      0xf68db (size before relaxing)

.comment        0x0000000000000000       0x53
 .comment       0x0000000000000000       0x53 ./Core/Src/gpio.o
                                         0x54 (size before relaxing)
 .comment       0x0000000000000053       0x54 ./Core/Src/i2c.o
 .comment       0x0000000000000053       0x54 ./Core/Src/main.o
 .comment       0x0000000000000053       0x54 ./Core/Src/rtc.o
 .comment       0x0000000000000053       0x54 ./Core/Src/spi.o
 .comment       0x0000000000000053       0x54 ./Core/Src/stm32l4xx_hal_msp.o
 .comment       0x0000000000000053       0x54 ./Core/Src/stm32l4xx_it.o
 .comment       0x0000000000000053       0x54 ./Core/Src/system_stm32l4xx.o
 .comment       0x0000000000000053       0x54 ./Core/Src/tim.o
 .comment       0x0000000000000053       0x54 ./Core/Src/usart.o
 .comment       0x0000000000000053       0x54 ./Drivers/STM32L4xx_HAL_Driver/Src/stm32l4xx_hal.o
 .comment       0x0000000000000053       0x54 ./Drivers/STM32L4xx_HAL_Driver/Src/stm32l4xx_hal_cortex.o
 .comment       0x0000000000000053       0x54 ./Drivers/STM32L4xx_HAL_Driver/Src/stm32l4xx_hal_dma.o
 .comment       0x0000000000000053       0x54 ./Drivers/STM32L4xx_HAL_Driver/Src/stm32l4xx_hal_gpio.o
 .comment       0x0000000000000053       0x54 ./Drivers/STM32L4xx_HAL_Driver/Src/stm32l4xx_hal_i2c.o
 .comment       0x0000000000000053       0x54 ./Drivers/STM32L4xx_HAL_Driver/Src/stm32l4xx_hal_i2c_ex.o
 .comment       0x0000000000000053       0x54 ./Drivers/STM32L4xx_HAL_Driver/Src/stm32l4xx_hal_pwr_ex.o
 .comment       0x0000000000000053       0x54 ./Drivers/STM32L4xx_HAL_Driver/Src/stm32l4xx_hal_rcc.o
 .comment       0x0000000000000053       0x54 ./Drivers/STM32L4xx_HAL_Driver/Src/stm32l4xx_hal_rcc_ex.o
 .comment       0x0000000000000053       0x54 ./Drivers/STM32L4xx_HAL_Driver/Src/stm32l4xx_hal_rtc.o
 .comment       0x0000000000000053       0x54 ./Drivers/STM32L4xx_HAL_Driver/Src/stm32l4xx_hal_spi.o
 .comment       0x0000000000000053       0x54 ./Drivers/STM32L4xx_HAL_Driver/Src/stm32l4xx_hal_tim.o
 .comment       0x0000000000000053       0x54 ./Drivers/STM32L4xx_HAL_Driver/Src/stm32l4xx_hal_tim_ex.o
 .comment       0x0000000000000053       0x54 ./Drivers/STM32L4xx_HAL_Driver/Src/stm32l4xx_hal_uart.o
 .comment       0x0000000000000053       0x54 ./Drivers/STM32L4xx_HAL_Driver/Src/stm32l4xx_hal_uart_ex.o
 .comment       0x0000000000000053       0x54 ./FATFS/App/fatfs.o
 .comment       0x0000000000000053       0x54 ./FATFS/Target/user_diskio.o
 .comment       0x0000000000000053       0x54 ./Middlewares/Third_Party/FatFs/src/ff_gen_drv.o

.debug_frame    0x0000000000000000     0x5a80
 .debug_frame   0x0000000000000000       0x34 ./Core/Src/gpio.o
 .debug_frame   0x0000000000000034       0x74 ./Core/Src/i2c.o
 .debug_frame   0x00000000000000a8       0x74 ./Core/Src/main.o
 .debug_frame   0x000000000000011c       0x7c ./Core/Src/rtc.o
 .debug_frame   0x0000000000000198       0x74 ./Core/Src/spi.o
 .debug_frame   0x000000000000020c       0x38 ./Core/Src/stm32l4xx_hal_msp.o
 .debug_frame   0x0000000000000244      0x144 ./Core/Src/stm32l4xx_it.o
 .debug_frame   0x0000000000000388       0x58 ./Core/Src/system_stm32l4xx.o
 .debug_frame   0x00000000000003e0       0x84 ./Core/Src/tim.o
 .debug_frame   0x0000000000000464       0xac ./Core/Src/usart.o
 .debug_frame   0x0000000000000510      0x498 ./Drivers/STM32L4xx_HAL_Driver/Src/stm32l4xx_hal.o
 .debug_frame   0x00000000000009a8      0x498 ./Drivers/STM32L4xx_HAL_Driver/Src/stm32l4xx_hal_cortex.o
 .debug_frame   0x0000000000000e40      0x204 ./Drivers/STM32L4xx_HAL_Driver/Src/stm32l4xx_hal_dma.o
 .debug_frame   0x0000000000001044      0x14c ./Drivers/STM32L4xx_HAL_Driver/Src/stm32l4xx_hal_gpio.o
 .debug_frame   0x0000000000001190      0xbe8 ./Drivers/STM32L4xx_HAL_Driver/Src/stm32l4xx_hal_i2c.o
 .debug_frame   0x0000000000001d78      0x100 ./Drivers/STM32L4xx_HAL_Driver/Src/stm32l4xx_hal_i2c_ex.o
 .debug_frame   0x0000000000001e78      0x544 ./Drivers/STM32L4xx_HAL_Driver/Src/stm32l4xx_hal_pwr_ex.o
 .debug_frame   0x00000000000023bc      0x1f4 ./Drivers/STM32L4xx_HAL_Driver/Src/stm32l4xx_hal_rcc.o
 .debug_frame   0x00000000000025b0      0x2fc ./Drivers/STM32L4xx_HAL_Driver/Src/stm32l4xx_hal_rcc_ex.o
 .debug_frame   0x00000000000028ac      0x32c ./Drivers/STM32L4xx_HAL_Driver/Src/stm32l4xx_hal_rtc.o
 .debug_frame   0x0000000000002bd8      0x860 ./Drivers/STM32L4xx_HAL_Driver/Src/stm32l4xx_hal_spi.o
 .debug_frame   0x0000000000003438     0x121c ./Drivers/STM32L4xx_HAL_Driver/Src/stm32l4xx_hal_tim.o
 .debug_frame   0x0000000000004654      0x6b0 ./Drivers/STM32L4xx_HAL_Driver/Src/stm32l4xx_hal_tim_ex.o
 .debug_frame   0x0000000000004d04      0x974 ./Drivers/STM32L4xx_HAL_Driver/Src/stm32l4xx_hal_uart.o
 .debug_frame   0x0000000000005678      0x170 ./Drivers/STM32L4xx_HAL_Driver/Src/stm32l4xx_hal_uart_ex.o
 .debug_frame   0x00000000000057e8       0x4c ./FATFS/App/fatfs.o
 .debug_frame   0x0000000000005834       0xd8 ./FATFS/Target/user_diskio.o
 .debug_frame   0x000000000000590c       0xc8 ./Middlewares/Third_Party/FatFs/src/ff_gen_drv.o
 .debug_frame   0x00000000000059d4       0x2c c:/st/stm32cubeide_1.7.0/stm32cubeide/plugins/com.st.stm32cube.ide.mcu.externaltools.gnu-tools-for-stm32.9-2020-q2-update.win32_2.0.0.202105311346/tools/bin/../lib/gcc/arm-none-eabi/9.3.1/../../../../arm-none-eabi/lib/thumb/v7e-m+fp/hard\libc_nano.a(lib_a-init.o)
 .debug_frame   0x0000000000005a00       0x20 c:/st/stm32cubeide_1.7.0/stm32cubeide/plugins/com.st.stm32cube.ide.mcu.externaltools.gnu-tools-for-stm32.9-2020-q2-update.win32_2.0.0.202105311346/tools/bin/../lib/gcc/arm-none-eabi/9.3.1/../../../../arm-none-eabi/lib/thumb/v7e-m+fp/hard\libc_nano.a(lib_a-memset.o)
 .debug_frame   0x0000000000005a20       0x2c c:/st/stm32cubeide_1.7.0/stm32cubeide/plugins/com.st.stm32cube.ide.mcu.externaltools.gnu-tools-for-stm32.9-2020-q2-update.win32_2.0.0.202105311346/tools/bin/../lib/gcc/arm-none-eabi/9.3.1/thumb/v7e-m+fp/hard\libgcc.a(_aeabi_uldivmod.o)
 .debug_frame   0x0000000000005a4c       0x34 c:/st/stm32cubeide_1.7.0/stm32cubeide/plugins/com.st.stm32cube.ide.mcu.externaltools.gnu-tools-for-stm32.9-2020-q2-update.win32_2.0.0.202105311346/tools/bin/../lib/gcc/arm-none-eabi/9.3.1/thumb/v7e-m+fp/hard\libgcc.a(_udivmoddi4.o)
